Archive member included to satisfy reference by file (symbol)

E:/STM installation/STM32CubeIDE_1.13.2/STM32CubeIDE/plugins/com.st.stm32cube.ide.mcu.externaltools.gnu-tools-for-stm32.11.3.rel1.win32_1.1.1.202309131626/tools/bin/../lib/gcc/arm-none-eabi/11.3.1/../../../../arm-none-eabi/lib/thumb/v7e-m+fp/hard\libc_nano.a(libc_a-exit.o)
                              E:/STM installation/STM32CubeIDE_1.13.2/STM32CubeIDE/plugins/com.st.stm32cube.ide.mcu.externaltools.gnu-tools-for-stm32.11.3.rel1.win32_1.1.1.202309131626/tools/bin/../lib/gcc/arm-none-eabi/11.3.1/../../../../arm-none-eabi/lib/thumb/v7e-m+fp/hard/crt0.o (exit)
E:/STM installation/STM32CubeIDE_1.13.2/STM32CubeIDE/plugins/com.st.stm32cube.ide.mcu.externaltools.gnu-tools-for-stm32.11.3.rel1.win32_1.1.1.202309131626/tools/bin/../lib/gcc/arm-none-eabi/11.3.1/../../../../arm-none-eabi/lib/thumb/v7e-m+fp/hard\libc_nano.a(libc_a-findfp.o)
                              E:/STM installation/STM32CubeIDE_1.13.2/STM32CubeIDE/plugins/com.st.stm32cube.ide.mcu.externaltools.gnu-tools-for-stm32.11.3.rel1.win32_1.1.1.202309131626/tools/bin/../lib/gcc/arm-none-eabi/11.3.1/../../../../arm-none-eabi/lib/thumb/v7e-m+fp/hard\libc_nano.a(libc_a-exit.o) (__stdio_exit_handler)
E:/STM installation/STM32CubeIDE_1.13.2/STM32CubeIDE/plugins/com.st.stm32cube.ide.mcu.externaltools.gnu-tools-for-stm32.11.3.rel1.win32_1.1.1.202309131626/tools/bin/../lib/gcc/arm-none-eabi/11.3.1/../../../../arm-none-eabi/lib/thumb/v7e-m+fp/hard\libc_nano.a(libc_a-fwalk.o)
                              E:/STM installation/STM32CubeIDE_1.13.2/STM32CubeIDE/plugins/com.st.stm32cube.ide.mcu.externaltools.gnu-tools-for-stm32.11.3.rel1.win32_1.1.1.202309131626/tools/bin/../lib/gcc/arm-none-eabi/11.3.1/../../../../arm-none-eabi/lib/thumb/v7e-m+fp/hard\libc_nano.a(libc_a-findfp.o) (_fwalk_sglue)
E:/STM installation/STM32CubeIDE_1.13.2/STM32CubeIDE/plugins/com.st.stm32cube.ide.mcu.externaltools.gnu-tools-for-stm32.11.3.rel1.win32_1.1.1.202309131626/tools/bin/../lib/gcc/arm-none-eabi/11.3.1/../../../../arm-none-eabi/lib/thumb/v7e-m+fp/hard\libc_nano.a(libc_a-stdio.o)
                              E:/STM installation/STM32CubeIDE_1.13.2/STM32CubeIDE/plugins/com.st.stm32cube.ide.mcu.externaltools.gnu-tools-for-stm32.11.3.rel1.win32_1.1.1.202309131626/tools/bin/../lib/gcc/arm-none-eabi/11.3.1/../../../../arm-none-eabi/lib/thumb/v7e-m+fp/hard\libc_nano.a(libc_a-findfp.o) (__sread)
E:/STM installation/STM32CubeIDE_1.13.2/STM32CubeIDE/plugins/com.st.stm32cube.ide.mcu.externaltools.gnu-tools-for-stm32.11.3.rel1.win32_1.1.1.202309131626/tools/bin/../lib/gcc/arm-none-eabi/11.3.1/../../../../arm-none-eabi/lib/thumb/v7e-m+fp/hard\libc_nano.a(libc_a-memset.o)
                              E:/STM installation/STM32CubeIDE_1.13.2/STM32CubeIDE/plugins/com.st.stm32cube.ide.mcu.externaltools.gnu-tools-for-stm32.11.3.rel1.win32_1.1.1.202309131626/tools/bin/../lib/gcc/arm-none-eabi/11.3.1/../../../../arm-none-eabi/lib/thumb/v7e-m+fp/hard/crt0.o (memset)
E:/STM installation/STM32CubeIDE_1.13.2/STM32CubeIDE/plugins/com.st.stm32cube.ide.mcu.externaltools.gnu-tools-for-stm32.11.3.rel1.win32_1.1.1.202309131626/tools/bin/../lib/gcc/arm-none-eabi/11.3.1/../../../../arm-none-eabi/lib/thumb/v7e-m+fp/hard\libc_nano.a(libc_a-closer.o)
                              E:/STM installation/STM32CubeIDE_1.13.2/STM32CubeIDE/plugins/com.st.stm32cube.ide.mcu.externaltools.gnu-tools-for-stm32.11.3.rel1.win32_1.1.1.202309131626/tools/bin/../lib/gcc/arm-none-eabi/11.3.1/../../../../arm-none-eabi/lib/thumb/v7e-m+fp/hard\libc_nano.a(libc_a-stdio.o) (_close_r)
E:/STM installation/STM32CubeIDE_1.13.2/STM32CubeIDE/plugins/com.st.stm32cube.ide.mcu.externaltools.gnu-tools-for-stm32.11.3.rel1.win32_1.1.1.202309131626/tools/bin/../lib/gcc/arm-none-eabi/11.3.1/../../../../arm-none-eabi/lib/thumb/v7e-m+fp/hard\libc_nano.a(libc_a-reent.o)
                              E:/STM installation/STM32CubeIDE_1.13.2/STM32CubeIDE/plugins/com.st.stm32cube.ide.mcu.externaltools.gnu-tools-for-stm32.11.3.rel1.win32_1.1.1.202309131626/tools/bin/../lib/gcc/arm-none-eabi/11.3.1/../../../../arm-none-eabi/lib/thumb/v7e-m+fp/hard\libc_nano.a(libc_a-closer.o) (errno)
E:/STM installation/STM32CubeIDE_1.13.2/STM32CubeIDE/plugins/com.st.stm32cube.ide.mcu.externaltools.gnu-tools-for-stm32.11.3.rel1.win32_1.1.1.202309131626/tools/bin/../lib/gcc/arm-none-eabi/11.3.1/../../../../arm-none-eabi/lib/thumb/v7e-m+fp/hard\libc_nano.a(libc_a-impure.o)
                              E:/STM installation/STM32CubeIDE_1.13.2/STM32CubeIDE/plugins/com.st.stm32cube.ide.mcu.externaltools.gnu-tools-for-stm32.11.3.rel1.win32_1.1.1.202309131626/tools/bin/../lib/gcc/arm-none-eabi/11.3.1/../../../../arm-none-eabi/lib/thumb/v7e-m+fp/hard\libc_nano.a(libc_a-reent.o) (_impure_ptr)
[...]
Memory Configuration

Name             Origin             Length             Attributes
CCMRAM           0x0000000010000000 0x0000000000010000 xrw
RAM              0x0000000020000000 0x0000000000030000 xrw
FLASH            0x0000000008000000 0x0000000000200000 xr
*default*        0x0000000000000000 0xffffffffffffffff

Linker script and memory map

LOAD E:/STM installation/STM32CubeIDE_1.13.2/STM32CubeIDE/plugins/com.st.stm32cube.ide.mcu.externaltools.gnu-tools-for-stm32.11.3.rel1.win32_1.1.1.202309131626/tools/bin/../lib/gcc/arm-none-eabi/11.3.1/thumb/v7e-m+fp/hard/crti.o
LOAD E:/STM installation/STM32CubeIDE_1.13.2/STM32CubeIDE/plugins/com.st.stm32cube.ide.mcu.externaltools.gnu-tools-for-stm32.11.3.rel1.win32_1.1.1.202309131626/tools/bin/../lib/gcc/arm-none-eabi/11.3.1/thumb/v7e-m+fp/hard/crtbegin.o
LOAD E:/STM installation/STM32CubeIDE_1.13.2/STM32CubeIDE/plugins/com.st.stm32cube.ide.mcu.externaltools.gnu-tools-for-stm32.11.3.rel1.win32_1.1.1.202309131626/tools/bin/../lib/gcc/arm-none-eabi/11.3.1/../../../../arm-none-eabi/lib/thumb/v7e-m+fp/hard/crt0.o
LOAD ./Core/Src/adc.o
LOAD ./Core/Src/main.o
LOAD ./Core/Src/segment.o
LOAD ./Core/Src/stm32f4xx_hal_msp.o
LOAD ./Core/Src/stm32f4xx_it.o
LOAD ./Core/Src/syscalls.o
LOAD ./Core/Src/sysmem.o
LOAD ./Core/Src/system_stm32f4xx.o
LOAD ./Core/Startup/startup_stm32f429zitx.o
LOAD ./Drivers/STM32F4xx_HAL_Driver/Src/stm32f4xx_hal.o
LOAD ./Drivers/STM32F4xx_HAL_Driver/Src/stm32f4xx_hal_adc.o
LOAD ./Drivers/STM32F4xx_HAL_Driver/Src/stm32f4xx_hal_adc_ex.o
LOAD ./Drivers/STM32F4xx_HAL_Driver/Src/stm32f4xx_hal_can.o
LOAD ./Drivers/STM32F4xx_HAL_Driver/Src/stm32f4xx_hal_cortex.o
LOAD ./Drivers/STM32F4xx_HAL_Driver/Src/stm32f4xx_hal_dma.o
LOAD ./Drivers/STM32F4xx_HAL_Driver/Src/stm32f4xx_hal_dma_ex.o
LOAD ./Drivers/STM32F4xx_HAL_Driver/Src/stm32f4xx_hal_exti.o
LOAD ./Drivers/STM32F4xx_HAL_Driver/Src/stm32f4xx_hal_flash.o
LOAD ./Drivers/STM32F4xx_HAL_Driver/Src/stm32f4xx_hal_flash_ex.o
LOAD ./Drivers/STM32F4xx_HAL_Driver/Src/stm32f4xx_hal_flash_ramfunc.o
LOAD ./Drivers/STM32F4xx_HAL_Driver/Src/stm32f4xx_hal_gpio.o
LOAD ./Drivers/STM32F4xx_HAL_Driver/Src/stm32f4xx_hal_pwr.o
LOAD ./Drivers/STM32F4xx_HAL_Driver/Src/stm32f4xx_hal_pwr_ex.o
LOAD ./Drivers/STM32F4xx_HAL_Driver/Src/stm32f4xx_hal_rcc.o
LOAD ./Drivers/STM32F4xx_HAL_Driver/Src/stm32f4xx_hal_rcc_ex.o
LOAD ./Drivers/STM32F4xx_HAL_Driver/Src/stm32f4xx_hal_tim.o
LOAD ./Drivers/STM32F4xx_HAL_Driver/Src/stm32f4xx_hal_tim_ex.o
LOAD ./Drivers/STM32F4xx_HAL_Driver/Src/stm32f4xx_ll_adc.o
START GROUP
LOAD E:/STM installation/STM32CubeIDE_1.13.2/STM32CubeIDE/plugins/com.st.stm32cube.ide.mcu.externaltools.gnu-tools-for-stm32.11.3.rel1.win32_1.1.1.202309131626/tools/bin/../lib/gcc/arm-none-eabi/11.3.1/../../../../arm-none-eabi/lib/thumb/v7e-m+fp/hard\libc_nano.a
LOAD E:/STM installation/STM32CubeIDE_1.13.2/STM32CubeIDE/plugins/com.st.stm32cube.ide.mcu.externaltools.gnu-tools-for-stm32.11.3.rel1.win32_1.1.1.202309131626/tools/bin/../lib/gcc/arm-none-eabi/11.3.1/../../../../arm-none-eabi/lib/thumb/v7e-m+fp/hard\libm.a
END GROUP
START GROUP
LOAD E:/STM installation/STM32CubeIDE_1.13.2/STM32CubeIDE/plugins/com.st.stm32cube.ide.mcu.externaltools.gnu-tools-for-stm32.11.3.rel1.win32_1.1.1.202309131626/tools/bin/../lib/gcc/arm-none-eabi/11.3.1/thumb/v7e-m+fp/hard\libgcc.a
LOAD E:/STM installation/STM32CubeIDE_1.13.2/STM32CubeIDE/plugins/com.st.stm32cube.ide.mcu.externaltools.gnu-tools-for-stm32.11.3.rel1.win32_1.1.1.202309131626/tools/bin/../lib/gcc/arm-none-eabi/11.3.1/../../../../arm-none-eabi/lib/thumb/v7e-m+fp/hard\libc_nano.a
END GROUP
START GROUP
LOAD E:/STM installation/STM32CubeIDE_1.13.2/STM32CubeIDE/plugins/com.st.stm32cube.ide.mcu.externaltools.gnu-tools-for-stm32.11.3.rel1.win32_1.1.1.202309131626/tools/bin/../lib/gcc/arm-none-eabi/11.3.1/thumb/v7e-m+fp/hard\libgcc.a
LOAD E:/STM installation/STM32CubeIDE_1.13.2/STM32CubeIDE/plugins/com.st.stm32cube.ide.mcu.externaltools.gnu-tools-for-stm32.11.3.rel1.win32_1.1.1.202309131626/tools/bin/../lib/gcc/arm-none-eabi/11.3.1/../../../../arm-none-eabi/lib/thumb/v7e-m+fp/hard\libc_nano.a
LOAD E:/STM installation/STM32CubeIDE_1.13.2/STM32CubeIDE/plugins/com.st.stm32cube.ide.mcu.externaltools.gnu-tools-for-stm32.11.3.rel1.win32_1.1.1.202309131626/tools/bin/../lib/gcc/arm-none-eabi/11.3.1/../../../../arm-none-eabi/lib/thumb/v7e-m+fp/hard\libnosys.a
END GROUP
START GROUP
LOAD E:/STM installation/STM32CubeIDE_1.13.2/STM32CubeIDE/plugins/com.st.stm32cube.ide.mcu.externaltools.gnu-tools-for-stm32.11.3.rel1.win32_1.1.1.202309131626/tools/bin/../lib/gcc/arm-none-eabi/11.3.1/thumb/v7e-m+fp/hard\libgcc.a
LOAD E:/STM installation/STM32CubeIDE_1.13.2/STM32CubeIDE/plugins/com.st.stm32cube.ide.mcu.externaltools.gnu-tools-for-stm32.11.3.rel1.win32_1.1.1.202309131626/tools/bin/../lib/gcc/arm-none-eabi/11.3.1/../../../../arm-none-eabi/lib/thumb/v7e-m+fp/hard\libc_nano.a
LOAD E:/STM installation/STM32CubeIDE_1.13.2/STM32CubeIDE/plugins/com.st.stm32cube.ide.mcu.externaltools.gnu-tools-for-stm32.11.3.rel1.win32_1.1.1.202309131626/tools/bin/../lib/gcc/arm-none-eabi/11.3.1/../../../../arm-none-eabi/lib/thumb/v7e-m+fp/hard\libnosys.a
END GROUP
LOAD E:/STM installation/STM32CubeIDE_1.13.2/STM32CubeIDE/plugins/com.st.stm32cube.ide.mcu.externaltools.gnu-tools-for-stm32.11.3.rel1.win32_1.1.1.202309131626/tools/bin/../lib/gcc/arm-none-eabi/11.3.1/thumb/v7e-m+fp/hard/crtend.o
LOAD E:/STM installation/STM32CubeIDE_1.13.2/STM32CubeIDE/plugins/com.st.stm32cube.ide.mcu.externaltools.gnu-tools-for-stm32.11.3.rel1.win32_1.1.1.202309131626/tools/bin/../lib/gcc/arm-none-eabi/11.3.1/thumb/v7e-m+fp/hard/crtn.o
                0x0000000020030000                _estack = (ORIGIN (RAM) + LENGTH (RAM))
                0x0000000000000200                _Min_Heap_Size = 0x200
                0x0000000000000400                _Min_Stack_Size = 0x400

.isr_vector     0x0000000008000000      0x1ac
                0x0000000008000000                . = ALIGN (0x4)
 *(.isr_vector)
 .isr_vector    0x0000000008000000      0x1ac ./Core/Startup/startup_stm32f429zitx.o
                0x0000000008000000                g_pfnVectors
                0x00000000080001ac                . = ALIGN (0x4)

.text           0x00000000080001b0     0x5bd4
                0x00000000080001b0                . = ALIGN (0x4)
 *(.text)
 .text          0x00000000080001b0       0x40 E:/STM installation/STM32CubeIDE_1.13.2/STM32CubeIDE/plugins/com.st.stm32cube.ide.mcu.externaltools.gnu-tools-for-stm32.11.3.rel1.win32_1.1.1.202309131626/tools/bin/../lib/gcc/arm-none-eabi/11.3.1/thumb/v7e-m+fp/hard/crtbegin.o
 .text          0x00000000080001f0      0x378 E:/STM installation/STM32CubeIDE_1.13.2/STM32CubeIDE/plugins/com.st.stm32cube.ide.mcu.externaltools.gnu-tools-for-stm32.11.3.rel1.win32_1.1.1.202309131626/tools/bin/../lib/gcc/arm-none-eabi/11.3.1/thumb/v7e-m+fp/hard\libgcc.a(_arm_addsubdf3.o)
                0x00000000080001f0                __aeabi_drsub
                0x00000000080001f8                __aeabi_dsub
                0x00000000080001f8                __subdf3
                0x00000000080001fc                __aeabi_dadd
                0x00000000080001fc                __adddf3
                0x0000000008000474                __floatunsidf
                0x0000000008000474                __aeabi_ui2d
                0x0000000008000494                __floatsidf
                0x0000000008000494                __aeabi_i2d
                0x00000000080004b8                __aeabi_f2d
                0x00000000080004b8                __extendsfdf2
                0x00000000080004fc                __floatundidf
                0x00000000080004fc                __aeabi_ul2d
                0x000000000800050c                __floatdidf
                0x000000000800050c                __aeabi_l2d
 .text          0x0000000008000568      0x424 E:/STM installation/STM32CubeIDE_1.13.2/STM32CubeIDE/plugins/com.st.stm32cube.ide.mcu.externaltools.gnu-tools-for-stm32.11.3.rel1.win32_1.1.1.202309131626/tools/bin/../lib/gcc/arm-none-eabi/11.3.1/thumb/v7e-m+fp/hard\libgcc.a(_arm_muldivdf3.o)
                0x0000000008000568                __aeabi_dmul
                0x0000000008000568                __muldf3
                0x00000000080007bc                __divdf3
                0x00000000080007bc                __aeabi_ddiv
 .text          0x000000000800098c      0x110 E:/STM installation/STM32CubeIDE_1.13.2/STM32CubeIDE/plugins/com.st.stm32cube.ide.mcu.externaltools.gnu-tools-for-stm32.11.3.rel1.win32_1.1.1.202309131626/tools/bin/../lib/gcc/arm-none-eabi/11.3.1/thumb/v7e-m+fp/hard\libgcc.a(_arm_cmpdf2.o)
                0x000000000800098c                __gtdf2
                0x000000000800098c                __gedf2
                0x0000000008000994                __ltdf2
                0x0000000008000994                __ledf2
                0x000000000800099c                __nedf2
                0x000000000800099c                __eqdf2
                0x000000000800099c                __cmpdf2
                0x0000000008000a18                __aeabi_cdrcmple
                0x0000000008000a28                __aeabi_cdcmpeq
                0x0000000008000a28                __aeabi_cdcmple
                0x0000000008000a38                __aeabi_dcmpeq
                0x0000000008000a4c                __aeabi_dcmplt
                0x0000000008000a60                __aeabi_dcmple
                0x0000000008000a74                __aeabi_dcmpge
                0x0000000008000a88                __aeabi_dcmpgt
 .text          0x0000000008000a9c       0x40 E:/STM installation/STM32CubeIDE_1.13.2/STM32CubeIDE/plugins/com.st.stm32cube.ide.mcu.externaltools.gnu-tools-for-stm32.11.3.rel1.win32_1.1.1.202309131626/tools/bin/../lib/gcc/arm-none-eabi/11.3.1/thumb/v7e-m+fp/hard\libgcc.a(_arm_fixunsdfsi.o)
                0x0000000008000a9c                __aeabi_d2uiz
                0x0000000008000a9c                __fixunsdfsi
 .text          0x0000000008000adc       0xa0 E:/STM installation/STM32CubeIDE_1.13.2/STM32CubeIDE/plugins/com.st.stm32cube.ide.mcu.externaltools.gnu-tools-for-stm32.11.3.rel1.win32_1.1.1.202309131626/tools/bin/../lib/gcc/arm-none-eabi/11.3.1/thumb/v7e-m+fp/hard\libgcc.a(_arm_truncdfsf2.o)
                0x0000000008000adc                __truncdfsf2
                0x0000000008000adc                __aeabi_d2f
 .text          0x0000000008000b7c       0x30 E:/STM installation/STM32CubeIDE_1.13.2/STM32CubeIDE/plugins/com.st.stm32cube.ide.mcu.externaltools.gnu-tools-for-stm32.11.3.rel1.win32_1.1.1.202309131626/tools/bin/../lib/gcc/arm-none-eabi/11.3.1/thumb/v7e-m+fp/hard\libgcc.a(_aeabi_uldivmod.o)
                0x0000000008000b7c                __aeabi_uldivmod
 .text          0x0000000008000bac      0x2c8 E:/STM installation/STM32CubeIDE_1.13.2/STM32CubeIDE/plugins/com.st.stm32cube.ide.mcu.externaltools.gnu-tools-for-stm32.11.3.rel1.win32_1.1.1.202309131626/tools/bin/../lib/gcc/arm-none-eabi/11.3.1/thumb/v7e-m+fp/hard\libgcc.a(_udivmoddi4.o)
                0x0000000008000bac                __udivmoddi4
 .text          0x0000000008000e74        0x4 E:/STM installation/STM32CubeIDE_1.13.2/STM32CubeIDE/plugins/com.st.stm32cube.ide.mcu.externaltools.gnu-tools-for-stm32.11.3.rel1.win32_1.1.1.202309131626/tools/bin/../lib/gcc/arm-none-eabi/11.3.1/thumb/v7e-m+fp/hard\libgcc.a(_dvmd_tls.o)
                0x0000000008000e74                __aeabi_idiv0
                0x0000000008000e74                __aeabi_ldiv0
 *(.text*)
 .text.ADC_Read
                0x0000000008000e78       0x54 ./Core/Src/adc.o
                0x0000000008000e78                ADC_Read
 *fill*         0x0000000008000ecc        0x4 
 .text.main     0x0000000008000ed0      0x974 ./Core/Src/main.o
                0x0000000008000ed0                main
 .text.SystemClock_Config
                0x0000000008001844       0xc0 ./Core/Src/main.o
                0x0000000008001844                SystemClock_Config
 .text.MX_ADC1_Init
                0x0000000008001904       0xa4 ./Core/Src/main.o
 .text.MX_ADC3_Init
                0x00000000080019a8       0xa4 ./Core/Src/main.o
 .text.MX_CAN1_Init
                0x0000000008001a4c       0x6c ./Core/Src/main.o
 .text.MX_CAN2_Init
                0x0000000008001ab8       0x6c ./Core/Src/main.o
 .text.MX_TIM5_Init
                0x0000000008001b24       0xa0 ./Core/Src/main.o
 .text.MX_TIM6_Init
                0x0000000008001bc4       0x6c ./Core/Src/main.o
 .text.MX_TIM7_Init
                0x0000000008001c30       0x6c ./Core/Src/main.o
 .text.MX_GPIO_Init
                0x0000000008001c9c      0x234 ./Core/Src/main.o
 .text.CAN_Start
                0x0000000008001ed0       0xd4 ./Core/Src/main.o
                0x0000000008001ed0                CAN_Start
 .text.CAN_Tx   0x0000000008001fa4       0x5c ./Core/Src/main.o
                0x0000000008001fa4                CAN_Tx
 .text.HAL_CAN_RxFifo0MsgPendingCallback
                0x0000000008002000       0xcc ./Core/Src/main.o
                0x0000000008002000                HAL_CAN_RxFifo0MsgPendingCallback
 .text.map      0x00000000080020cc       0x9c ./Core/Src/main.o
                0x00000000080020cc                map
 .text.implausiblityCheck
                0x0000000008002168       0x74 ./Core/Src/main.o
                0x0000000008002168                implausiblityCheck
 .text.softBSPD
                0x00000000080021dc       0xd4 ./Core/Src/main.o
                0x00000000080021dc                softBSPD
 .text.HAL_GPIO_EXTI_Callback
                0x00000000080022b0       0x8c ./Core/Src/main.o
                0x00000000080022b0                HAL_GPIO_EXTI_Callback
 .text.HAL_TIM_PeriodElapsedCallback
                0x000000000800233c      0x190 ./Core/Src/main.o
                0x000000000800233c                HAL_TIM_PeriodElapsedCallback
 .text.CAN_Transmit_Messages
                0x00000000080024cc      0x388 ./Core/Src/main.o
                0x00000000080024cc                CAN_Transmit_Messages
 .text.eq_CAN_Tx
                0x0000000008002854       0xd8 ./Core/Src/main.o
                0x0000000008002854                eq_CAN_Tx
 .text.dq_CAN_Tx
                0x000000000800292c       0x74 ./Core/Src/main.o
                0x000000000800292c                dq_CAN_Tx
 .text.Error_Handler
                0x00000000080029a0        0xa ./Core/Src/main.o
                0x00000000080029a0                Error_Handler
 *fill*         0x00000000080029aa        0x2 
 .text.HAL_MspInit
                0x00000000080029ac       0x50 ./Core/Src/stm32f4xx_hal_msp.o
                0x00000000080029ac                HAL_MspInit
 .text.HAL_ADC_MspInit
                0x00000000080029fc      0x124 ./Core/Src/stm32f4xx_hal_msp.o
                0x00000000080029fc                HAL_ADC_MspInit
 .text.HAL_CAN_MspInit
                0x0000000008002b20      0x194 ./Core/Src/stm32f4xx_hal_msp.o
                0x0000000008002b20                HAL_CAN_MspInit
 .text.HAL_TIM_Base_MspInit
                0x0000000008002cb4       0xc8 ./Core/Src/stm32f4xx_hal_msp.o
                0x0000000008002cb4                HAL_TIM_Base_MspInit
 .text.NMI_Handler
                0x0000000008002d7c        0x6 ./Core/Src/stm32f4xx_it.o
                0x0000000008002d7c                NMI_Handler
 .text.HardFault_Handler
                0x0000000008002d82        0x6 ./Core/Src/stm32f4xx_it.o
                0x0000000008002d82                HardFault_Handler
 .text.MemManage_Handler
                0x0000000008002d88        0x6 ./Core/Src/stm32f4xx_it.o
                0x0000000008002d88                MemManage_Handler
 .text.BusFault_Handler
                0x0000000008002d8e        0x6 ./Core/Src/stm32f4xx_it.o
                0x0000000008002d8e                BusFault_Handler
 .text.UsageFault_Handler
                0x0000000008002d94        0x6 ./Core/Src/stm32f4xx_it.o
                0x0000000008002d94                UsageFault_Handler
 .text.SVC_Handler
                0x0000000008002d9a        0xe ./Core/Src/stm32f4xx_it.o
                0x0000000008002d9a                SVC_Handler
 .text.DebugMon_Handler
                0x0000000008002da8        0xe ./Core/Src/stm32f4xx_it.o
                0x0000000008002da8                DebugMon_Handler
 .text.PendSV_Handler
                0x0000000008002db6        0xe ./Core/Src/stm32f4xx_it.o
                0x0000000008002db6                PendSV_Handler
 .text.SysTick_Handler
                0x0000000008002dc4        0xc ./Core/Src/stm32f4xx_it.o
                0x0000000008002dc4                SysTick_Handler
 .text.EXTI3_IRQHandler
                0x0000000008002dd0        0xe ./Core/Src/stm32f4xx_it.o
                0x0000000008002dd0                EXTI3_IRQHandler
 *fill*         0x0000000008002dde        0x2 
 .text.CAN1_RX0_IRQHandler
                0x0000000008002de0       0x14 ./Core/Src/stm32f4xx_it.o
                0x0000000008002de0                CAN1_RX0_IRQHandler
 .text.CAN1_RX1_IRQHandler
                0x0000000008002df4       0x14 ./Core/Src/stm32f4xx_it.o
                0x0000000008002df4                CAN1_RX1_IRQHandler
 .text.CAN1_SCE_IRQHandler
                0x0000000008002e08       0x14 ./Core/Src/stm32f4xx_it.o
                0x0000000008002e08                CAN1_SCE_IRQHandler
 .text.EXTI15_10_IRQHandler
                0x0000000008002e1c       0x18 ./Core/Src/stm32f4xx_it.o
                0x0000000008002e1c                EXTI15_10_IRQHandler
 .text.TIM5_IRQHandler
                0x0000000008002e34       0x14 ./Core/Src/stm32f4xx_it.o
                0x0000000008002e34                TIM5_IRQHandler
 .text.TIM6_DAC_IRQHandler
                0x0000000008002e48       0x14 ./Core/Src/stm32f4xx_it.o
                0x0000000008002e48                TIM6_DAC_IRQHandler
 .text.TIM7_IRQHandler
                0x0000000008002e5c       0x14 ./Core/Src/stm32f4xx_it.o
                0x0000000008002e5c                TIM7_IRQHandler
 .text.CAN2_RX0_IRQHandler
                0x0000000008002e70       0x14 ./Core/Src/stm32f4xx_it.o
                0x0000000008002e70                CAN2_RX0_IRQHandler
 .text.CAN2_RX1_IRQHandler
                0x0000000008002e84       0x14 ./Core/Src/stm32f4xx_it.o
                0x0000000008002e84                CAN2_RX1_IRQHandler
 .text.SystemInit
                0x0000000008002e98       0x24 ./Core/Src/system_stm32f4xx.o
                0x0000000008002e98                SystemInit
 .text.Reset_Handler
                0x0000000008002ebc       0x50 ./Core/Startup/startup_stm32f429zitx.o
                0x0000000008002ebc                Reset_Handler
 .text.Default_Handler
                0x0000000008002f0c        0x2 ./Core/Startup/startup_stm32f429zitx.o
                0x0000000008002f0c                RTC_Alarm_IRQHandler
                0x0000000008002f0c                HASH_RNG_IRQHandler
                0x0000000008002f0c                EXTI2_IRQHandler
                0x0000000008002f0c                TIM8_CC_IRQHandler
                0x0000000008002f0c                UART8_IRQHandler
                0x0000000008002f0c                SPI4_IRQHandler
                0x0000000008002f0c                TIM1_CC_IRQHandler
                0x0000000008002f0c                DMA2_Stream5_IRQHandler
                0x0000000008002f0c                DMA1_Stream5_IRQHandler
                0x0000000008002f0c                PVD_IRQHandler
                0x0000000008002f0c                SDIO_IRQHandler
                0x0000000008002f0c                TAMP_STAMP_IRQHandler
                0x0000000008002f0c                TIM8_TRG_COM_TIM14_IRQHandler
                0x0000000008002f0c                TIM1_UP_TIM10_IRQHandler
                0x0000000008002f0c                TIM8_UP_TIM13_IRQHandler
                0x0000000008002f0c                I2C3_ER_IRQHandler
                0x0000000008002f0c                EXTI0_IRQHandler
                0x0000000008002f0c                I2C2_EV_IRQHandler
                0x0000000008002f0c                DMA1_Stream2_IRQHandler
                0x0000000008002f0c                FPU_IRQHandler
                0x0000000008002f0c                OTG_HS_WKUP_IRQHandler
                0x0000000008002f0c                LTDC_ER_IRQHandler
                0x0000000008002f0c                CAN2_SCE_IRQHandler
                0x0000000008002f0c                DMA2_Stream2_IRQHandler
                0x0000000008002f0c                SPI1_IRQHandler
                0x0000000008002f0c                TIM1_BRK_TIM9_IRQHandler
                0x0000000008002f0c                DCMI_IRQHandler
                0x0000000008002f0c                DMA2_Stream3_IRQHandler
                0x0000000008002f0c                USART6_IRQHandler
                0x0000000008002f0c                USART3_IRQHandler
                0x0000000008002f0c                UART5_IRQHandler
                0x0000000008002f0c                DMA2_Stream0_IRQHandler
                0x0000000008002f0c                TIM4_IRQHandler
                0x0000000008002f0c                I2C1_EV_IRQHandler
                0x0000000008002f0c                DMA1_Stream6_IRQHandler
                0x0000000008002f0c                DMA1_Stream1_IRQHandler
                0x0000000008002f0c                UART4_IRQHandler
                0x0000000008002f0c                TIM3_IRQHandler
                0x0000000008002f0c                RCC_IRQHandler
                0x0000000008002f0c                TIM8_BRK_TIM12_IRQHandler
                0x0000000008002f0c                Default_Handler
                0x0000000008002f0c                ADC_IRQHandler
                0x0000000008002f0c                DMA1_Stream7_IRQHandler
                0x0000000008002f0c                SPI5_IRQHandler
                0x0000000008002f0c                CAN2_TX_IRQHandler
                0x0000000008002f0c                DMA2_Stream7_IRQHandler
                0x0000000008002f0c                I2C3_EV_IRQHandler
                0x0000000008002f0c                EXTI9_5_IRQHandler
                0x0000000008002f0c                RTC_WKUP_IRQHandler
                0x0000000008002f0c                LTDC_IRQHandler
                0x0000000008002f0c                ETH_WKUP_IRQHandler
                0x0000000008002f0c                SPI2_IRQHandler
                0x0000000008002f0c                OTG_HS_EP1_IN_IRQHandler
                0x0000000008002f0c                DMA1_Stream0_IRQHandler
                0x0000000008002f0c                CAN1_TX_IRQHandler
                0x0000000008002f0c                EXTI4_IRQHandler
                0x0000000008002f0c                ETH_IRQHandler
                0x0000000008002f0c                OTG_HS_EP1_OUT_IRQHandler
                0x0000000008002f0c                WWDG_IRQHandler
                0x0000000008002f0c                SPI6_IRQHandler
                0x0000000008002f0c                TIM2_IRQHandler
                0x0000000008002f0c                OTG_FS_WKUP_IRQHandler
                0x0000000008002f0c                TIM1_TRG_COM_TIM11_IRQHandler
                0x0000000008002f0c                OTG_HS_IRQHandler
                0x0000000008002f0c                DMA2D_IRQHandler
                0x0000000008002f0c                EXTI1_IRQHandler
                0x0000000008002f0c                UART7_IRQHandler
                0x0000000008002f0c                USART2_IRQHandler
                0x0000000008002f0c                I2C2_ER_IRQHandler
                0x0000000008002f0c                DMA2_Stream1_IRQHandler
                0x0000000008002f0c                FLASH_IRQHandler
                0x0000000008002f0c                DMA2_Stream4_IRQHandler
                0x0000000008002f0c                USART1_IRQHandler
                0x0000000008002f0c                OTG_FS_IRQHandler
                0x0000000008002f0c                SPI3_IRQHandler
                0x0000000008002f0c                DMA1_Stream4_IRQHandler
                0x0000000008002f0c                I2C1_ER_IRQHandler
                0x0000000008002f0c                FMC_IRQHandler
                0x0000000008002f0c                DMA2_Stream6_IRQHandler
                0x0000000008002f0c                SAI1_IRQHandler
                0x0000000008002f0c                DMA1_Stream3_IRQHandler
 *fill*         0x0000000008002f0e        0x2 
 .text.HAL_Init
                0x0000000008002f10       0x44 ./Drivers/STM32F4xx_HAL_Driver/Src/stm32f4xx_hal.o
                0x0000000008002f10                HAL_Init
 .text.HAL_InitTick
                0x0000000008002f54       0x60 ./Drivers/STM32F4xx_HAL_Driver/Src/stm32f4xx_hal.o
                0x0000000008002f54                HAL_InitTick
 .text.HAL_IncTick
                0x0000000008002fb4       0x28 ./Drivers/STM32F4xx_HAL_Driver/Src/stm32f4xx_hal.o
                0x0000000008002fb4                HAL_IncTick
 .text.HAL_GetTick
                0x0000000008002fdc       0x18 ./Drivers/STM32F4xx_HAL_Driver/Src/stm32f4xx_hal.o
                0x0000000008002fdc                HAL_GetTick
 .text.HAL_ADC_Init
                0x0000000008002ff4       0x86 ./Drivers/STM32F4xx_HAL_Driver/Src/stm32f4xx_hal_adc.o
                0x0000000008002ff4                HAL_ADC_Init
 *fill*         0x000000000800307a        0x2 
 .text.HAL_ADC_Start
                0x000000000800307c      0x1a4 ./Drivers/STM32F4xx_HAL_Driver/Src/stm32f4xx_hal_adc.o
                0x000000000800307c                HAL_ADC_Start
 .text.HAL_ADC_Stop
                0x0000000008003220       0x66 ./Drivers/STM32F4xx_HAL_Driver/Src/stm32f4xx_hal_adc.o
                0x0000000008003220                HAL_ADC_Stop
 .text.HAL_ADC_PollForConversion
                0x0000000008003286      0x116 ./Drivers/STM32F4xx_HAL_Driver/Src/stm32f4xx_hal_adc.o
                0x0000000008003286                HAL_ADC_PollForConversion
 .text.HAL_ADC_GetValue
                0x000000000800339c       0x1a ./Drivers/STM32F4xx_HAL_Driver/Src/stm32f4xx_hal_adc.o
                0x000000000800339c                HAL_ADC_GetValue
 *fill*         0x00000000080033b6        0x2 
 .text.HAL_ADC_ConfigChannel
                0x00000000080033b8      0x264 ./Drivers/STM32F4xx_HAL_Driver/Src/stm32f4xx_hal_adc.o
                0x00000000080033b8                HAL_ADC_ConfigChannel
 .text.ADC_Init
                0x000000000800361c      0x1f8 ./Drivers/STM32F4xx_HAL_Driver/Src/stm32f4xx_hal_adc.o
 .text.HAL_CAN_Init
                0x0000000008003814      0x1f6 ./Drivers/STM32F4xx_HAL_Driver/Src/stm32f4xx_hal_can.o
                0x0000000008003814                HAL_CAN_Init
 *fill*         0x0000000008003a0a        0x2 
 .text.HAL_CAN_ConfigFilter
                0x0000000008003a0c      0x1c0 ./Drivers/STM32F4xx_HAL_Driver/Src/stm32f4xx_hal_can.o
                0x0000000008003a0c                HAL_CAN_ConfigFilter
 .text.HAL_CAN_Start
                0x0000000008003bcc       0x88 ./Drivers/STM32F4xx_HAL_Driver/Src/stm32f4xx_hal_can.o
                0x0000000008003bcc                HAL_CAN_Start
 .text.HAL_CAN_AddTxMessage
                0x0000000008003c54      0x1b6 ./Drivers/STM32F4xx_HAL_Driver/Src/stm32f4xx_hal_can.o
                0x0000000008003c54                HAL_CAN_AddTxMessage
 .text.HAL_CAN_GetTxMailboxesFreeLevel
                0x0000000008003e0a       0x6a ./Drivers/STM32F4xx_HAL_Driver/Src/stm32f4xx_hal_can.o
                0x0000000008003e0a                HAL_CAN_GetTxMailboxesFreeLevel
 .text.HAL_CAN_GetRxMessage
                0x0000000008003e74      0x224 ./Drivers/STM32F4xx_HAL_Driver/Src/stm32f4xx_hal_can.o
                0x0000000008003e74                HAL_CAN_GetRxMessage
 .text.HAL_CAN_ActivateNotification
                0x0000000008004098       0x4c ./Drivers/STM32F4xx_HAL_Driver/Src/stm32f4xx_hal_can.o
                0x0000000008004098                HAL_CAN_ActivateNotification
 .text.HAL_CAN_IRQHandler
                0x00000000080040e4      0x36e ./Drivers/STM32F4xx_HAL_Driver/Src/stm32f4xx_hal_can.o
                0x00000000080040e4                HAL_CAN_IRQHandler
 .text.HAL_CAN_TxMailbox0CompleteCallback
                0x0000000008004452       0x14 ./Drivers/STM32F4xx_HAL_Driver/Src/stm32f4xx_hal_can.o
                0x0000000008004452                HAL_CAN_TxMailbox0CompleteCallback
 .text.HAL_CAN_TxMailbox1CompleteCallback
                0x0000000008004466       0x14 ./Drivers/STM32F4xx_HAL_Driver/Src/stm32f4xx_hal_can.o
                0x0000000008004466                HAL_CAN_TxMailbox1CompleteCallback
 .text.HAL_CAN_TxMailbox2CompleteCallback
                0x000000000800447a       0x14 ./Drivers/STM32F4xx_HAL_Driver/Src/stm32f4xx_hal_can.o
                0x000000000800447a                HAL_CAN_TxMailbox2CompleteCallback
 .text.HAL_CAN_TxMailbox0AbortCallback
                0x000000000800448e       0x14 ./Drivers/STM32F4xx_HAL_Driver/Src/stm32f4xx_hal_can.o
                0x000000000800448e                HAL_CAN_TxMailbox0AbortCallback
 .text.HAL_CAN_TxMailbox1AbortCallback
                0x00000000080044a2       0x14 ./Drivers/STM32F4xx_HAL_Driver/Src/stm32f4xx_hal_can.o
                0x00000000080044a2                HAL_CAN_TxMailbox1AbortCallback
 .text.HAL_CAN_TxMailbox2AbortCallback
                0x00000000080044b6       0x14 ./Drivers/STM32F4xx_HAL_Driver/Src/stm32f4xx_hal_can.o
                0x00000000080044b6                HAL_CAN_TxMailbox2AbortCallback
 .text.HAL_CAN_RxFifo0FullCallback
                0x00000000080044ca       0x14 ./Drivers/STM32F4xx_HAL_Driver/Src/stm32f4xx_hal_can.o
                0x00000000080044ca                HAL_CAN_RxFifo0FullCallback
 .text.HAL_CAN_RxFifo1MsgPendingCallback
                0x00000000080044de       0x14 ./Drivers/STM32F4xx_HAL_Driver/Src/stm32f4xx_hal_can.o
                0x00000000080044de                HAL_CAN_RxFifo1MsgPendingCallback
 .text.HAL_CAN_RxFifo1FullCallback
                0x00000000080044f2       0x14 ./Drivers/STM32F4xx_HAL_Driver/Src/stm32f4xx_hal_can.o
                0x00000000080044f2                HAL_CAN_RxFifo1FullCallback
 .text.HAL_CAN_SleepCallback
                0x0000000008004506       0x14 ./Drivers/STM32F4xx_HAL_Driver/Src/stm32f4xx_hal_can.o
                0x0000000008004506                HAL_CAN_SleepCallback
 .text.HAL_CAN_WakeUpFromRxMsgCallback
                0x000000000800451a       0x14 ./Drivers/STM32F4xx_HAL_Driver/Src/stm32f4xx_hal_can.o
                0x000000000800451a                HAL_CAN_WakeUpFromRxMsgCallback
 .text.HAL_CAN_ErrorCallback
                0x000000000800452e       0x14 ./Drivers/STM32F4xx_HAL_Driver/Src/stm32f4xx_hal_can.o
                0x000000000800452e                HAL_CAN_ErrorCallback
 *fill*         0x0000000008004542        0x2 
 .text.__NVIC_SetPriorityGrouping
                0x0000000008004544       0x48 ./Drivers/STM32F4xx_HAL_Driver/Src/stm32f4xx_hal_cortex.o
 .text.__NVIC_GetPriorityGrouping
                0x000000000800458c       0x1c ./Drivers/STM32F4xx_HAL_Driver/Src/stm32f4xx_hal_cortex.o
 .text.__NVIC_EnableIRQ
                0x00000000080045a8       0x3c ./Drivers/STM32F4xx_HAL_Driver/Src/stm32f4xx_hal_cortex.o
 .text.__NVIC_SetPriority
                0x00000000080045e4       0x54 ./Drivers/STM32F4xx_HAL_Driver/Src/stm32f4xx_hal_cortex.o
 .text.NVIC_EncodePriority
                0x0000000008004638       0x66 ./Drivers/STM32F4xx_HAL_Driver/Src/stm32f4xx_hal_cortex.o
 *fill*         0x000000000800469e        0x2 
 .text.SysTick_Config
                0x00000000080046a0       0x44 ./Drivers/STM32F4xx_HAL_Driver/Src/stm32f4xx_hal_cortex.o
 .text.HAL_NVIC_SetPriorityGrouping
                0x00000000080046e4       0x16 ./Drivers/STM32F4xx_HAL_Driver/Src/stm32f4xx_hal_cortex.o
                0x00000000080046e4                HAL_NVIC_SetPriorityGrouping
 .text.HAL_NVIC_SetPriority
                0x00000000080046fa       0x38 ./Drivers/STM32F4xx_HAL_Driver/Src/stm32f4xx_hal_cortex.o
                0x00000000080046fa                HAL_NVIC_SetPriority
 .text.HAL_NVIC_EnableIRQ
                0x0000000008004732       0x1c ./Drivers/STM32F4xx_HAL_Driver/Src/stm32f4xx_hal_cortex.o
                0x0000000008004732                HAL_NVIC_EnableIRQ
 .text.HAL_SYSTICK_Config
                0x000000000800474e       0x18 ./Drivers/STM32F4xx_HAL_Driver/Src/stm32f4xx_hal_cortex.o
                0x000000000800474e                HAL_SYSTICK_Config
 *fill*         0x0000000008004766        0x2 
 .text.HAL_GPIO_Init
                0x0000000008004768      0x358 ./Drivers/STM32F4xx_HAL_Driver/Src/stm32f4xx_hal_gpio.o
                0x0000000008004768                HAL_GPIO_Init
 .text.HAL_GPIO_ReadPin
                0x0000000008004ac0       0x30 ./Drivers/STM32F4xx_HAL_Driver/Src/stm32f4xx_hal_gpio.o
                0x0000000008004ac0                HAL_GPIO_ReadPin
 .text.HAL_GPIO_WritePin
                0x0000000008004af0       0x32 ./Drivers/STM32F4xx_HAL_Driver/Src/stm32f4xx_hal_gpio.o
                0x0000000008004af0                HAL_GPIO_WritePin
 .text.HAL_GPIO_TogglePin
                0x0000000008004b22       0x34 ./Drivers/STM32F4xx_HAL_Driver/Src/stm32f4xx_hal_gpio.o
                0x0000000008004b22                HAL_GPIO_TogglePin
 *fill*         0x0000000008004b56        0x2 
 .text.HAL_GPIO_EXTI_IRQHandler
                0x0000000008004b58       0x30 ./Drivers/STM32F4xx_HAL_Driver/Src/stm32f4xx_hal_gpio.o
                0x0000000008004b58                HAL_GPIO_EXTI_IRQHandler
 .text.HAL_RCC_OscConfig
                0x0000000008004b88      0x4f0 ./Drivers/STM32F4xx_HAL_Driver/Src/stm32f4xx_hal_rcc.o
                0x0000000008004b88                HAL_RCC_OscConfig
 .text.HAL_RCC_ClockConfig
                0x0000000008005078      0x1cc ./Drivers/STM32F4xx_HAL_Driver/Src/stm32f4xx_hal_rcc.o
                0x0000000008005078                HAL_RCC_ClockConfig
 .text.HAL_RCC_GetSysClockFreq
                0x0000000008005244      0x18c ./Drivers/STM32F4xx_HAL_Driver/Src/stm32f4xx_hal_rcc.o
                0x0000000008005244                HAL_RCC_GetSysClockFreq
 .text.HAL_TIM_Base_Init
                0x00000000080053d0       0x9e ./Drivers/STM32F4xx_HAL_Driver/Src/stm32f4xx_hal_tim.o
                0x00000000080053d0                HAL_TIM_Base_Init
 *fill*         0x000000000800546e        0x2 
 .text.HAL_TIM_Base_Start_IT
                0x0000000008005470       0xe0 ./Drivers/STM32F4xx_HAL_Driver/Src/stm32f4xx_hal_tim.o
                0x0000000008005470                HAL_TIM_Base_Start_IT
 .text.HAL_TIM_Base_Stop_IT
                0x0000000008005550       0x5e ./Drivers/STM32F4xx_HAL_Driver/Src/stm32f4xx_hal_tim.o
                0x0000000008005550                HAL_TIM_Base_Stop_IT
 .text.HAL_TIM_IRQHandler
                0x00000000080055ae      0x210 ./Drivers/STM32F4xx_HAL_Driver/Src/stm32f4xx_hal_tim.o
                0x00000000080055ae                HAL_TIM_IRQHandler
 .text.HAL_TIM_SlaveConfigSynchro
                0x00000000080057be       0x84 ./Drivers/STM32F4xx_HAL_Driver/Src/stm32f4xx_hal_tim.o
                0x00000000080057be                HAL_TIM_SlaveConfigSynchro
 .text.HAL_TIM_OC_DelayElapsedCallback
                0x0000000008005842       0x14 ./Drivers/STM32F4xx_HAL_Driver/Src/stm32f4xx_hal_tim.o
                0x0000000008005842                HAL_TIM_OC_DelayElapsedCallback
 .text.HAL_TIM_IC_CaptureCallback
                0x0000000008005856       0x14 ./Drivers/STM32F4xx_HAL_Driver/Src/stm32f4xx_hal_tim.o
                0x0000000008005856                HAL_TIM_IC_CaptureCallback
 .text.HAL_TIM_PWM_PulseFinishedCallback
                0x000000000800586a       0x14 ./Drivers/STM32F4xx_HAL_Driver/Src/stm32f4xx_hal_tim.o
                0x000000000800586a                HAL_TIM_PWM_PulseFinishedCallback
 .text.HAL_TIM_TriggerCallback
                0x000000000800587e       0x14 ./Drivers/STM32F4xx_HAL_Driver/Src/stm32f4xx_hal_tim.o
                0x000000000800587e                HAL_TIM_TriggerCallback
 *fill*         0x0000000008005892        0x2 
 .text.TIM_Base_SetConfig
                0x0000000008005894      0x140 ./Drivers/STM32F4xx_HAL_Driver/Src/stm32f4xx_hal_tim.o
                0x0000000008005894                TIM_Base_SetConfig
 .text.TIM_SlaveTimer_SetConfig
                0x00000000080059d4      0x122 ./Drivers/STM32F4xx_HAL_Driver/Src/stm32f4xx_hal_tim.o
 .text.TIM_TI1_ConfigInputStage
                0x0000000008005af6       0x5e ./Drivers/STM32F4xx_HAL_Driver/Src/stm32f4xx_hal_tim.o
 .text.TIM_TI2_ConfigInputStage
                0x0000000008005b54       0x60 ./Drivers/STM32F4xx_HAL_Driver/Src/stm32f4xx_hal_tim.o
 .text.TIM_ETR_SetConfig
                0x0000000008005bb4       0x40 ./Drivers/STM32F4xx_HAL_Driver/Src/stm32f4xx_hal_tim.o
                0x0000000008005bb4                TIM_ETR_SetConfig
 .text.HAL_TIMEx_MasterConfigSynchronization
                0x0000000008005bf4       0xf8 ./Drivers/STM32F4xx_HAL_Driver/Src/stm32f4xx_hal_tim_ex.o
                0x0000000008005bf4                HAL_TIMEx_MasterConfigSynchronization
 .text.HAL_TIMEx_CommutCallback
                0x0000000008005cec       0x14 ./Drivers/STM32F4xx_HAL_Driver/Src/stm32f4xx_hal_tim_ex.o
                0x0000000008005cec                HAL_TIMEx_CommutCallback
 .text.HAL_TIMEx_BreakCallback
                0x0000000008005d00       0x14 ./Drivers/STM32F4xx_HAL_Driver/Src/stm32f4xx_hal_tim_ex.o
                0x0000000008005d00                HAL_TIMEx_BreakCallback
 .text.memset   0x0000000008005d14       0x10 E:/STM installation/STM32CubeIDE_1.13.2/STM32CubeIDE/plugins/com.st.stm32cube.ide.mcu.externaltools.gnu-tools-for-stm32.11.3.rel1.win32_1.1.1.202309131626/tools/bin/../lib/gcc/arm-none-eabi/11.3.1/../../../../arm-none-eabi/lib/thumb/v7e-m+fp/hard\libc_nano.a(libc_a-memset.o)
                0x0000000008005d14                memset
 .text.__libc_init_array
                0x0000000008005d24       0x48 E:/STM installation/STM32CubeIDE_1.13.2/STM32CubeIDE/plugins/com.st.stm32cube.ide.mcu.externaltools.gnu-tools-for-stm32.11.3.rel1.win32_1.1.1.202309131626/tools/bin/../lib/gcc/arm-none-eabi/11.3.1/../../../../arm-none-eabi/lib/thumb/v7e-m+fp/hard\libc_nano.a(libc_a-init.o)
                0x0000000008005d24                __libc_init_array
 *(.glue_7)
 .glue_7        0x0000000008005d6c        0x0 linker stubs
 *(.glue_7t)
 .glue_7t       0x0000000008005d6c        0x0 linker stubs
 *(.eh_frame)
 .eh_frame      0x0000000008005d6c        0x0 E:/STM installation/STM32CubeIDE_1.13.2/STM32CubeIDE/plugins/com.st.stm32cube.ide.mcu.externaltools.gnu-tools-for-stm32.11.3.rel1.win32_1.1.1.202309131626/tools/bin/../lib/gcc/arm-none-eabi/11.3.1/thumb/v7e-m+fp/hard/crtbegin.o
 *(.init)
 .init          0x0000000008005d6c        0x4 E:/STM installation/STM32CubeIDE_1.13.2/STM32CubeIDE/plugins/com.st.stm32cube.ide.mcu.externaltools.gnu-tools-for-stm32.11.3.rel1.win32_1.1.1.202309131626/tools/bin/../lib/gcc/arm-none-eabi/11.3.1/thumb/v7e-m+fp/hard/crti.o
                0x0000000008005d6c                _init
 .init          0x0000000008005d70        0x8 E:/STM installation/STM32CubeIDE_1.13.2/STM32CubeIDE/plugins/com.st.stm32cube.ide.mcu.externaltools.gnu-tools-for-stm32.11.3.rel1.win32_1.1.1.202309131626/tools/bin/../lib/gcc/arm-none-eabi/11.3.1/thumb/v7e-m+fp/hard/crtn.o
 *(.fini)
 .fini          0x0000000008005d78        0x4 E:/STM installation/STM32CubeIDE_1.13.2/STM32CubeIDE/plugins/com.st.stm32cube.ide.mcu.externaltools.gnu-tools-for-stm32.11.3.rel1.win32_1.1.1.202309131626/tools/bin/../lib/gcc/arm-none-eabi/11.3.1/thumb/v7e-m+fp/hard/crti.o
                0x0000000008005d78                _fini
 .fini          0x0000000008005d7c        0x8 E:/STM installation/STM32CubeIDE_1.13.2/STM32CubeIDE/plugins/com.st.stm32cube.ide.mcu.externaltools.gnu-tools-for-stm32.11.3.rel1.win32_1.1.1.202309131626/tools/bin/../lib/gcc/arm-none-eabi/11.3.1/thumb/v7e-m+fp/hard/crtn.o
                0x0000000008005d84                . = ALIGN (0x4)
                0x0000000008005d84                _etext = .

.vfp11_veneer   0x0000000008005d84        0x0
 .vfp11_veneer  0x0000000008005d84        0x0 linker stubs

.v4_bx          0x0000000008005d84        0x0
 .v4_bx         0x0000000008005d84        0x0 linker stubs

.iplt           0x0000000008005d84        0x0
 .iplt          0x0000000008005d84        0x0 E:/STM installation/STM32CubeIDE_1.13.2/STM32CubeIDE/plugins/com.st.stm32cube.ide.mcu.externaltools.gnu-tools-for-stm32.11.3.rel1.win32_1.1.1.202309131626/tools/bin/../lib/gcc/arm-none-eabi/11.3.1/thumb/v7e-m+fp/hard/crtbegin.o

.rodata         0x0000000008005d84       0x10
                0x0000000008005d84                . = ALIGN (0x4)
 *(.rodata)
 *(.rodata*)
 .rodata.AHBPrescTable
                0x0000000008005d84       0x10 ./Core/Src/system_stm32f4xx.o
                0x0000000008005d84                AHBPrescTable
                0x0000000008005d94                . = ALIGN (0x4)

.ARM.extab      0x0000000008005d94        0x0
                0x0000000008005d94                . = ALIGN (0x4)
 *(.ARM.extab* .gnu.linkonce.armextab.*)
                0x0000000008005d94                . = ALIGN (0x4)

.ARM            0x0000000008005d94        0x8
                0x0000000008005d94                . = ALIGN (0x4)
                0x0000000008005d94                __exidx_start = .
 *(.ARM.exidx*)
 .ARM.exidx     0x0000000008005d94        0x8 E:/STM installation/STM32CubeIDE_1.13.2/STM32CubeIDE/plugins/com.st.stm32cube.ide.mcu.externaltools.gnu-tools-for-stm32.11.3.rel1.win32_1.1.1.202309131626/tools/bin/../lib/gcc/arm-none-eabi/11.3.1/thumb/v7e-m+fp/hard\libgcc.a(_udivmoddi4.o)
                0x0000000008005d9c                __exidx_end = .
                0x0000000008005d9c                . = ALIGN (0x4)

.rel.dyn        0x0000000008005d9c        0x0
 .rel.iplt      0x0000000008005d9c        0x0 E:/STM installation/STM32CubeIDE_1.13.2/STM32CubeIDE/plugins/com.st.stm32cube.ide.mcu.externaltools.gnu-tools-for-stm32.11.3.rel1.win32_1.1.1.202309131626/tools/bin/../lib/gcc/arm-none-eabi/11.3.1/thumb/v7e-m+fp/hard/crtbegin.o

.preinit_array  0x0000000008005d9c        0x0
                0x0000000008005d9c                . = ALIGN (0x4)
                0x0000000008005d9c                PROVIDE (__preinit_array_start = .)
 *(.preinit_array*)
                0x0000000008005d9c                PROVIDE (__preinit_array_end = .)
                0x0000000008005d9c                . = ALIGN (0x4)

.init_array     0x0000000008005d9c        0x4
                0x0000000008005d9c                . = ALIGN (0x4)
                0x0000000008005d9c                PROVIDE (__init_array_start = .)
 *(SORT_BY_NAME(.init_array.*))
 *(.init_array*)
 .init_array    0x0000000008005d9c        0x4 E:/STM installation/STM32CubeIDE_1.13.2/STM32CubeIDE/plugins/com.st.stm32cube.ide.mcu.externaltools.gnu-tools-for-stm32.11.3.rel1.win32_1.1.1.202309131626/tools/bin/../lib/gcc/arm-none-eabi/11.3.1/thumb/v7e-m+fp/hard/crtbegin.o
                0x0000000008005da0                PROVIDE (__init_array_end = .)
                0x0000000008005da0                . = ALIGN (0x4)

.fini_array     0x0000000008005da0        0x4
                0x0000000008005da0                . = ALIGN (0x4)
                [!provide]                        PROVIDE (__fini_array_start = .)
 *(SORT_BY_NAME(.fini_array.*))
 *(.fini_array*)
 .fini_array    0x0000000008005da0        0x4 E:/STM installation/STM32CubeIDE_1.13.2/STM32CubeIDE/plugins/com.st.stm32cube.ide.mcu.externaltools.gnu-tools-for-stm32.11.3.rel1.win32_1.1.1.202309131626/tools/bin/../lib/gcc/arm-none-eabi/11.3.1/thumb/v7e-m+fp/hard/crtbegin.o
                [!provide]                        PROVIDE (__fini_array_end = .)
                0x0000000008005da4                . = ALIGN (0x4)
                0x0000000008005da4                _sidata = LOADADDR (.data)

.data           0x0000000020000000       0x1c load address 0x0000000008005da4
                0x0000000020000000                . = ALIGN (0x4)
                0x0000000020000000                _sdata = .
 *(.data)
 *(.data*)
 .data.range_adc_apps2
                0x0000000020000000        0x4 ./Core/Src/main.o
                0x0000000020000000                range_adc_apps2
 .data.range_adc_apps1
                0x0000000020000004        0x4 ./Core/Src/main.o
                0x0000000020000004                range_adc_apps1
 .data.soft_bspd_threshold_apps
                0x0000000020000008        0x4 ./Core/Src/main.o
                0x0000000020000008                soft_bspd_threshold_apps
 .data.soft_bspd_threshold_brk
                0x000000002000000c        0x2 ./Core/Src/main.o
                0x000000002000000c                soft_bspd_threshold_brk
 .data.torque_limit
                0x000000002000000e        0x2 ./Core/Src/main.o
                0x000000002000000e                torque_limit
 .data.SystemCoreClock
                0x0000000020000010        0x4 ./Core/Src/system_stm32f4xx.o
                0x0000000020000010                SystemCoreClock
 .data.uwTickPrio
                0x0000000020000014        0x4 ./Drivers/STM32F4xx_HAL_Driver/Src/stm32f4xx_hal.o
                0x0000000020000014                uwTickPrio
 .data.uwTickFreq
                0x0000000020000018        0x1 ./Drivers/STM32F4xx_HAL_Driver/Src/stm32f4xx_hal.o
                0x0000000020000018                uwTickFreq
 *(.RamFunc)
 *(.RamFunc*)
                0x000000002000001c                . = ALIGN (0x4)
 *fill*         0x0000000020000019        0x3 
                0x000000002000001c                _edata = .
                0x0000000008005dc0                _siccmram = LOADADDR (.ccmram)

.igot.plt       0x000000002000001c        0x0 load address 0x0000000008005dc0
 .igot.plt      0x000000002000001c        0x0 E:/STM installation/STM32CubeIDE_1.13.2/STM32CubeIDE/plugins/com.st.stm32cube.ide.mcu.externaltools.gnu-tools-for-stm32.11.3.rel1.win32_1.1.1.202309131626/tools/bin/../lib/gcc/arm-none-eabi/11.3.1/thumb/v7e-m+fp/hard/crtbegin.o

.ccmram         0x0000000010000000        0x0 load address 0x0000000008005dc0
                0x0000000010000000                . = ALIGN (0x4)
                0x0000000010000000                _sccmram = .
 *(.ccmram)
 *(.ccmram*)
                0x0000000010000000                . = ALIGN (0x4)
                0x0000000010000000                _eccmram = .
                0x0000000010000000                . = ALIGN (0x4)

.bss            0x000000002000001c      0x390
                0x000000002000001c                _sbss = .
                0x000000002000001c                __bss_start__ = _sbss
 *(.bss)
 .bss           0x000000002000001c       0x1c E:/STM installation/STM32CubeIDE_1.13.2/STM32CubeIDE/plugins/com.st.stm32cube.ide.mcu.externaltools.gnu-tools-for-stm32.11.3.rel1.win32_1.1.1.202309131626/tools/bin/../lib/gcc/arm-none-eabi/11.3.1/thumb/v7e-m+fp/hard/crtbegin.o
 *(.bss*)
 .bss.hadc1     0x0000000020000038       0x48 ./Core/Src/main.o
                0x0000000020000038                hadc1
 .bss.hadc3     0x0000000020000080       0x48 ./Core/Src/main.o
                0x0000000020000080                hadc3
 .bss.hcan1     0x00000000200000c8       0x28 ./Core/Src/main.o
                0x00000000200000c8                hcan1
 .bss.hcan2     0x00000000200000f0       0x28 ./Core/Src/main.o
                0x00000000200000f0                hcan2
 .bss.htim5     0x0000000020000118       0x48 ./Core/Src/main.o
                0x0000000020000118                htim5
 .bss.htim6     0x0000000020000160       0x48 ./Core/Src/main.o
                0x0000000020000160                htim6
 .bss.htim7     0x00000000200001a8       0x48 ./Core/Src/main.o
                0x00000000200001a8                htim7
 .bss.canMessageQueue
                0x00000000200001f0       0xc8 ./Core/Src/main.o
                0x00000000200001f0                canMessageQueue
 .bss.queueHead
                0x00000000200002b8        0x1 ./Core/Src/main.o
                0x00000000200002b8                queueHead
 .bss.queueTail
                0x00000000200002b9        0x1 ./Core/Src/main.o
                0x00000000200002b9                queueTail
 .bss.rtds_temp
                0x00000000200002ba        0x1 ./Core/Src/main.o
                0x00000000200002ba                rtds_temp
 .bss.tsms      0x00000000200002bb        0x1 ./Core/Src/main.o
                0x00000000200002bb                tsms
 .bss.rtds      0x00000000200002bc        0x1 ./Core/Src/main.o
                0x00000000200002bc                rtds
 *fill*         0x00000000200002bd        0x3 
 .bss.CNT       0x00000000200002c0        0x4 ./Core/Src/main.o
                0x00000000200002c0                CNT
 .bss.CNT_impl  0x00000000200002c4        0x4 ./Core/Src/main.o
                0x00000000200002c4                CNT_impl
 .bss.rtds_temp_var
                0x00000000200002c8        0x1 ./Core/Src/main.o
                0x00000000200002c8                rtds_temp_var
 .bss.clearfault_temp_var
                0x00000000200002c9        0x1 ./Core/Src/main.o
                0x00000000200002c9                clearfault_temp_var
 .bss.clearfault_left
                0x00000000200002ca        0x1 ./Core/Src/main.o
                0x00000000200002ca                clearfault_left
 .bss.clearfault_right
                0x00000000200002cb        0x1 ./Core/Src/main.o
                0x00000000200002cb                clearfault_right
 .bss.c1        0x00000000200002cc        0x4 ./Core/Src/main.o
                0x00000000200002cc                c1
 .bss.soft_bspd
                0x00000000200002d0        0x1 ./Core/Src/main.o
                0x00000000200002d0                soft_bspd
 .bss.implausiblity
                0x00000000200002d1        0x1 ./Core/Src/main.o
                0x00000000200002d1                implausiblity
 .bss.ip_temp_var
                0x00000000200002d2        0x1 ./Core/Src/main.o
                0x00000000200002d2                ip_temp_var
 .bss.temp_var_soft_bspd
                0x00000000200002d3        0x1 ./Core/Src/main.o
                0x00000000200002d3                temp_var_soft_bspd
 .bss.adc_apps1
                0x00000000200002d4        0x2 ./Core/Src/main.o
                0x00000000200002d4                adc_apps1
 .bss.adc_apps2
                0x00000000200002d6        0x2 ./Core/Src/main.o
                0x00000000200002d6                adc_apps2
 .bss.app1      0x00000000200002d8        0x4 ./Core/Src/main.o
                0x00000000200002d8                app1
 .bss.app2      0x00000000200002dc        0x4 ./Core/Src/main.o
                0x00000000200002dc                app2
 .bss.apps_avg  0x00000000200002e0        0x4 ./Core/Src/main.o
                0x00000000200002e0                apps_avg
 .bss.torque_demand
                0x00000000200002e4        0x4 ./Core/Src/main.o
                0x00000000200002e4                torque_demand
 .bss.adc_brk1  0x00000000200002e8        0x2 ./Core/Src/main.o
                0x00000000200002e8                adc_brk1
 .bss.adc_brk2  0x00000000200002ea        0x2 ./Core/Src/main.o
                0x00000000200002ea                adc_brk2
 .bss.FrontBrakePressure
                0x00000000200002ec        0x2 ./Core/Src/main.o
                0x00000000200002ec                FrontBrakePressure
 .bss.RearBrakePressure
                0x00000000200002ee        0x2 ./Core/Src/main.o
                0x00000000200002ee                RearBrakePressure
 .bss.brk_avg   0x00000000200002f0        0x2 ./Core/Src/main.o
                0x00000000200002f0                brk_avg
 .bss.adc_steer_sens
                0x00000000200002f2        0x2 ./Core/Src/main.o
                0x00000000200002f2                adc_steer_sens
 .bss.adc_ir_sens
                0x00000000200002f4        0x2 ./Core/Src/main.o
                0x00000000200002f4                adc_ir_sens
 .bss.adc_damper_left
                0x00000000200002f6        0x2 ./Core/Src/main.o
                0x00000000200002f6                adc_damper_left
 .bss.adc_damper_right
                0x00000000200002f8        0x2 ./Core/Src/main.o
                0x00000000200002f8                adc_damper_right
 *fill*         0x00000000200002fa        0x2 
 .bss.torque_commanded
                0x00000000200002fc        0x4 ./Core/Src/main.o
                0x00000000200002fc                torque_commanded
 .bss.torque_commanded_left
                0x0000000020000300        0x4 ./Core/Src/main.o
                0x0000000020000300                torque_commanded_left
 .bss.torque_commanded_right
                0x0000000020000304        0x4 ./Core/Src/main.o
                0x0000000020000304                torque_commanded_right
 .bss.Txdata_imp1
                0x0000000020000308        0x8 ./Core/Src/main.o
                0x0000000020000308                Txdata_imp1
 .bss.Txdata_imp2
                0x0000000020000310        0x8 ./Core/Src/main.o
                0x0000000020000310                Txdata_imp2
 .bss.Txdata_state
                0x0000000020000318        0x8 ./Core/Src/main.o
                0x0000000020000318                Txdata_state
 .bss.Txdata_inv_rst
                0x0000000020000320        0x8 ./Core/Src/main.o
                0x0000000020000320                Txdata_inv_rst
 .bss.Txdata_control
                0x0000000020000328        0x8 ./Core/Src/main.o
                0x0000000020000328                Txdata_control
 .bss.tc        0x0000000020000330        0x1 ./Core/Src/main.o
                0x0000000020000330                tc
 .bss.tv        0x0000000020000331        0x1 ./Core/Src/main.o
                0x0000000020000331                tv
 *fill*         0x0000000020000332        0x2 
 .bss.left_inv_transmit
                0x0000000020000334        0x8 ./Core/Src/main.o
                0x0000000020000334                left_inv_transmit
 .bss.right_inv_transmit
                0x000000002000033c        0x8 ./Core/Src/main.o
                0x000000002000033c                right_inv_transmit
 .bss.a         0x0000000020000344        0x1 ./Core/Src/main.o
                0x0000000020000344                a
 .bss.b         0x0000000020000345        0x1 ./Core/Src/main.o
                0x0000000020000345                b
 *fill*         0x0000000020000346        0x2 
 .bss.kp        0x0000000020000348        0x4 ./Core/Src/main.o
                0x0000000020000348                kp
 .bss.ki        0x000000002000034c        0x4 ./Core/Src/main.o
                0x000000002000034c                ki
 .bss.steering_degree
                0x0000000020000350        0x4 ./Core/Src/main.o
                0x0000000020000350                steering_degree
 .bss.op        0x0000000020000354        0x4 ./Core/Src/main.o
                0x0000000020000354                op
 .bss.oi        0x0000000020000358        0x4 ./Core/Src/main.o
                0x0000000020000358                oi
 .bss.o         0x000000002000035c        0x4 ./Core/Src/main.o
                0x000000002000035c                o
 .bss.xvel      0x0000000020000360        0x4 ./Core/Src/main.o
                0x0000000020000360                xvel
 .bss.zgyro     0x0000000020000364        0x4 ./Core/Src/main.o
                0x0000000020000364                zgyro
 .bss.error     0x0000000020000368        0x4 ./Core/Src/main.o
                0x0000000020000368                error
 .bss.error_i   0x000000002000036c        0x4 ./Core/Src/main.o
                0x000000002000036c                error_i
 .bss.ta        0x0000000020000370        0x4 ./Core/Src/main.o
                0x0000000020000370                ta
 .bss.tb        0x0000000020000374        0x4 ./Core/Src/main.o
                0x0000000020000374                tb
 .bss.k2        0x0000000020000378        0x4 ./Core/Src/main.o
                0x0000000020000378                k2
 .bss.wref2     0x000000002000037c        0x4 ./Core/Src/main.o
                0x000000002000037c                wref2
 .bss.RxHeader  0x0000000020000380       0x1c ./Core/Src/main.o
                0x0000000020000380                RxHeader
 .bss.RxData    0x000000002000039c        0x8 ./Core/Src/main.o
                0x000000002000039c                RxData
 .bss.HAL_RCC_CAN1_CLK_ENABLED
                0x00000000200003a4        0x4 ./Core/Src/stm32f4xx_hal_msp.o
 .bss.uwTick    0x00000000200003a8        0x4 ./Drivers/STM32F4xx_HAL_Driver/Src/stm32f4xx_hal.o
                0x00000000200003a8                uwTick
 *(COMMON)
                0x00000000200003ac                . = ALIGN (0x4)
                0x00000000200003ac                _ebss = .
                0x00000000200003ac                __bss_end__ = _ebss

._user_heap_stack
                0x00000000200003ac      0x604
                0x00000000200003b0                . = ALIGN (0x8)
 *fill*         0x00000000200003ac        0x4 
                [!provide]                        PROVIDE (end = .)
                0x00000000200003b0                PROVIDE (_end = .)
                0x00000000200005b0                . = (. + _Min_Heap_Size)
 *fill*         0x00000000200003b0      0x200 
                0x00000000200009b0                . = (. + _Min_Stack_Size)
 *fill*         0x00000000200005b0      0x400 
                0x00000000200009b0                . = ALIGN (0x8)

/DISCARD/
 libc.a(*)
 libm.a(*)
 libgcc.a(*)

.ARM.attributes
                0x0000000000000000       0x30
 *(.ARM.attributes)
 .ARM.attributes
                0x0000000000000000       0x1e E:/STM installation/STM32CubeIDE_1.13.2/STM32CubeIDE/plugins/com.st.stm32cube.ide.mcu.externaltools.gnu-tools-for-stm32.11.3.rel1.win32_1.1.1.202309131626/tools/bin/../lib/gcc/arm-none-eabi/11.3.1/thumb/v7e-m+fp/hard/crti.o
 .ARM.attributes
                0x000000000000001e       0x34 E:/STM installation/STM32CubeIDE_1.13.2/STM32CubeIDE/plugins/com.st.stm32cube.ide.mcu.externaltools.gnu-tools-for-stm32.11.3.rel1.win32_1.1.1.202309131626/tools/bin/../lib/gcc/arm-none-eabi/11.3.1/thumb/v7e-m+fp/hard/crtbegin.o
 .ARM.attributes
                0x0000000000000052       0x34 ./Core/Src/adc.o
 .ARM.attributes
                0x0000000000000086       0x34 ./Core/Src/main.o
 .ARM.attributes
                0x00000000000000ba       0x34 ./Core/Src/stm32f4xx_hal_msp.o
 .ARM.attributes
                0x00000000000000ee       0x34 ./Core/Src/stm32f4xx_it.o
 .ARM.attributes
                0x0000000000000122       0x34 ./Core/Src/system_stm32f4xx.o
 .ARM.attributes
                0x0000000000000156       0x21 ./Core/Startup/startup_stm32f429zitx.o
 .ARM.attributes
                0x0000000000000177       0x34 ./Drivers/STM32F4xx_HAL_Driver/Src/stm32f4xx_hal.o
 .ARM.attributes
                0x00000000000001ab       0x34 ./Drivers/STM32F4xx_HAL_Driver/Src/stm32f4xx_hal_adc.o
 .ARM.attributes
                0x00000000000001df       0x34 ./Drivers/STM32F4xx_HAL_Driver/Src/stm32f4xx_hal_can.o
 .ARM.attributes
                0x0000000000000213       0x34 ./Drivers/STM32F4xx_HAL_Driver/Src/stm32f4xx_hal_cortex.o
 .ARM.attributes
                0x0000000000000247       0x34 ./Drivers/STM32F4xx_HAL_Driver/Src/stm32f4xx_hal_gpio.o
 .ARM.attributes
                0x000000000000027b       0x34 ./Drivers/STM32F4xx_HAL_Driver/Src/stm32f4xx_hal_rcc.o
 .ARM.attributes
                0x00000000000002af       0x34 ./Drivers/STM32F4xx_HAL_Driver/Src/stm32f4xx_hal_tim.o
 .ARM.attributes
                0x00000000000002e3       0x34 ./Drivers/STM32F4xx_HAL_Driver/Src/stm32f4xx_hal_tim_ex.o
 .ARM.attributes
                0x0000000000000317       0x34 E:/STM installation/STM32CubeIDE_1.13.2/STM32CubeIDE/plugins/com.st.stm32cube.ide.mcu.externaltools.gnu-tools-for-stm32.11.3.rel1.win32_1.1.1.202309131626/tools/bin/../lib/gcc/arm-none-eabi/11.3.1/../../../../arm-none-eabi/lib/thumb/v7e-m+fp/hard\libc_nano.a(libc_a-memset.o)
 .ARM.attributes
                0x000000000000034b       0x34 E:/STM installation/STM32CubeIDE_1.13.2/STM32CubeIDE/plugins/com.st.stm32cube.ide.mcu.externaltools.gnu-tools-for-stm32.11.3.rel1.win32_1.1.1.202309131626/tools/bin/../lib/gcc/arm-none-eabi/11.3.1/../../../../arm-none-eabi/lib/thumb/v7e-m+fp/hard\libc_nano.a(libc_a-init.o)
 .ARM.attributes
                0x000000000000037f       0x1e E:/STM installation/STM32CubeIDE_1.13.2/STM32CubeIDE/plugins/com.st.stm32cube.ide.mcu.externaltools.gnu-tools-for-stm32.11.3.rel1.win32_1.1.1.202309131626/tools/bin/../lib/gcc/arm-none-eabi/11.3.1/thumb/v7e-m+fp/hard\libgcc.a(_arm_addsubdf3.o)
 .ARM.attributes
                0x000000000000039d       0x1e E:/STM installation/STM32CubeIDE_1.13.2/STM32CubeIDE/plugins/com.st.stm32cube.ide.mcu.externaltools.gnu-tools-for-stm32.11.3.rel1.win32_1.1.1.202309131626/tools/bin/../lib/gcc/arm-none-eabi/11.3.1/thumb/v7e-m+fp/hard\libgcc.a(_arm_muldivdf3.o)
 .ARM.attributes
                0x00000000000003bb       0x1e E:/STM installation/STM32CubeIDE_1.13.2/STM32CubeIDE/plugins/com.st.stm32cube.ide.mcu.externaltools.gnu-tools-for-stm32.11.3.rel1.win32_1.1.1.202309131626/tools/bin/../lib/gcc/arm-none-eabi/11.3.1/thumb/v7e-m+fp/hard\libgcc.a(_arm_cmpdf2.o)
 .ARM.attributes
                0x00000000000003d9       0x1e E:/STM installation/STM32CubeIDE_1.13.2/STM32CubeIDE/plugins/com.st.stm32cube.ide.mcu.externaltools.gnu-tools-for-stm32.11.3.rel1.win32_1.1.1.202309131626/tools/bin/../lib/gcc/arm-none-eabi/11.3.1/thumb/v7e-m+fp/hard\libgcc.a(_arm_fixunsdfsi.o)
 .ARM.attributes
                0x00000000000003f7       0x1e E:/STM installation/STM32CubeIDE_1.13.2/STM32CubeIDE/plugins/com.st.stm32cube.ide.mcu.externaltools.gnu-tools-for-stm32.11.3.rel1.win32_1.1.1.202309131626/tools/bin/../lib/gcc/arm-none-eabi/11.3.1/thumb/v7e-m+fp/hard\libgcc.a(_arm_truncdfsf2.o)
 .ARM.attributes
                0x0000000000000415       0x1e E:/STM installation/STM32CubeIDE_1.13.2/STM32CubeIDE/plugins/com.st.stm32cube.ide.mcu.externaltools.gnu-tools-for-stm32.11.3.rel1.win32_1.1.1.202309131626/tools/bin/../lib/gcc/arm-none-eabi/11.3.1/thumb/v7e-m+fp/hard\libgcc.a(_aeabi_uldivmod.o)
 .ARM.attributes
                0x0000000000000433       0x34 E:/STM installation/STM32CubeIDE_1.13.2/STM32CubeIDE/plugins/com.st.stm32cube.ide.mcu.externaltools.gnu-tools-for-stm32.11.3.rel1.win32_1.1.1.202309131626/tools/bin/../lib/gcc/arm-none-eabi/11.3.1/thumb/v7e-m+fp/hard\libgcc.a(_udivmoddi4.o)
 .ARM.attributes
                0x0000000000000467       0x1e E:/STM installation/STM32CubeIDE_1.13.2/STM32CubeIDE/plugins/com.st.stm32cube.ide.mcu.externaltools.gnu-tools-for-stm32.11.3.rel1.win32_1.1.1.202309131626/tools/bin/../lib/gcc/arm-none-eabi/11.3.1/thumb/v7e-m+fp/hard\libgcc.a(_dvmd_tls.o)
 .ARM.attributes
                0x0000000000000485       0x1e E:/STM installation/STM32CubeIDE_1.13.2/STM32CubeIDE/plugins/com.st.stm32cube.ide.mcu.externaltools.gnu-tools-for-stm32.11.3.rel1.win32_1.1.1.202309131626/tools/bin/../lib/gcc/arm-none-eabi/11.3.1/thumb/v7e-m+fp/hard/crtn.o
OUTPUT(Front_Code_XLR_23.0.elf elf32-littlearm)
LOAD linker stubs
LOAD E:/STM installation/STM32CubeIDE_1.13.2/STM32CubeIDE/plugins/com.st.stm32cube.ide.mcu.externaltools.gnu-tools-for-stm32.11.3.rel1.win32_1.1.1.202309131626/tools/bin/../lib/gcc/arm-none-eabi/11.3.1/../../../../arm-none-eabi/lib/thumb/v7e-m+fp/hard\libc.a
LOAD E:/STM installation/STM32CubeIDE_1.13.2/STM32CubeIDE/plugins/com.st.stm32cube.ide.mcu.externaltools.gnu-tools-for-stm32.11.3.rel1.win32_1.1.1.202309131626/tools/bin/../lib/gcc/arm-none-eabi/11.3.1/../../../../arm-none-eabi/lib/thumb/v7e-m+fp/hard\libm.a
LOAD E:/STM installation/STM32CubeIDE_1.13.2/STM32CubeIDE/plugins/com.st.stm32cube.ide.mcu.externaltools.gnu-tools-for-stm32.11.3.rel1.win32_1.1.1.202309131626/tools/bin/../lib/gcc/arm-none-eabi/11.3.1/thumb/v7e-m+fp/hard\libgcc.a

.comment        0x0000000000000000       0x43
 .comment       0x0000000000000000       0x43 E:/STM installation/STM32CubeIDE_1.13.2/STM32CubeIDE/plugins/com.st.stm32cube.ide.mcu.externaltools.gnu-tools-for-stm32.11.3.rel1.win32_1.1.1.202309131626/tools/bin/../lib/gcc/arm-none-eabi/11.3.1/thumb/v7e-m+fp/hard/crtbegin.o
                                         0x44 (size before relaxing)
 .comment       0x0000000000000043       0x44 ./Core/Src/adc.o
 .comment       0x0000000000000043       0x44 ./Core/Src/main.o
 .comment       0x0000000000000043       0x44 ./Core/Src/stm32f4xx_hal_msp.o
 .comment       0x0000000000000043       0x44 ./Core/Src/stm32f4xx_it.o
 .comment       0x0000000000000043       0x44 ./Core/Src/system_stm32f4xx.o
 .comment       0x0000000000000043       0x44 ./Drivers/STM32F4xx_HAL_Driver/Src/stm32f4xx_hal.o
 .comment       0x0000000000000043       0x44 ./Drivers/STM32F4xx_HAL_Driver/Src/stm32f4xx_hal_adc.o
 .comment       0x0000000000000043       0x44 ./Drivers/STM32F4xx_HAL_Driver/Src/stm32f4xx_hal_can.o
 .comment       0x0000000000000043       0x44 ./Drivers/STM32F4xx_HAL_Driver/Src/stm32f4xx_hal_cortex.o
 .comment       0x0000000000000043       0x44 ./Drivers/STM32F4xx_HAL_Driver/Src/stm32f4xx_hal_gpio.o
 .comment       0x0000000000000043       0x44 ./Drivers/STM32F4xx_HAL_Driver/Src/stm32f4xx_hal_rcc.o
 .comment       0x0000000000000043       0x44 ./Drivers/STM32F4xx_HAL_Driver/Src/stm32f4xx_hal_tim.o
 .comment       0x0000000000000043       0x44 ./Drivers/STM32F4xx_HAL_Driver/Src/stm32f4xx_hal_tim_ex.o

.debug_info     0x0000000000000000     0xd005
 .debug_info    0x0000000000000000      0x6b2 ./Core/Src/adc.o
 .debug_info    0x00000000000006b2     0x230d ./Core/Src/main.o
 .debug_info    0x00000000000029bf     0x14b8 ./Core/Src/stm32f4xx_hal_msp.o
 .debug_info    0x0000000000003e77      0xb98 ./Core/Src/stm32f4xx_it.o
 .debug_info    0x0000000000004a0f      0x52e ./Core/Src/system_stm32f4xx.o
 .debug_info    0x0000000000004f3d       0x23 ./Core/Startup/startup_stm32f429zitx.o
 .debug_info    0x0000000000004f60      0x9be ./Drivers/STM32F4xx_HAL_Driver/Src/stm32f4xx_hal.o
 .debug_info    0x000000000000591e      0xcd4 ./Drivers/STM32F4xx_HAL_Driver/Src/stm32f4xx_hal_adc.o
 .debug_info    0x00000000000065f2      0xefd ./Drivers/STM32F4xx_HAL_Driver/Src/stm32f4xx_hal_can.o
 .debug_info    0x00000000000074ef      0xd7c ./Drivers/STM32F4xx_HAL_Driver/Src/stm32f4xx_hal_cortex.o
 .debug_info    0x000000000000826b      0x6db ./Drivers/STM32F4xx_HAL_Driver/Src/stm32f4xx_hal_gpio.o
 .debug_info    0x0000000000008946      0x8c9 ./Drivers/STM32F4xx_HAL_Driver/Src/stm32f4xx_hal_rcc.o
 .debug_info    0x000000000000920f     0x2948 ./Drivers/STM32F4xx_HAL_Driver/Src/stm32f4xx_hal_tim.o
 .debug_info    0x000000000000bb57     0x14ae ./Drivers/STM32F4xx_HAL_Driver/Src/stm32f4xx_hal_tim_ex.o

.debug_abbrev   0x0000000000000000     0x1dbd
 .debug_abbrev  0x0000000000000000      0x173 ./Core/Src/adc.o
 .debug_abbrev  0x0000000000000173      0x38a ./Core/Src/main.o
 .debug_abbrev  0x00000000000004fd      0x24b ./Core/Src/stm32f4xx_hal_msp.o
 .debug_abbrev  0x0000000000000748      0x20b ./Core/Src/stm32f4xx_it.o
 .debug_abbrev  0x0000000000000953      0x11a ./Core/Src/system_stm32f4xx.o
 .debug_abbrev  0x0000000000000a6d       0x12 ./Core/Startup/startup_stm32f429zitx.o
 .debug_abbrev  0x0000000000000a7f      0x213 ./Drivers/STM32F4xx_HAL_Driver/Src/stm32f4xx_hal.o
 .debug_abbrev  0x0000000000000c92      0x252 ./Drivers/STM32F4xx_HAL_Driver/Src/stm32f4xx_hal_adc.o
 .debug_abbrev  0x0000000000000ee4      0x23b ./Drivers/STM32F4xx_HAL_Driver/Src/stm32f4xx_hal_can.o
 .debug_abbrev  0x000000000000111f      0x327 ./Drivers/STM32F4xx_HAL_Driver/Src/stm32f4xx_hal_cortex.o
 .debug_abbrev  0x0000000000001446      0x1d4 ./Drivers/STM32F4xx_HAL_Driver/Src/stm32f4xx_hal_gpio.o
 .debug_abbrev  0x000000000000161a      0x2b6 ./Drivers/STM32F4xx_HAL_Driver/Src/stm32f4xx_hal_rcc.o
 .debug_abbrev  0x00000000000018d0      0x271 ./Drivers/STM32F4xx_HAL_Driver/Src/stm32f4xx_hal_tim.o
 .debug_abbrev  0x0000000000001b41      0x27c ./Drivers/STM32F4xx_HAL_Driver/Src/stm32f4xx_hal_tim_ex.o

.debug_aranges  0x0000000000000000      0xc88
 .debug_aranges
                0x0000000000000000       0x20 ./Core/Src/adc.o
 .debug_aranges
                0x0000000000000020       0xc8 ./Core/Src/main.o
 .debug_aranges
                0x00000000000000e8       0x50 ./Core/Src/stm32f4xx_hal_msp.o
 .debug_aranges
                0x0000000000000138       0xb0 ./Core/Src/stm32f4xx_it.o
 .debug_aranges
                0x00000000000001e8       0x28 ./Core/Src/system_stm32f4xx.o
 .debug_aranges
                0x0000000000000210       0x28 ./Core/Startup/startup_stm32f429zitx.o
 .debug_aranges
                0x0000000000000238      0x100 ./Drivers/STM32F4xx_HAL_Driver/Src/stm32f4xx_hal.o
 .debug_aranges
                0x0000000000000338       0xe8 ./Drivers/STM32F4xx_HAL_Driver/Src/stm32f4xx_hal_adc.o
 .debug_aranges
                0x0000000000000420      0x138 ./Drivers/STM32F4xx_HAL_Driver/Src/stm32f4xx_hal_can.o
 .debug_aranges
                0x0000000000000558      0x118 ./Drivers/STM32F4xx_HAL_Driver/Src/stm32f4xx_hal_cortex.o
 .debug_aranges
                0x0000000000000670       0x58 ./Drivers/STM32F4xx_HAL_Driver/Src/stm32f4xx_hal_gpio.o
 .debug_aranges
                0x00000000000006c8       0x88 ./Drivers/STM32F4xx_HAL_Driver/Src/stm32f4xx_hal_rcc.o
 .debug_aranges
                0x0000000000000750      0x3d0 ./Drivers/STM32F4xx_HAL_Driver/Src/stm32f4xx_hal_tim.o
 .debug_aranges
                0x0000000000000b20      0x168 ./Drivers/STM32F4xx_HAL_Driver/Src/stm32f4xx_hal_tim_ex.o

.debug_rnglists
                0x0000000000000000      0x9af
 .debug_rnglists
                0x0000000000000000       0x13 ./Core/Src/adc.o
 .debug_rnglists
                0x0000000000000013       0x9f ./Core/Src/main.o
 .debug_rnglists
                0x00000000000000b2       0x3b ./Core/Src/stm32f4xx_hal_msp.o
 .debug_rnglists
                0x00000000000000ed       0x7f ./Core/Src/stm32f4xx_it.o
 .debug_rnglists
                0x000000000000016c       0x1a ./Core/Src/system_stm32f4xx.o
 .debug_rnglists
                0x0000000000000186       0x19 ./Core/Startup/startup_stm32f429zitx.o
 .debug_rnglists
                0x000000000000019f       0xbb ./Drivers/STM32F4xx_HAL_Driver/Src/stm32f4xx_hal.o
 .debug_rnglists
                0x000000000000025a       0xb5 ./Drivers/STM32F4xx_HAL_Driver/Src/stm32f4xx_hal_adc.o
 .debug_rnglists
                0x000000000000030f       0xee ./Drivers/STM32F4xx_HAL_Driver/Src/stm32f4xx_hal_can.o
 .debug_rnglists
                0x00000000000003fd       0xce ./Drivers/STM32F4xx_HAL_Driver/Src/stm32f4xx_hal_cortex.o
 .debug_rnglists
                0x00000000000004cb       0x3f ./Drivers/STM32F4xx_HAL_Driver/Src/stm32f4xx_hal_gpio.o
 .debug_rnglists
                0x000000000000050a       0x66 ./Drivers/STM32F4xx_HAL_Driver/Src/stm32f4xx_hal_rcc.o
 .debug_rnglists
                0x0000000000000570      0x31a ./Drivers/STM32F4xx_HAL_Driver/Src/stm32f4xx_hal_tim.o
 .debug_rnglists
                0x000000000000088a      0x125 ./Drivers/STM32F4xx_HAL_Driver/Src/stm32f4xx_hal_tim_ex.o

.debug_macro    0x0000000000000000    0x240c8
 .debug_macro   0x0000000000000000      0x20f ./Core/Src/adc.o
 .debug_macro   0x000000000000020f      0xaa8 ./Core/Src/adc.o
 .debug_macro   0x0000000000000cb7      0x2a1 ./Core/Src/adc.o
 .debug_macro   0x0000000000000f58       0x2e ./Core/Src/adc.o
 .debug_macro   0x0000000000000f86       0x28 ./Core/Src/adc.o
 .debug_macro   0x0000000000000fae       0x22 ./Core/Src/adc.o
 .debug_macro   0x0000000000000fd0       0x8e ./Core/Src/adc.o
 .debug_macro   0x000000000000105e       0x51 ./Core/Src/adc.o
 .debug_macro   0x00000000000010af      0x103 ./Core/Src/adc.o
 .debug_macro   0x00000000000011b2       0x6a ./Core/Src/adc.o
 .debug_macro   0x000000000000121c      0x1df ./Core/Src/adc.o
 .debug_macro   0x00000000000013fb       0x1c ./Core/Src/adc.o
 .debug_macro   0x0000000000001417       0x22 ./Core/Src/adc.o
 .debug_macro   0x0000000000001439       0xd9 ./Core/Src/adc.o
 .debug_macro   0x0000000000001512     0x102d ./Core/Src/adc.o
 .debug_macro   0x000000000000253f      0x11f ./Core/Src/adc.o
 .debug_macro   0x000000000000265e    0x17fc0 ./Core/Src/adc.o
 .debug_macro   0x000000000001a61e       0x6d ./Core/Src/adc.o
 .debug_macro   0x000000000001a68b     0x36f5 ./Core/Src/adc.o
 .debug_macro   0x000000000001dd80      0x174 ./Core/Src/adc.o
 .debug_macro   0x000000000001def4       0x5c ./Core/Src/adc.o
 .debug_macro   0x000000000001df50      0xca5 ./Core/Src/adc.o
 .debug_macro   0x000000000001ebf5      0x9fe ./Core/Src/adc.o
 .debug_macro   0x000000000001f5f3      0x115 ./Core/Src/adc.o
 .debug_macro   0x000000000001f708      0x156 ./Core/Src/adc.o
 .debug_macro   0x000000000001f85e       0xa5 ./Core/Src/adc.o
 .debug_macro   0x000000000001f903      0x182 ./Core/Src/adc.o
 .debug_macro   0x000000000001fa85      0x287 ./Core/Src/adc.o
 .debug_macro   0x000000000001fd0c       0x5f ./Core/Src/adc.o
 .debug_macro   0x000000000001fd6b      0x236 ./Core/Src/adc.o
 .debug_macro   0x000000000001ffa1      0xb54 ./Core/Src/adc.o
 .debug_macro   0x0000000000020af5      0x38b ./Core/Src/adc.o
 .debug_macro   0x0000000000020e80      0x184 ./Core/Src/adc.o
 .debug_macro   0x0000000000021004       0xf9 ./Core/Src/adc.o
 .debug_macro   0x00000000000210fd      0x40f ./Core/Src/adc.o
 .debug_macro   0x000000000002150c      0x132 ./Core/Src/adc.o
 .debug_macro   0x000000000002163e      0x41d ./Core/Src/adc.o
 .debug_macro   0x0000000000021a5b       0x2e ./Core/Src/adc.o
 .debug_macro   0x0000000000021a89      0x11a ./Core/Src/adc.o
 .debug_macro   0x0000000000021ba3       0xe2 ./Core/Src/adc.o
 .debug_macro   0x0000000000021c85       0x89 ./Core/Src/adc.o
 .debug_macro   0x0000000000021d0e      0x8e6 ./Core/Src/adc.o
 .debug_macro   0x00000000000225f4       0x47 ./Core/Src/adc.o
 .debug_macro   0x000000000002263b      0x134 ./Core/Src/adc.o
 .debug_macro   0x000000000002276f      0x106 ./Core/Src/adc.o
 .debug_macro   0x0000000000022875      0x205 ./Core/Src/main.o
 .debug_macro   0x0000000000022a7a      0x205 ./Core/Src/stm32f4xx_hal_msp.o
 .debug_macro   0x0000000000022c7f      0x20f ./Core/Src/stm32f4xx_it.o
 .debug_macro   0x0000000000022e8e      0x1f6 ./Core/Src/system_stm32f4xx.o
 .debug_macro   0x0000000000023084      0x256 ./Drivers/STM32F4xx_HAL_Driver/Src/stm32f4xx_hal.o
 .debug_macro   0x00000000000232da      0x1f7 ./Drivers/STM32F4xx_HAL_Driver/Src/stm32f4xx_hal_adc.o
 .debug_macro   0x00000000000234d1      0x1fe ./Drivers/STM32F4xx_HAL_Driver/Src/stm32f4xx_hal_can.o
 .debug_macro   0x00000000000236cf      0x1f6 ./Drivers/STM32F4xx_HAL_Driver/Src/stm32f4xx_hal_cortex.o
 .debug_macro   0x00000000000238c5      0x1fc ./Drivers/STM32F4xx_HAL_Driver/Src/stm32f4xx_hal_gpio.o
 .debug_macro   0x0000000000023ac1      0x21a ./Drivers/STM32F4xx_HAL_Driver/Src/stm32f4xx_hal_rcc.o
 .debug_macro   0x0000000000023cdb      0x1f7 ./Drivers/STM32F4xx_HAL_Driver/Src/stm32f4xx_hal_tim.o
 .debug_macro   0x0000000000023ed2      0x1f6 ./Drivers/STM32F4xx_HAL_Driver/Src/stm32f4xx_hal_tim_ex.o

.debug_line     0x0000000000000000     0xe688
 .debug_line    0x0000000000000000      0x85b ./Core/Src/adc.o
 .debug_line    0x000000000000085b     0x128b ./Core/Src/main.o
 .debug_line    0x0000000000001ae6      0xa07 ./Core/Src/stm32f4xx_hal_msp.o
 .debug_line    0x00000000000024ed      0x9ff ./Core/Src/stm32f4xx_it.o
 .debug_line    0x0000000000002eec      0x8cd ./Core/Src/system_stm32f4xx.o
 .debug_line    0x00000000000037b9       0x7a ./Core/Startup/startup_stm32f429zitx.o
 .debug_line    0x0000000000003833      0xb69 ./Drivers/STM32F4xx_HAL_Driver/Src/stm32f4xx_hal.o
 .debug_line    0x000000000000439c     0x13a3 ./Drivers/STM32F4xx_HAL_Driver/Src/stm32f4xx_hal_adc.o
 .debug_line    0x000000000000573f     0x129f ./Drivers/STM32F4xx_HAL_Driver/Src/stm32f4xx_hal_can.o
 .debug_line    0x00000000000069de      0xde2 ./Drivers/STM32F4xx_HAL_Driver/Src/stm32f4xx_hal_cortex.o
 .debug_line    0x00000000000077c0      0xccf ./Drivers/STM32F4xx_HAL_Driver/Src/stm32f4xx_hal_gpio.o
 .debug_line    0x000000000000848f      0xeaa ./Drivers/STM32F4xx_HAL_Driver/Src/stm32f4xx_hal_rcc.o
 .debug_line    0x0000000000009339     0x381f ./Drivers/STM32F4xx_HAL_Driver/Src/stm32f4xx_hal_tim.o
 .debug_line    0x000000000000cb58     0x1b30 ./Drivers/STM32F4xx_HAL_Driver/Src/stm32f4xx_hal_tim_ex.o

.debug_str      0x0000000000000000    0xe314b
 .debug_str     0x0000000000000000    0xdf474 ./Core/Src/adc.o
                                      0xdf760 (size before relaxing)
 .debug_str     0x00000000000df474     0x1449 ./Core/Src/main.o
                                      0xe0c7f (size before relaxing)
 .debug_str     0x00000000000e08bd       0xe3 ./Core/Src/stm32f4xx_hal_msp.o
                                      0xe035a (size before relaxing)
 .debug_str     0x00000000000e09a0      0x1c6 ./Core/Src/stm32f4xx_it.o
                                      0xdfc04 (size before relaxing)
 .debug_str     0x00000000000e0b66       0xdb ./Core/Src/system_stm32f4xx.o
                                      0xdf069 (size before relaxing)
 .debug_str     0x00000000000e0c41       0x34 ./Core/Startup/startup_stm32f429zitx.o
                                         0x80 (size before relaxing)
 .debug_str     0x00000000000e0c75      0x646 ./Drivers/STM32F4xx_HAL_Driver/Src/stm32f4xx_hal.o
                                      0xdfc8c (size before relaxing)
 .debug_str     0x00000000000e12bb      0x28d ./Drivers/STM32F4xx_HAL_Driver/Src/stm32f4xx_hal_adc.o
                                      0xdf643 (size before relaxing)
 .debug_str     0x00000000000e1548      0x3b9 ./Drivers/STM32F4xx_HAL_Driver/Src/stm32f4xx_hal_can.o
                                      0xdf742 (size before relaxing)
 .debug_str     0x00000000000e1901      0x32b ./Drivers/STM32F4xx_HAL_Driver/Src/stm32f4xx_hal_cortex.o
                                      0xdf971 (size before relaxing)
 .debug_str     0x00000000000e1c2c       0xbf ./Drivers/STM32F4xx_HAL_Driver/Src/stm32f4xx_hal_gpio.o
                                      0xdf1e4 (size before relaxing)
 .debug_str     0x00000000000e1ceb      0x233 ./Drivers/STM32F4xx_HAL_Driver/Src/stm32f4xx_hal_rcc.o
                                      0xdf49d (size before relaxing)
 .debug_str     0x00000000000e1f1e      0xd9a ./Drivers/STM32F4xx_HAL_Driver/Src/stm32f4xx_hal_tim.o
                                      0xe03d0 (size before relaxing)
 .debug_str     0x00000000000e2cb8      0x493 ./Drivers/STM32F4xx_HAL_Driver/Src/stm32f4xx_hal_tim_ex.o
                                      0xdfbec (size before relaxing)

.debug_frame    0x0000000000000000     0x3690
 .debug_frame   0x0000000000000000       0x34 ./Core/Src/adc.o
 .debug_frame   0x0000000000000034      0x300 ./Core/Src/main.o
 .debug_frame   0x0000000000000334      0x110 ./Core/Src/stm32f4xx_hal_msp.o
 .debug_frame   0x0000000000000444      0x21c ./Core/Src/stm32f4xx_it.o
 .debug_frame   0x0000000000000660       0x58 ./Core/Src/system_stm32f4xx.o
 .debug_frame   0x00000000000006b8      0x3b4 ./Drivers/STM32F4xx_HAL_Driver/Src/stm32f4xx_hal.o
 .debug_frame   0x0000000000000a6c      0x3fc ./Drivers/STM32F4xx_HAL_Driver/Src/stm32f4xx_hal_adc.o
 .debug_frame   0x0000000000000e68      0x5a0 ./Drivers/STM32F4xx_HAL_Driver/Src/stm32f4xx_hal_can.o
 .debug_frame   0x0000000000001408      0x498 ./Drivers/STM32F4xx_HAL_Driver/Src/stm32f4xx_hal_cortex.o
 .debug_frame   0x00000000000018a0      0x14c ./Drivers/STM32F4xx_HAL_Driver/Src/stm32f4xx_hal_gpio.o
 .debug_frame   0x00000000000019ec      0x1f4 ./Drivers/STM32F4xx_HAL_Driver/Src/stm32f4xx_hal_rcc.o
 .debug_frame   0x0000000000001be0     0x11c4 ./Drivers/STM32F4xx_HAL_Driver/Src/stm32f4xx_hal_tim.o
 .debug_frame   0x0000000000002da4      0x638 ./Drivers/STM32F4xx_HAL_Driver/Src/stm32f4xx_hal_tim_ex.o
 .debug_frame   0x00000000000033dc       0x20 E:/STM installation/STM32CubeIDE_1.13.2/STM32CubeIDE/plugins/com.st.stm32cube.ide.mcu.externaltools.gnu-tools-for-stm32.11.3.rel1.win32_1.1.1.202309131626/tools/bin/../lib/gcc/arm-none-eabi/11.3.1/../../../../arm-none-eabi/lib/thumb/v7e-m+fp/hard\libc_nano.a(libc_a-memset.o)
 .debug_frame   0x00000000000033fc       0x2c E:/STM installation/STM32CubeIDE_1.13.2/STM32CubeIDE/plugins/com.st.stm32cube.ide.mcu.externaltools.gnu-tools-for-stm32.11.3.rel1.win32_1.1.1.202309131626/tools/bin/../lib/gcc/arm-none-eabi/11.3.1/../../../../arm-none-eabi/lib/thumb/v7e-m+fp/hard\libc_nano.a(libc_a-init.o)
 .debug_frame   0x0000000000003428       0xac E:/STM installation/STM32CubeIDE_1.13.2/STM32CubeIDE/plugins/com.st.stm32cube.ide.mcu.externaltools.gnu-tools-for-stm32.11.3.rel1.win32_1.1.1.202309131626/tools/bin/../lib/gcc/arm-none-eabi/11.3.1/thumb/v7e-m+fp/hard\libgcc.a(_arm_addsubdf3.o)
 .debug_frame   0x00000000000034d4       0x50 E:/STM installation/STM32CubeIDE_1.13.2/STM32CubeIDE/plugins/com.st.stm32cube.ide.mcu.externaltools.gnu-tools-for-stm32.11.3.rel1.win32_1.1.1.202309131626/tools/bin/../lib/gcc/arm-none-eabi/11.3.1/thumb/v7e-m+fp/hard\libgcc.a(_arm_muldivdf3.o)
 .debug_frame   0x0000000000003524       0xc4 E:/STM installation/STM32CubeIDE_1.13.2/STM32CubeIDE/plugins/com.st.stm32cube.ide.mcu.externaltools.gnu-tools-for-stm32.11.3.rel1.win32_1.1.1.202309131626/tools/bin/../lib/gcc/arm-none-eabi/11.3.1/thumb/v7e-m+fp/hard\libgcc.a(_arm_cmpdf2.o)
 .debug_frame   0x00000000000035e8       0x24 E:/STM installation/STM32CubeIDE_1.13.2/STM32CubeIDE/plugins/com.st.stm32cube.ide.mcu.externaltools.gnu-tools-for-stm32.11.3.rel1.win32_1.1.1.202309131626/tools/bin/../lib/gcc/arm-none-eabi/11.3.1/thumb/v7e-m+fp/hard\libgcc.a(_arm_fixunsdfsi.o)
 .debug_frame   0x000000000000360c       0x24 E:/STM installation/STM32CubeIDE_1.13.2/STM32CubeIDE/plugins/com.st.stm32cube.ide.mcu.externaltools.gnu-tools-for-stm32.11.3.rel1.win32_1.1.1.202309131626/tools/bin/../lib/gcc/arm-none-eabi/11.3.1/thumb/v7e-m+fp/hard\libgcc.a(_arm_truncdfsf2.o)
 .debug_frame   0x0000000000003630       0x2c E:/STM installation/STM32CubeIDE_1.13.2/STM32CubeIDE/plugins/com.st.stm32cube.ide.mcu.externaltools.gnu-tools-for-stm32.11.3.rel1.win32_1.1.1.202309131626/tools/bin/../lib/gcc/arm-none-eabi/11.3.1/thumb/v7e-m+fp/hard\libgcc.a(_aeabi_uldivmod.o)
 .debug_frame   0x000000000000365c       0x34 E:/STM installation/STM32CubeIDE_1.13.2/STM32CubeIDE/plugins/com.st.stm32cube.ide.mcu.externaltools.gnu-tools-for-stm32.11.3.rel1.win32_1.1.1.202309131626/tools/bin/../lib/gcc/arm-none-eabi/11.3.1/thumb/v7e-m+fp/hard\libgcc.a(_udivmoddi4.o)

.debug_line_str
                0x0000000000000000       0x74
 .debug_line_str
                0x0000000000000000       0x74 ./Core/Startup/startup_stm32f429zitx.o
                                         0x8c (size before relaxing)
