../Core/Src/main.c:137:5:main	8	static
../Core/Src/main.c:205:6:SystemClock_Config	88	static
../Core/Src/main.c:247:13:MX_ADC1_Init	24	static
../Core/Src/main.c:299:13:MX_ADC2_Init	24	static
../Core/Src/main.c:351:13:MX_ADC3_Init	24	static
../Core/Src/main.c:403:13:MX_CAN1_Init	8	static
../Core/Src/main.c:440:13:MX_CAN2_Init	8	static
../Core/Src/main.c:477:13:MX_I2C1_Init	8	static
../Core/Src/main.c:525:13:MX_I2C2_Init	8	static
../Core/Src/main.c:573:13:MX_SPI4_Init	8	static
../Core/Src/main.c:611:13:MX_TIM1_Init	112	static
../Core/Src/main.c:696:13:MX_TIM2_Init	64	static
../Core/Src/main.c:754:13:MX_TIM5_Init	64	static
../Core/Src/main.c:817:13:MX_TIM13_Init	8	static
../Core/Src/main.c:848:13:MX_GPIO_Init	56	static
../Core/Src/main.c:918:6:HAL_GPIO_EXTI_Callback	16	static
../Core/Src/main.c:927:10:ADC_Read	40	static
../Core/Src/main.c:942:13:Tim1_cust	4	static
../Core/Src/main.c:1006:13:Tim2_cust	4	static
../Core/Src/main.c:1037:6:func_time	16	static
../Core/Src/main.c:1047:6:diffunc	8	static
../Core/Src/main.c:1059:6:pres_temp	16	static
../Core/Src/main.c:1111:6:dampers	8	static
../Core/Src/main.c:1122:6:irsens	8	static
../Core/Src/main.c:1132:6:flowrate1	8	static
../Core/Src/main.c:1141:6:flowrate2	8	static
../Core/Src/main.c:1152:6:lv_batt	8	static
../Core/Src/main.c:1159:6:HAL_TIM_PWM_PulseFinishedCallback	16	static
../Core/Src/main.c:1177:6:CAN_Start	88	static
../Core/Src/main.c:1235:6:CAN_Tx	56	static
../Core/Src/main.c:1254:6:HAL_CAN_RxFifo0MsgPendingCallback	16	static
../Core/Src/main.c:1263:6:CAN_transmit	8	static
../Core/Src/main.c:1286:6:eq_CAN_Tx	32	static
../Core/Src/main.c:1302:6:dq_CAN_Tx	16	static
../Core/Src/main.c:1318:6:fanpwm	8	static
../Core/Src/main.c:1331:6:Error_Handler	4	static,ignoring_inline_asm
