../Core/Src/main.c:176:5:main	16	static
../Core/Src/main.c:392:6:SystemClock_Config	88	static
../Core/Src/main.c:434:13:MX_ADC1_Init	24	static
../Core/Src/main.c:486:13:MX_ADC3_Init	24	static
../Core/Src/main.c:538:13:MX_CAN1_Init	8	static
../Core/Src/main.c:575:13:MX_CAN2_Init	8	static
../Core/Src/main.c:612:13:MX_TIM5_Init	40	static
../Core/Src/main.c:658:13:MX_TIM6_Init	16	static
../Core/Src/main.c:696:13:MX_TIM7_Init	16	static
../Core/Src/main.c:734:13:MX_GPIO_Init	56	static
../Core/Src/main.c:835:6:CAN_Start	88	static
../Core/Src/main.c:897:6:CAN_Tx	56	static
../Core/Src/main.c:913:6:HAL_CAN_RxFifo0MsgPendingCallback	16	static
../Core/Src/main.c:925:7:map	24	static
../Core/Src/main.c:938:6:implausiblityCheck	8	static
../Core/Src/main.c:948:6:softBSPD	8	static
../Core/Src/main.c:969:6:HAL_GPIO_EXTI_Callback	16	static
../Core/Src/main.c:1003:6:HAL_TIM_PeriodElapsedCallback	16	static
../Core/Src/main.c:1046:6:CAN_Transmit_Messages	8	static
../Core/Src/main.c:1129:6:eq_CAN_Tx	32	static
../Core/Src/main.c:1145:6:dq_CAN_Tx	16	static
../Core/Src/main.c:1165:6:Error_Handler	4	static,ignoring_inline_asm
