Archive member included to satisfy reference by file (symbol)

C:/ST/STM32CubeIDE_1.14.1/STM32CubeIDE/plugins/com.st.stm32cube.ide.mcu.externaltools.gnu-tools-for-stm32.11.3.rel1.win32_1.1.100.202309141235/tools/bin/../lib/gcc/arm-none-eabi/11.3.1/../../../../arm-none-eabi/lib/thumb/v7e-m+fp/hard\libc_nano.a(libc_a-exit.o)
                              C:/ST/STM32CubeIDE_1.14.1/STM32CubeIDE/plugins/com.st.stm32cube.ide.mcu.externaltools.gnu-tools-for-stm32.11.3.rel1.win32_1.1.100.202309141235/tools/bin/../lib/gcc/arm-none-eabi/11.3.1/../../../../arm-none-eabi/lib/thumb/v7e-m+fp/hard/crt0.o (exit)
C:/ST/STM32CubeIDE_1.14.1/STM32CubeIDE/plugins/com.st.stm32cube.ide.mcu.externaltools.gnu-tools-for-stm32.11.3.rel1.win32_1.1.100.202309141235/tools/bin/../lib/gcc/arm-none-eabi/11.3.1/../../../../arm-none-eabi/lib/thumb/v7e-m+fp/hard\libc_nano.a(libc_a-findfp.o)
                              C:/ST/STM32CubeIDE_1.14.1/STM32CubeIDE/plugins/com.st.stm32cube.ide.mcu.externaltools.gnu-tools-for-stm32.11.3.rel1.win32_1.1.100.202309141235/tools/bin/../lib/gcc/arm-none-eabi/11.3.1/../../../../arm-none-eabi/lib/thumb/v7e-m+fp/hard\libc_nano.a(libc_a-exit.o) (__stdio_exit_handler)
C:/ST/STM32CubeIDE_1.14.1/STM32CubeIDE/plugins/com.st.stm32cube.ide.mcu.externaltools.gnu-tools-for-stm32.11.3.rel1.win32_1.1.100.202309141235/tools/bin/../lib/gcc/arm-none-eabi/11.3.1/../../../../arm-none-eabi/lib/thumb/v7e-m+fp/hard\libc_nano.a(libc_a-fwalk.o)
                              C:/ST/STM32CubeIDE_1.14.1/STM32CubeIDE/plugins/com.st.stm32cube.ide.mcu.externaltools.gnu-tools-for-stm32.11.3.rel1.win32_1.1.100.202309141235/tools/bin/../lib/gcc/arm-none-eabi/11.3.1/../../../../arm-none-eabi/lib/thumb/v7e-m+fp/hard\libc_nano.a(libc_a-findfp.o) (_fwalk_sglue)
C:/ST/STM32CubeIDE_1.14.1/STM32CubeIDE/plugins/com.st.stm32cube.ide.mcu.externaltools.gnu-tools-for-stm32.11.3.rel1.win32_1.1.100.202309141235/tools/bin/../lib/gcc/arm-none-eabi/11.3.1/../../../../arm-none-eabi/lib/thumb/v7e-m+fp/hard\libc_nano.a(libc_a-stdio.o)
                              C:/ST/STM32CubeIDE_1.14.1/STM32CubeIDE/plugins/com.st.stm32cube.ide.mcu.externaltools.gnu-tools-for-stm32.11.3.rel1.win32_1.1.100.202309141235/tools/bin/../lib/gcc/arm-none-eabi/11.3.1/../../../../arm-none-eabi/lib/thumb/v7e-m+fp/hard\libc_nano.a(libc_a-findfp.o) (__sread)
C:/ST/STM32CubeIDE_1.14.1/STM32CubeIDE/plugins/com.st.stm32cube.ide.mcu.externaltools.gnu-tools-for-stm32.11.3.rel1.win32_1.1.100.202309141235/tools/bin/../lib/gcc/arm-none-eabi/11.3.1/../../../../arm-none-eabi/lib/thumb/v7e-m+fp/hard\libc_nano.a(libc_a-memset.o)
                              C:/ST/STM32CubeIDE_1.14.1/STM32CubeIDE/plugins/com.st.stm32cube.ide.mcu.externaltools.gnu-tools-for-stm32.11.3.rel1.win32_1.1.100.202309141235/tools/bin/../lib/gcc/arm-none-eabi/11.3.1/../../../../arm-none-eabi/lib/thumb/v7e-m+fp/hard/crt0.o (memset)
C:/ST/STM32CubeIDE_1.14.1/STM32CubeIDE/plugins/com.st.stm32cube.ide.mcu.externaltools.gnu-tools-for-stm32.11.3.rel1.win32_1.1.100.202309141235/tools/bin/../lib/gcc/arm-none-eabi/11.3.1/../../../../arm-none-eabi/lib/thumb/v7e-m+fp/hard\libc_nano.a(libc_a-closer.o)
                              C:/ST/STM32CubeIDE_1.14.1/STM32CubeIDE/plugins/com.st.stm32cube.ide.mcu.externaltools.gnu-tools-for-stm32.11.3.rel1.win32_1.1.100.202309141235/tools/bin/../lib/gcc/arm-none-eabi/11.3.1/../../../../arm-none-eabi/lib/thumb/v7e-m+fp/hard\libc_nano.a(libc_a-stdio.o) (_close_r)
C:/ST/STM32CubeIDE_1.14.1/STM32CubeIDE/plugins/com.st.stm32cube.ide.mcu.externaltools.gnu-tools-for-stm32.11.3.rel1.win32_1.1.100.202309141235/tools/bin/../lib/gcc/arm-none-eabi/11.3.1/../../../../arm-none-eabi/lib/thumb/v7e-m+fp/hard\libc_nano.a(libc_a-reent.o)
                              C:/ST/STM32CubeIDE_1.14.1/STM32CubeIDE/plugins/com.st.stm32cube.ide.mcu.externaltools.gnu-tools-for-stm32.11.3.rel1.win32_1.1.100.202309141235/tools/bin/../lib/gcc/arm-none-eabi/11.3.1/../../../../arm-none-eabi/lib/thumb/v7e-m+fp/hard\libc_nano.a(libc_a-closer.o) (errno)
C:/ST/STM32CubeIDE_1.14.1/STM32CubeIDE/plugins/com.st.stm32cube.ide.mcu.externaltools.gnu-tools-for-stm32.11.3.rel1.win32_1.1.100.202309141235/tools/bin/../lib/gcc/arm-none-eabi/11.3.1/../../../../arm-none-eabi/lib/thumb/v7e-m+fp/hard\libc_nano.a(libc_a-impure.o)
                              C:/ST/STM32CubeIDE_1.14.1/STM32CubeIDE/plugins/com.st.stm32cube.ide.mcu.externaltools.gnu-tools-for-stm32.11.3.rel1.win32_1.1.100.202309141235/tools/bin/../lib/gcc/arm-none-eabi/11.3.1/../../../../arm-none-eabi/lib/thumb/v7e-m+fp/hard\libc_nano.a(libc_a-reent.o) (_impure_ptr)
C:/ST/STM32CubeIDE_1.14.1/STM32CubeIDE/plugins/com.st.stm32cube.ide.mcu.externaltools.gnu-tools-for-stm32.11.3.rel1.win32_1.1.100.202309141235/tools/bin/../lib/gcc/arm-none-eabi/11.3.1/../../../../arm-none-eabi/lib/thumb/v7e-m+fp/hard\libc_nano.a(libc_a-lseekr.o)
[...]
Memory Configuration

Name             Origin             Length             Attributes
CCMRAM           0x0000000010000000 0x0000000000010000 xrw
RAM              0x0000000020000000 0x0000000000030000 xrw
FLASH            0x0000000008000000 0x0000000000200000 xr
*default*        0x0000000000000000 0xffffffffffffffff

Linker script and memory map

LOAD C:/ST/STM32CubeIDE_1.14.1/STM32CubeIDE/plugins/com.st.stm32cube.ide.mcu.externaltools.gnu-tools-for-stm32.11.3.rel1.win32_1.1.100.202309141235/tools/bin/../lib/gcc/arm-none-eabi/11.3.1/thumb/v7e-m+fp/hard/crti.o
LOAD C:/ST/STM32CubeIDE_1.14.1/STM32CubeIDE/plugins/com.st.stm32cube.ide.mcu.externaltools.gnu-tools-for-stm32.11.3.rel1.win32_1.1.100.202309141235/tools/bin/../lib/gcc/arm-none-eabi/11.3.1/thumb/v7e-m+fp/hard/crtbegin.o
LOAD C:/ST/STM32CubeIDE_1.14.1/STM32CubeIDE/plugins/com.st.stm32cube.ide.mcu.externaltools.gnu-tools-for-stm32.11.3.rel1.win32_1.1.100.202309141235/tools/bin/../lib/gcc/arm-none-eabi/11.3.1/../../../../arm-none-eabi/lib/thumb/v7e-m+fp/hard/crt0.o
LOAD ./Core/Src/main.o
LOAD ./Core/Src/stm32f4xx_hal_msp.o
LOAD ./Core/Src/stm32f4xx_it.o
LOAD ./Core/Src/syscalls.o
LOAD ./Core/Src/sysmem.o
LOAD ./Core/Src/system_stm32f4xx.o
LOAD ./Core/Startup/startup_stm32f429zitx.o
LOAD ./Drivers/STM32F4xx_HAL_Driver/Src/stm32f4xx_hal.o
LOAD ./Drivers/STM32F4xx_HAL_Driver/Src/stm32f4xx_hal_adc.o
LOAD ./Drivers/STM32F4xx_HAL_Driver/Src/stm32f4xx_hal_adc_ex.o
LOAD ./Drivers/STM32F4xx_HAL_Driver/Src/stm32f4xx_hal_can.o
LOAD ./Drivers/STM32F4xx_HAL_Driver/Src/stm32f4xx_hal_cortex.o
LOAD ./Drivers/STM32F4xx_HAL_Driver/Src/stm32f4xx_hal_dma.o
LOAD ./Drivers/STM32F4xx_HAL_Driver/Src/stm32f4xx_hal_dma_ex.o
LOAD ./Drivers/STM32F4xx_HAL_Driver/Src/stm32f4xx_hal_exti.o
LOAD ./Drivers/STM32F4xx_HAL_Driver/Src/stm32f4xx_hal_flash.o
LOAD ./Drivers/STM32F4xx_HAL_Driver/Src/stm32f4xx_hal_flash_ex.o
LOAD ./Drivers/STM32F4xx_HAL_Driver/Src/stm32f4xx_hal_flash_ramfunc.o
LOAD ./Drivers/STM32F4xx_HAL_Driver/Src/stm32f4xx_hal_gpio.o
LOAD ./Drivers/STM32F4xx_HAL_Driver/Src/stm32f4xx_hal_pwr.o
LOAD ./Drivers/STM32F4xx_HAL_Driver/Src/stm32f4xx_hal_pwr_ex.o
LOAD ./Drivers/STM32F4xx_HAL_Driver/Src/stm32f4xx_hal_rcc.o
LOAD ./Drivers/STM32F4xx_HAL_Driver/Src/stm32f4xx_hal_rcc_ex.o
LOAD ./Drivers/STM32F4xx_HAL_Driver/Src/stm32f4xx_hal_tim.o
LOAD ./Drivers/STM32F4xx_HAL_Driver/Src/stm32f4xx_hal_tim_ex.o
LOAD ./Drivers/STM32F4xx_HAL_Driver/Src/stm32f4xx_ll_adc.o
START GROUP
LOAD C:/ST/STM32CubeIDE_1.14.1/STM32CubeIDE/plugins/com.st.stm32cube.ide.mcu.externaltools.gnu-tools-for-stm32.11.3.rel1.win32_1.1.100.202309141235/tools/bin/../lib/gcc/arm-none-eabi/11.3.1/../../../../arm-none-eabi/lib/thumb/v7e-m+fp/hard\libc_nano.a
LOAD C:/ST/STM32CubeIDE_1.14.1/STM32CubeIDE/plugins/com.st.stm32cube.ide.mcu.externaltools.gnu-tools-for-stm32.11.3.rel1.win32_1.1.100.202309141235/tools/bin/../lib/gcc/arm-none-eabi/11.3.1/../../../../arm-none-eabi/lib/thumb/v7e-m+fp/hard\libm.a
END GROUP
START GROUP
LOAD C:/ST/STM32CubeIDE_1.14.1/STM32CubeIDE/plugins/com.st.stm32cube.ide.mcu.externaltools.gnu-tools-for-stm32.11.3.rel1.win32_1.1.100.202309141235/tools/bin/../lib/gcc/arm-none-eabi/11.3.1/thumb/v7e-m+fp/hard\libgcc.a
LOAD C:/ST/STM32CubeIDE_1.14.1/STM32CubeIDE/plugins/com.st.stm32cube.ide.mcu.externaltools.gnu-tools-for-stm32.11.3.rel1.win32_1.1.100.202309141235/tools/bin/../lib/gcc/arm-none-eabi/11.3.1/../../../../arm-none-eabi/lib/thumb/v7e-m+fp/hard\libc_nano.a
END GROUP
START GROUP
LOAD C:/ST/STM32CubeIDE_1.14.1/STM32CubeIDE/plugins/com.st.stm32cube.ide.mcu.externaltools.gnu-tools-for-stm32.11.3.rel1.win32_1.1.100.202309141235/tools/bin/../lib/gcc/arm-none-eabi/11.3.1/thumb/v7e-m+fp/hard\libgcc.a
LOAD C:/ST/STM32CubeIDE_1.14.1/STM32CubeIDE/plugins/com.st.stm32cube.ide.mcu.externaltools.gnu-tools-for-stm32.11.3.rel1.win32_1.1.100.202309141235/tools/bin/../lib/gcc/arm-none-eabi/11.3.1/../../../../arm-none-eabi/lib/thumb/v7e-m+fp/hard\libc_nano.a
LOAD C:/ST/STM32CubeIDE_1.14.1/STM32CubeIDE/plugins/com.st.stm32cube.ide.mcu.externaltools.gnu-tools-for-stm32.11.3.rel1.win32_1.1.100.202309141235/tools/bin/../lib/gcc/arm-none-eabi/11.3.1/../../../../arm-none-eabi/lib/thumb/v7e-m+fp/hard\libnosys.a
END GROUP
START GROUP
LOAD C:/ST/STM32CubeIDE_1.14.1/STM32CubeIDE/plugins/com.st.stm32cube.ide.mcu.externaltools.gnu-tools-for-stm32.11.3.rel1.win32_1.1.100.202309141235/tools/bin/../lib/gcc/arm-none-eabi/11.3.1/thumb/v7e-m+fp/hard\libgcc.a
LOAD C:/ST/STM32CubeIDE_1.14.1/STM32CubeIDE/plugins/com.st.stm32cube.ide.mcu.externaltools.gnu-tools-for-stm32.11.3.rel1.win32_1.1.100.202309141235/tools/bin/../lib/gcc/arm-none-eabi/11.3.1/../../../../arm-none-eabi/lib/thumb/v7e-m+fp/hard\libc_nano.a
LOAD C:/ST/STM32CubeIDE_1.14.1/STM32CubeIDE/plugins/com.st.stm32cube.ide.mcu.externaltools.gnu-tools-for-stm32.11.3.rel1.win32_1.1.100.202309141235/tools/bin/../lib/gcc/arm-none-eabi/11.3.1/../../../../arm-none-eabi/lib/thumb/v7e-m+fp/hard\libnosys.a
END GROUP
LOAD C:/ST/STM32CubeIDE_1.14.1/STM32CubeIDE/plugins/com.st.stm32cube.ide.mcu.externaltools.gnu-tools-for-stm32.11.3.rel1.win32_1.1.100.202309141235/tools/bin/../lib/gcc/arm-none-eabi/11.3.1/thumb/v7e-m+fp/hard/crtend.o
LOAD C:/ST/STM32CubeIDE_1.14.1/STM32CubeIDE/plugins/com.st.stm32cube.ide.mcu.externaltools.gnu-tools-for-stm32.11.3.rel1.win32_1.1.100.202309141235/tools/bin/../lib/gcc/arm-none-eabi/11.3.1/thumb/v7e-m+fp/hard/crtn.o
                0x0000000020030000                _estack = (ORIGIN (RAM) + LENGTH (RAM))
                0x0000000000000200                _Min_Heap_Size = 0x200
                0x0000000000000400                _Min_Stack_Size = 0x400

.isr_vector     0x0000000008000000      0x1ac
                0x0000000008000000                . = ALIGN (0x4)
 *(.isr_vector)
 .isr_vector    0x0000000008000000      0x1ac ./Core/Startup/startup_stm32f429zitx.o
                0x0000000008000000                g_pfnVectors
                0x00000000080001ac                . = ALIGN (0x4)

.text           0x00000000080001b0     0x56cc
                0x00000000080001b0                . = ALIGN (0x4)
 *(.text)
 .text          0x00000000080001b0       0x40 C:/ST/STM32CubeIDE_1.14.1/STM32CubeIDE/plugins/com.st.stm32cube.ide.mcu.externaltools.gnu-tools-for-stm32.11.3.rel1.win32_1.1.100.202309141235/tools/bin/../lib/gcc/arm-none-eabi/11.3.1/thumb/v7e-m+fp/hard/crtbegin.o
 .text          0x00000000080001f0      0x378 C:/ST/STM32CubeIDE_1.14.1/STM32CubeIDE/plugins/com.st.stm32cube.ide.mcu.externaltools.gnu-tools-for-stm32.11.3.rel1.win32_1.1.100.202309141235/tools/bin/../lib/gcc/arm-none-eabi/11.3.1/thumb/v7e-m+fp/hard\libgcc.a(_arm_addsubdf3.o)
                0x00000000080001f0                __aeabi_drsub
                0x00000000080001f8                __aeabi_dsub
                0x00000000080001f8                __subdf3
                0x00000000080001fc                __aeabi_dadd
                0x00000000080001fc                __adddf3
                0x0000000008000474                __floatunsidf
                0x0000000008000474                __aeabi_ui2d
                0x0000000008000494                __floatsidf
                0x0000000008000494                __aeabi_i2d
                0x00000000080004b8                __aeabi_f2d
                0x00000000080004b8                __extendsfdf2
                0x00000000080004fc                __floatundidf
                0x00000000080004fc                __aeabi_ul2d
                0x000000000800050c                __floatdidf
                0x000000000800050c                __aeabi_l2d
 .text          0x0000000008000568      0x424 C:/ST/STM32CubeIDE_1.14.1/STM32CubeIDE/plugins/com.st.stm32cube.ide.mcu.externaltools.gnu-tools-for-stm32.11.3.rel1.win32_1.1.100.202309141235/tools/bin/../lib/gcc/arm-none-eabi/11.3.1/thumb/v7e-m+fp/hard\libgcc.a(_arm_muldivdf3.o)
                0x0000000008000568                __aeabi_dmul
                0x0000000008000568                __muldf3
                0x00000000080007bc                __divdf3
                0x00000000080007bc                __aeabi_ddiv
 .text          0x000000000800098c       0xa0 C:/ST/STM32CubeIDE_1.14.1/STM32CubeIDE/plugins/com.st.stm32cube.ide.mcu.externaltools.gnu-tools-for-stm32.11.3.rel1.win32_1.1.100.202309141235/tools/bin/../lib/gcc/arm-none-eabi/11.3.1/thumb/v7e-m+fp/hard\libgcc.a(_arm_truncdfsf2.o)
                0x000000000800098c                __truncdfsf2
                0x000000000800098c                __aeabi_d2f
 .text          0x0000000008000a2c       0x30 C:/ST/STM32CubeIDE_1.14.1/STM32CubeIDE/plugins/com.st.stm32cube.ide.mcu.externaltools.gnu-tools-for-stm32.11.3.rel1.win32_1.1.100.202309141235/tools/bin/../lib/gcc/arm-none-eabi/11.3.1/thumb/v7e-m+fp/hard\libgcc.a(_aeabi_uldivmod.o)
                0x0000000008000a2c                __aeabi_uldivmod
 .text          0x0000000008000a5c      0x2c8 C:/ST/STM32CubeIDE_1.14.1/STM32CubeIDE/plugins/com.st.stm32cube.ide.mcu.externaltools.gnu-tools-for-stm32.11.3.rel1.win32_1.1.100.202309141235/tools/bin/../lib/gcc/arm-none-eabi/11.3.1/thumb/v7e-m+fp/hard\libgcc.a(_udivmoddi4.o)
                0x0000000008000a5c                __udivmoddi4
 .text          0x0000000008000d24        0x4 C:/ST/STM32CubeIDE_1.14.1/STM32CubeIDE/plugins/com.st.stm32cube.ide.mcu.externaltools.gnu-tools-for-stm32.11.3.rel1.win32_1.1.100.202309141235/tools/bin/../lib/gcc/arm-none-eabi/11.3.1/thumb/v7e-m+fp/hard\libgcc.a(_dvmd_tls.o)
                0x0000000008000d24                __aeabi_idiv0
                0x0000000008000d24                __aeabi_ldiv0
 *(.text*)
 .text.main     0x0000000008000d28       0x60 ./Core/Src/main.o
                0x0000000008000d28                main
 .text.SystemClock_Config
                0x0000000008000d88       0xc0 ./Core/Src/main.o
                0x0000000008000d88                SystemClock_Config
 .text.MX_ADC1_Init
                0x0000000008000e48       0xa4 ./Core/Src/main.o
 .text.MX_ADC3_Init
                0x0000000008000eec       0xa4 ./Core/Src/main.o
 .text.MX_CAN1_Init
                0x0000000008000f90       0x6c ./Core/Src/main.o
 .text.MX_CAN2_Init
                0x0000000008000ffc       0x6c ./Core/Src/main.o
 .text.MX_TIM2_Init
                0x0000000008001068       0x98 ./Core/Src/main.o
 .text.MX_TIM3_Init
                0x0000000008001100       0x9c ./Core/Src/main.o
 .text.MX_TIM4_Init
                0x000000000800119c       0x9c ./Core/Src/main.o
 .text.MX_TIM10_Init
                0x0000000008001238       0x48 ./Core/Src/main.o
 .text.MX_GPIO_Init
                0x0000000008001280      0x11c ./Core/Src/main.o
 .text.CANStart
                0x000000000800139c       0xac ./Core/Src/main.o
                0x000000000800139c                CANStart
 .text.CAN_Transmit
                0x0000000008001448       0x4c ./Core/Src/main.o
                0x0000000008001448                CAN_Transmit
 .text.HAL_TIM_PeriodElapsedCallback
                0x0000000008001494      0x5fc ./Core/Src/main.o
                0x0000000008001494                HAL_TIM_PeriodElapsedCallback
 .text.HAL_CAN_RxFifo0MsgPendingCallback
                0x0000000008001a90      0x240 ./Core/Src/main.o
                0x0000000008001a90                HAL_CAN_RxFifo0MsgPendingCallback
 .text.CheckErrors
                0x0000000008001cd0      0x288 ./Core/Src/main.o
                0x0000000008001cd0                CheckErrors
 .text.current_sensor
                0x0000000008001f58      0x164 ./Core/Src/main.o
                0x0000000008001f58                current_sensor
 .text.Charger_CANTransmit
                0x00000000080020bc       0x48 ./Core/Src/main.o
                0x00000000080020bc                Charger_CANTransmit
 .text.ADC_Read
                0x0000000008002104       0x58 ./Core/Src/main.o
                0x0000000008002104                ADC_Read
 .text.CAN1Transmit
                0x000000000800215c      0x1ac ./Core/Src/main.o
                0x000000000800215c                CAN1Transmit
 .text.eq_CAN_Tx
                0x0000000008002308       0xd8 ./Core/Src/main.o
                0x0000000008002308                eq_CAN_Tx
 .text.dq_CAN_Tx
                0x00000000080023e0       0x74 ./Core/Src/main.o
                0x00000000080023e0                dq_CAN_Tx
 .text.CAN_Tx   0x0000000008002454       0x4e ./Core/Src/main.o
                0x0000000008002454                CAN_Tx
 .text.Error_Handler
                0x00000000080024a2        0xa ./Core/Src/main.o
                0x00000000080024a2                Error_Handler
 .text.HAL_MspInit
                0x00000000080024ac       0x50 ./Core/Src/stm32f4xx_hal_msp.o
                0x00000000080024ac                HAL_MspInit
 .text.HAL_ADC_MspInit
                0x00000000080024fc      0x120 ./Core/Src/stm32f4xx_hal_msp.o
                0x00000000080024fc                HAL_ADC_MspInit
 .text.HAL_CAN_MspInit
                0x000000000800261c      0x1c4 ./Core/Src/stm32f4xx_hal_msp.o
                0x000000000800261c                HAL_CAN_MspInit
 .text.HAL_TIM_Base_MspInit
                0x00000000080027e0       0xf0 ./Core/Src/stm32f4xx_hal_msp.o
                0x00000000080027e0                HAL_TIM_Base_MspInit
 .text.NMI_Handler
                0x00000000080028d0        0x6 ./Core/Src/stm32f4xx_it.o
                0x00000000080028d0                NMI_Handler
 .text.HardFault_Handler
                0x00000000080028d6        0x6 ./Core/Src/stm32f4xx_it.o
                0x00000000080028d6                HardFault_Handler
 .text.MemManage_Handler
                0x00000000080028dc        0x6 ./Core/Src/stm32f4xx_it.o
                0x00000000080028dc                MemManage_Handler
 .text.BusFault_Handler
                0x00000000080028e2        0x6 ./Core/Src/stm32f4xx_it.o
                0x00000000080028e2                BusFault_Handler
 .text.UsageFault_Handler
                0x00000000080028e8        0x6 ./Core/Src/stm32f4xx_it.o
                0x00000000080028e8                UsageFault_Handler
 .text.SVC_Handler
                0x00000000080028ee        0xe ./Core/Src/stm32f4xx_it.o
                0x00000000080028ee                SVC_Handler
 .text.DebugMon_Handler
                0x00000000080028fc        0xe ./Core/Src/stm32f4xx_it.o
                0x00000000080028fc                DebugMon_Handler
 .text.PendSV_Handler
                0x000000000800290a        0xe ./Core/Src/stm32f4xx_it.o
                0x000000000800290a                PendSV_Handler
 .text.SysTick_Handler
                0x0000000008002918        0xc ./Core/Src/stm32f4xx_it.o
                0x0000000008002918                SysTick_Handler
 .text.CAN1_TX_IRQHandler
                0x0000000008002924       0x14 ./Core/Src/stm32f4xx_it.o
                0x0000000008002924                CAN1_TX_IRQHandler
 .text.CAN1_RX0_IRQHandler
                0x0000000008002938       0x14 ./Core/Src/stm32f4xx_it.o
                0x0000000008002938                CAN1_RX0_IRQHandler
 .text.CAN1_RX1_IRQHandler
                0x000000000800294c       0x14 ./Core/Src/stm32f4xx_it.o
                0x000000000800294c                CAN1_RX1_IRQHandler
 .text.CAN1_SCE_IRQHandler
                0x0000000008002960       0x14 ./Core/Src/stm32f4xx_it.o
                0x0000000008002960                CAN1_SCE_IRQHandler
 .text.TIM2_IRQHandler
                0x0000000008002974       0x14 ./Core/Src/stm32f4xx_it.o
                0x0000000008002974                TIM2_IRQHandler
 .text.TIM3_IRQHandler
                0x0000000008002988       0x14 ./Core/Src/stm32f4xx_it.o
                0x0000000008002988                TIM3_IRQHandler
 .text.TIM4_IRQHandler
                0x000000000800299c       0x14 ./Core/Src/stm32f4xx_it.o
                0x000000000800299c                TIM4_IRQHandler
 .text.CAN2_TX_IRQHandler
                0x00000000080029b0       0x14 ./Core/Src/stm32f4xx_it.o
                0x00000000080029b0                CAN2_TX_IRQHandler
 .text.CAN2_RX0_IRQHandler
                0x00000000080029c4       0x14 ./Core/Src/stm32f4xx_it.o
                0x00000000080029c4                CAN2_RX0_IRQHandler
 .text.CAN2_RX1_IRQHandler
                0x00000000080029d8       0x14 ./Core/Src/stm32f4xx_it.o
                0x00000000080029d8                CAN2_RX1_IRQHandler
 .text.CAN2_SCE_IRQHandler
                0x00000000080029ec       0x14 ./Core/Src/stm32f4xx_it.o
                0x00000000080029ec                CAN2_SCE_IRQHandler
 .text.SystemInit
                0x0000000008002a00       0x24 ./Core/Src/system_stm32f4xx.o
                0x0000000008002a00                SystemInit
 .text.Reset_Handler
                0x0000000008002a24       0x50 ./Core/Startup/startup_stm32f429zitx.o
                0x0000000008002a24                Reset_Handler
 .text.Default_Handler
                0x0000000008002a74        0x2 ./Core/Startup/startup_stm32f429zitx.o
                0x0000000008002a74                RTC_Alarm_IRQHandler
                0x0000000008002a74                HASH_RNG_IRQHandler
                0x0000000008002a74                EXTI2_IRQHandler
                0x0000000008002a74                TIM8_CC_IRQHandler
                0x0000000008002a74                UART8_IRQHandler
                0x0000000008002a74                SPI4_IRQHandler
                0x0000000008002a74                TIM1_CC_IRQHandler
                0x0000000008002a74                DMA2_Stream5_IRQHandler
                0x0000000008002a74                DMA1_Stream5_IRQHandler
                0x0000000008002a74                PVD_IRQHandler
                0x0000000008002a74                SDIO_IRQHandler
                0x0000000008002a74                TAMP_STAMP_IRQHandler
                0x0000000008002a74                EXTI3_IRQHandler
                0x0000000008002a74                TIM8_TRG_COM_TIM14_IRQHandler
                0x0000000008002a74                TIM1_UP_TIM10_IRQHandler
                0x0000000008002a74                TIM8_UP_TIM13_IRQHandler
                0x0000000008002a74                I2C3_ER_IRQHandler
                0x0000000008002a74                EXTI0_IRQHandler
                0x0000000008002a74                I2C2_EV_IRQHandler
                0x0000000008002a74                DMA1_Stream2_IRQHandler
                0x0000000008002a74                FPU_IRQHandler
                0x0000000008002a74                OTG_HS_WKUP_IRQHandler
                0x0000000008002a74                LTDC_ER_IRQHandler
                0x0000000008002a74                DMA2_Stream2_IRQHandler
                0x0000000008002a74                SPI1_IRQHandler
                0x0000000008002a74                TIM6_DAC_IRQHandler
                0x0000000008002a74                TIM1_BRK_TIM9_IRQHandler
                0x0000000008002a74                DCMI_IRQHandler
                0x0000000008002a74                DMA2_Stream3_IRQHandler
                0x0000000008002a74                USART6_IRQHandler
                0x0000000008002a74                USART3_IRQHandler
                0x0000000008002a74                UART5_IRQHandler
                0x0000000008002a74                DMA2_Stream0_IRQHandler
                0x0000000008002a74                I2C1_EV_IRQHandler
                0x0000000008002a74                DMA1_Stream6_IRQHandler
                0x0000000008002a74                DMA1_Stream1_IRQHandler
                0x0000000008002a74                UART4_IRQHandler
                0x0000000008002a74                RCC_IRQHandler
                0x0000000008002a74                TIM8_BRK_TIM12_IRQHandler
                0x0000000008002a74                Default_Handler
                0x0000000008002a74                EXTI15_10_IRQHandler
                0x0000000008002a74                ADC_IRQHandler
                0x0000000008002a74                DMA1_Stream7_IRQHandler
                0x0000000008002a74                SPI5_IRQHandler
                0x0000000008002a74                TIM7_IRQHandler
                0x0000000008002a74                TIM5_IRQHandler
                0x0000000008002a74                DMA2_Stream7_IRQHandler
                0x0000000008002a74                I2C3_EV_IRQHandler
                0x0000000008002a74                EXTI9_5_IRQHandler
                0x0000000008002a74                RTC_WKUP_IRQHandler
                0x0000000008002a74                LTDC_IRQHandler
                0x0000000008002a74                ETH_WKUP_IRQHandler
                0x0000000008002a74                SPI2_IRQHandler
                0x0000000008002a74                OTG_HS_EP1_IN_IRQHandler
                0x0000000008002a74                DMA1_Stream0_IRQHandler
                0x0000000008002a74                EXTI4_IRQHandler
                0x0000000008002a74                ETH_IRQHandler
                0x0000000008002a74                OTG_HS_EP1_OUT_IRQHandler
                0x0000000008002a74                WWDG_IRQHandler
                0x0000000008002a74                SPI6_IRQHandler
                0x0000000008002a74                OTG_FS_WKUP_IRQHandler
                0x0000000008002a74                TIM1_TRG_COM_TIM11_IRQHandler
                0x0000000008002a74                OTG_HS_IRQHandler
                0x0000000008002a74                DMA2D_IRQHandler
                0x0000000008002a74                EXTI1_IRQHandler
                0x0000000008002a74                UART7_IRQHandler
                0x0000000008002a74                USART2_IRQHandler
                0x0000000008002a74                I2C2_ER_IRQHandler
                0x0000000008002a74                DMA2_Stream1_IRQHandler
                0x0000000008002a74                FLASH_IRQHandler
                0x0000000008002a74                DMA2_Stream4_IRQHandler
                0x0000000008002a74                USART1_IRQHandler
                0x0000000008002a74                OTG_FS_IRQHandler
                0x0000000008002a74                SPI3_IRQHandler
                0x0000000008002a74                DMA1_Stream4_IRQHandler
                0x0000000008002a74                I2C1_ER_IRQHandler
                0x0000000008002a74                FMC_IRQHandler
                0x0000000008002a74                DMA2_Stream6_IRQHandler
                0x0000000008002a74                SAI1_IRQHandler
                0x0000000008002a74                DMA1_Stream3_IRQHandler
 *fill*         0x0000000008002a76        0x2 
 .text.HAL_Init
                0x0000000008002a78       0x44 ./Drivers/STM32F4xx_HAL_Driver/Src/stm32f4xx_hal.o
                0x0000000008002a78                HAL_Init
 .text.HAL_InitTick
                0x0000000008002abc       0x60 ./Drivers/STM32F4xx_HAL_Driver/Src/stm32f4xx_hal.o
                0x0000000008002abc                HAL_InitTick
 .text.HAL_IncTick
                0x0000000008002b1c       0x28 ./Drivers/STM32F4xx_HAL_Driver/Src/stm32f4xx_hal.o
                0x0000000008002b1c                HAL_IncTick
 .text.HAL_GetTick
                0x0000000008002b44       0x18 ./Drivers/STM32F4xx_HAL_Driver/Src/stm32f4xx_hal.o
                0x0000000008002b44                HAL_GetTick
 .text.HAL_ADC_Init
                0x0000000008002b5c       0x86 ./Drivers/STM32F4xx_HAL_Driver/Src/stm32f4xx_hal_adc.o
                0x0000000008002b5c                HAL_ADC_Init
 *fill*         0x0000000008002be2        0x2 
 .text.HAL_ADC_Start
                0x0000000008002be4      0x1a4 ./Drivers/STM32F4xx_HAL_Driver/Src/stm32f4xx_hal_adc.o
                0x0000000008002be4                HAL_ADC_Start
 .text.HAL_ADC_Stop
                0x0000000008002d88       0x66 ./Drivers/STM32F4xx_HAL_Driver/Src/stm32f4xx_hal_adc.o
                0x0000000008002d88                HAL_ADC_Stop
 .text.HAL_ADC_PollForConversion
                0x0000000008002dee      0x116 ./Drivers/STM32F4xx_HAL_Driver/Src/stm32f4xx_hal_adc.o
                0x0000000008002dee                HAL_ADC_PollForConversion
 .text.HAL_ADC_GetValue
                0x0000000008002f04       0x1a ./Drivers/STM32F4xx_HAL_Driver/Src/stm32f4xx_hal_adc.o
                0x0000000008002f04                HAL_ADC_GetValue
 *fill*         0x0000000008002f1e        0x2 
 .text.HAL_ADC_ConfigChannel
                0x0000000008002f20      0x264 ./Drivers/STM32F4xx_HAL_Driver/Src/stm32f4xx_hal_adc.o
                0x0000000008002f20                HAL_ADC_ConfigChannel
 .text.ADC_Init
                0x0000000008003184      0x1f8 ./Drivers/STM32F4xx_HAL_Driver/Src/stm32f4xx_hal_adc.o
 .text.HAL_CAN_Init
                0x000000000800337c      0x1f6 ./Drivers/STM32F4xx_HAL_Driver/Src/stm32f4xx_hal_can.o
                0x000000000800337c                HAL_CAN_Init
 *fill*         0x0000000008003572        0x2 
 .text.HAL_CAN_ConfigFilter
                0x0000000008003574      0x1c0 ./Drivers/STM32F4xx_HAL_Driver/Src/stm32f4xx_hal_can.o
                0x0000000008003574                HAL_CAN_ConfigFilter
 .text.HAL_CAN_Start
                0x0000000008003734       0x88 ./Drivers/STM32F4xx_HAL_Driver/Src/stm32f4xx_hal_can.o
                0x0000000008003734                HAL_CAN_Start
 .text.HAL_CAN_AddTxMessage
                0x00000000080037bc      0x1b6 ./Drivers/STM32F4xx_HAL_Driver/Src/stm32f4xx_hal_can.o
                0x00000000080037bc                HAL_CAN_AddTxMessage
 .text.HAL_CAN_GetTxMailboxesFreeLevel
                0x0000000008003972       0x6a ./Drivers/STM32F4xx_HAL_Driver/Src/stm32f4xx_hal_can.o
                0x0000000008003972                HAL_CAN_GetTxMailboxesFreeLevel
 .text.HAL_CAN_GetRxMessage
                0x00000000080039dc      0x224 ./Drivers/STM32F4xx_HAL_Driver/Src/stm32f4xx_hal_can.o
                0x00000000080039dc                HAL_CAN_GetRxMessage
 .text.HAL_CAN_ActivateNotification
                0x0000000008003c00       0x4c ./Drivers/STM32F4xx_HAL_Driver/Src/stm32f4xx_hal_can.o
                0x0000000008003c00                HAL_CAN_ActivateNotification
 .text.HAL_CAN_IRQHandler
                0x0000000008003c4c      0x36e ./Drivers/STM32F4xx_HAL_Driver/Src/stm32f4xx_hal_can.o
                0x0000000008003c4c                HAL_CAN_IRQHandler
 .text.HAL_CAN_TxMailbox0CompleteCallback
                0x0000000008003fba       0x14 ./Drivers/STM32F4xx_HAL_Driver/Src/stm32f4xx_hal_can.o
                0x0000000008003fba                HAL_CAN_TxMailbox0CompleteCallback
 .text.HAL_CAN_TxMailbox1CompleteCallback
                0x0000000008003fce       0x14 ./Drivers/STM32F4xx_HAL_Driver/Src/stm32f4xx_hal_can.o
                0x0000000008003fce                HAL_CAN_TxMailbox1CompleteCallback
 .text.HAL_CAN_TxMailbox2CompleteCallback
                0x0000000008003fe2       0x14 ./Drivers/STM32F4xx_HAL_Driver/Src/stm32f4xx_hal_can.o
                0x0000000008003fe2                HAL_CAN_TxMailbox2CompleteCallback
 .text.HAL_CAN_TxMailbox0AbortCallback
                0x0000000008003ff6       0x14 ./Drivers/STM32F4xx_HAL_Driver/Src/stm32f4xx_hal_can.o
                0x0000000008003ff6                HAL_CAN_TxMailbox0AbortCallback
 .text.HAL_CAN_TxMailbox1AbortCallback
                0x000000000800400a       0x14 ./Drivers/STM32F4xx_HAL_Driver/Src/stm32f4xx_hal_can.o
                0x000000000800400a                HAL_CAN_TxMailbox1AbortCallback
 .text.HAL_CAN_TxMailbox2AbortCallback
                0x000000000800401e       0x14 ./Drivers/STM32F4xx_HAL_Driver/Src/stm32f4xx_hal_can.o
                0x000000000800401e                HAL_CAN_TxMailbox2AbortCallback
 .text.HAL_CAN_RxFifo0FullCallback
                0x0000000008004032       0x14 ./Drivers/STM32F4xx_HAL_Driver/Src/stm32f4xx_hal_can.o
                0x0000000008004032                HAL_CAN_RxFifo0FullCallback
 .text.HAL_CAN_RxFifo1MsgPendingCallback
                0x0000000008004046       0x14 ./Drivers/STM32F4xx_HAL_Driver/Src/stm32f4xx_hal_can.o
                0x0000000008004046                HAL_CAN_RxFifo1MsgPendingCallback
 .text.HAL_CAN_RxFifo1FullCallback
                0x000000000800405a       0x14 ./Drivers/STM32F4xx_HAL_Driver/Src/stm32f4xx_hal_can.o
                0x000000000800405a                HAL_CAN_RxFifo1FullCallback
 .text.HAL_CAN_SleepCallback
                0x000000000800406e       0x14 ./Drivers/STM32F4xx_HAL_Driver/Src/stm32f4xx_hal_can.o
                0x000000000800406e                HAL_CAN_SleepCallback
 .text.HAL_CAN_WakeUpFromRxMsgCallback
                0x0000000008004082       0x14 ./Drivers/STM32F4xx_HAL_Driver/Src/stm32f4xx_hal_can.o
                0x0000000008004082                HAL_CAN_WakeUpFromRxMsgCallback
 .text.HAL_CAN_ErrorCallback
                0x0000000008004096       0x14 ./Drivers/STM32F4xx_HAL_Driver/Src/stm32f4xx_hal_can.o
                0x0000000008004096                HAL_CAN_ErrorCallback
 *fill*         0x00000000080040aa        0x2 
 .text.__NVIC_SetPriorityGrouping
                0x00000000080040ac       0x48 ./Drivers/STM32F4xx_HAL_Driver/Src/stm32f4xx_hal_cortex.o
 .text.__NVIC_GetPriorityGrouping
                0x00000000080040f4       0x1c ./Drivers/STM32F4xx_HAL_Driver/Src/stm32f4xx_hal_cortex.o
 .text.__NVIC_EnableIRQ
                0x0000000008004110       0x3c ./Drivers/STM32F4xx_HAL_Driver/Src/stm32f4xx_hal_cortex.o
 .text.__NVIC_SetPriority
                0x000000000800414c       0x54 ./Drivers/STM32F4xx_HAL_Driver/Src/stm32f4xx_hal_cortex.o
 .text.NVIC_EncodePriority
                0x00000000080041a0       0x66 ./Drivers/STM32F4xx_HAL_Driver/Src/stm32f4xx_hal_cortex.o
 *fill*         0x0000000008004206        0x2 
 .text.SysTick_Config
                0x0000000008004208       0x44 ./Drivers/STM32F4xx_HAL_Driver/Src/stm32f4xx_hal_cortex.o
 .text.HAL_NVIC_SetPriorityGrouping
                0x000000000800424c       0x16 ./Drivers/STM32F4xx_HAL_Driver/Src/stm32f4xx_hal_cortex.o
                0x000000000800424c                HAL_NVIC_SetPriorityGrouping
 .text.HAL_NVIC_SetPriority
                0x0000000008004262       0x38 ./Drivers/STM32F4xx_HAL_Driver/Src/stm32f4xx_hal_cortex.o
                0x0000000008004262                HAL_NVIC_SetPriority
 .text.HAL_NVIC_EnableIRQ
                0x000000000800429a       0x1c ./Drivers/STM32F4xx_HAL_Driver/Src/stm32f4xx_hal_cortex.o
                0x000000000800429a                HAL_NVIC_EnableIRQ
 .text.HAL_SYSTICK_Config
                0x00000000080042b6       0x18 ./Drivers/STM32F4xx_HAL_Driver/Src/stm32f4xx_hal_cortex.o
                0x00000000080042b6                HAL_SYSTICK_Config
 *fill*         0x00000000080042ce        0x2 
 .text.HAL_GPIO_Init
                0x00000000080042d0      0x358 ./Drivers/STM32F4xx_HAL_Driver/Src/stm32f4xx_hal_gpio.o
                0x00000000080042d0                HAL_GPIO_Init
 .text.HAL_GPIO_ReadPin
                0x0000000008004628       0x30 ./Drivers/STM32F4xx_HAL_Driver/Src/stm32f4xx_hal_gpio.o
                0x0000000008004628                HAL_GPIO_ReadPin
 .text.HAL_GPIO_WritePin
                0x0000000008004658       0x32 ./Drivers/STM32F4xx_HAL_Driver/Src/stm32f4xx_hal_gpio.o
                0x0000000008004658                HAL_GPIO_WritePin
 .text.HAL_GPIO_TogglePin
                0x000000000800468a       0x34 ./Drivers/STM32F4xx_HAL_Driver/Src/stm32f4xx_hal_gpio.o
                0x000000000800468a                HAL_GPIO_TogglePin
 *fill*         0x00000000080046be        0x2 
 .text.HAL_RCC_OscConfig
                0x00000000080046c0      0x4f0 ./Drivers/STM32F4xx_HAL_Driver/Src/stm32f4xx_hal_rcc.o
                0x00000000080046c0                HAL_RCC_OscConfig
 .text.HAL_RCC_ClockConfig
                0x0000000008004bb0      0x1cc ./Drivers/STM32F4xx_HAL_Driver/Src/stm32f4xx_hal_rcc.o
                0x0000000008004bb0                HAL_RCC_ClockConfig
 .text.HAL_RCC_GetSysClockFreq
                0x0000000008004d7c      0x18c ./Drivers/STM32F4xx_HAL_Driver/Src/stm32f4xx_hal_rcc.o
                0x0000000008004d7c                HAL_RCC_GetSysClockFreq
 .text.HAL_TIM_Base_Init
                0x0000000008004f08       0x9e ./Drivers/STM32F4xx_HAL_Driver/Src/stm32f4xx_hal_tim.o
                0x0000000008004f08                HAL_TIM_Base_Init
 *fill*         0x0000000008004fa6        0x2 
 .text.HAL_TIM_Base_Start_IT
                0x0000000008004fa8       0xe0 ./Drivers/STM32F4xx_HAL_Driver/Src/stm32f4xx_hal_tim.o
                0x0000000008004fa8                HAL_TIM_Base_Start_IT
 .text.HAL_TIM_IRQHandler
                0x0000000008005088      0x210 ./Drivers/STM32F4xx_HAL_Driver/Src/stm32f4xx_hal_tim.o
                0x0000000008005088                HAL_TIM_IRQHandler
 .text.HAL_TIM_ConfigClockSource
                0x0000000008005298      0x18e ./Drivers/STM32F4xx_HAL_Driver/Src/stm32f4xx_hal_tim.o
                0x0000000008005298                HAL_TIM_ConfigClockSource
 .text.HAL_TIM_OC_DelayElapsedCallback
                0x0000000008005426       0x14 ./Drivers/STM32F4xx_HAL_Driver/Src/stm32f4xx_hal_tim.o
                0x0000000008005426                HAL_TIM_OC_DelayElapsedCallback
 .text.HAL_TIM_IC_CaptureCallback
                0x000000000800543a       0x14 ./Drivers/STM32F4xx_HAL_Driver/Src/stm32f4xx_hal_tim.o
                0x000000000800543a                HAL_TIM_IC_CaptureCallback
 .text.HAL_TIM_PWM_PulseFinishedCallback
                0x000000000800544e       0x14 ./Drivers/STM32F4xx_HAL_Driver/Src/stm32f4xx_hal_tim.o
                0x000000000800544e                HAL_TIM_PWM_PulseFinishedCallback
 .text.HAL_TIM_TriggerCallback
                0x0000000008005462       0x14 ./Drivers/STM32F4xx_HAL_Driver/Src/stm32f4xx_hal_tim.o
                0x0000000008005462                HAL_TIM_TriggerCallback
 *fill*         0x0000000008005476        0x2 
 .text.TIM_Base_SetConfig
                0x0000000008005478      0x140 ./Drivers/STM32F4xx_HAL_Driver/Src/stm32f4xx_hal_tim.o
                0x0000000008005478                TIM_Base_SetConfig
 .text.TIM_TI1_ConfigInputStage
                0x00000000080055b8       0x5e ./Drivers/STM32F4xx_HAL_Driver/Src/stm32f4xx_hal_tim.o
 .text.TIM_TI2_ConfigInputStage
                0x0000000008005616       0x60 ./Drivers/STM32F4xx_HAL_Driver/Src/stm32f4xx_hal_tim.o
 .text.TIM_ITRx_SetConfig
                0x0000000008005676       0x36 ./Drivers/STM32F4xx_HAL_Driver/Src/stm32f4xx_hal_tim.o
 .text.TIM_ETR_SetConfig
                0x00000000080056ac       0x40 ./Drivers/STM32F4xx_HAL_Driver/Src/stm32f4xx_hal_tim.o
                0x00000000080056ac                TIM_ETR_SetConfig
 .text.HAL_TIMEx_MasterConfigSynchronization
                0x00000000080056ec       0xf8 ./Drivers/STM32F4xx_HAL_Driver/Src/stm32f4xx_hal_tim_ex.o
                0x00000000080056ec                HAL_TIMEx_MasterConfigSynchronization
 .text.HAL_TIMEx_CommutCallback
                0x00000000080057e4       0x14 ./Drivers/STM32F4xx_HAL_Driver/Src/stm32f4xx_hal_tim_ex.o
                0x00000000080057e4                HAL_TIMEx_CommutCallback
 .text.HAL_TIMEx_BreakCallback
                0x00000000080057f8       0x14 ./Drivers/STM32F4xx_HAL_Driver/Src/stm32f4xx_hal_tim_ex.o
                0x00000000080057f8                HAL_TIMEx_BreakCallback
 .text.memset   0x000000000800580c       0x10 C:/ST/STM32CubeIDE_1.14.1/STM32CubeIDE/plugins/com.st.stm32cube.ide.mcu.externaltools.gnu-tools-for-stm32.11.3.rel1.win32_1.1.100.202309141235/tools/bin/../lib/gcc/arm-none-eabi/11.3.1/../../../../arm-none-eabi/lib/thumb/v7e-m+fp/hard\libc_nano.a(libc_a-memset.o)
                0x000000000800580c                memset
 .text.__libc_init_array
                0x000000000800581c       0x48 C:/ST/STM32CubeIDE_1.14.1/STM32CubeIDE/plugins/com.st.stm32cube.ide.mcu.externaltools.gnu-tools-for-stm32.11.3.rel1.win32_1.1.100.202309141235/tools/bin/../lib/gcc/arm-none-eabi/11.3.1/../../../../arm-none-eabi/lib/thumb/v7e-m+fp/hard\libc_nano.a(libc_a-init.o)
                0x000000000800581c                __libc_init_array
 *(.glue_7)
 .glue_7        0x0000000008005864        0x0 linker stubs
 *(.glue_7t)
 .glue_7t       0x0000000008005864        0x0 linker stubs
 *(.eh_frame)
 .eh_frame      0x0000000008005864        0x0 C:/ST/STM32CubeIDE_1.14.1/STM32CubeIDE/plugins/com.st.stm32cube.ide.mcu.externaltools.gnu-tools-for-stm32.11.3.rel1.win32_1.1.100.202309141235/tools/bin/../lib/gcc/arm-none-eabi/11.3.1/thumb/v7e-m+fp/hard/crtbegin.o
 *(.init)
 .init          0x0000000008005864        0x4 C:/ST/STM32CubeIDE_1.14.1/STM32CubeIDE/plugins/com.st.stm32cube.ide.mcu.externaltools.gnu-tools-for-stm32.11.3.rel1.win32_1.1.100.202309141235/tools/bin/../lib/gcc/arm-none-eabi/11.3.1/thumb/v7e-m+fp/hard/crti.o
                0x0000000008005864                _init
 .init          0x0000000008005868        0x8 C:/ST/STM32CubeIDE_1.14.1/STM32CubeIDE/plugins/com.st.stm32cube.ide.mcu.externaltools.gnu-tools-for-stm32.11.3.rel1.win32_1.1.100.202309141235/tools/bin/../lib/gcc/arm-none-eabi/11.3.1/thumb/v7e-m+fp/hard/crtn.o
 *(.fini)
 .fini          0x0000000008005870        0x4 C:/ST/STM32CubeIDE_1.14.1/STM32CubeIDE/plugins/com.st.stm32cube.ide.mcu.externaltools.gnu-tools-for-stm32.11.3.rel1.win32_1.1.100.202309141235/tools/bin/../lib/gcc/arm-none-eabi/11.3.1/thumb/v7e-m+fp/hard/crti.o
                0x0000000008005870                _fini
 .fini          0x0000000008005874        0x8 C:/ST/STM32CubeIDE_1.14.1/STM32CubeIDE/plugins/com.st.stm32cube.ide.mcu.externaltools.gnu-tools-for-stm32.11.3.rel1.win32_1.1.100.202309141235/tools/bin/../lib/gcc/arm-none-eabi/11.3.1/thumb/v7e-m+fp/hard/crtn.o
                0x000000000800587c                . = ALIGN (0x4)
                0x000000000800587c                _etext = .

.vfp11_veneer   0x000000000800587c        0x0
 .vfp11_veneer  0x000000000800587c        0x0 linker stubs

.v4_bx          0x000000000800587c        0x0
 .v4_bx         0x000000000800587c        0x0 linker stubs

.iplt           0x000000000800587c        0x0
 .iplt          0x000000000800587c        0x0 C:/ST/STM32CubeIDE_1.14.1/STM32CubeIDE/plugins/com.st.stm32cube.ide.mcu.externaltools.gnu-tools-for-stm32.11.3.rel1.win32_1.1.100.202309141235/tools/bin/../lib/gcc/arm-none-eabi/11.3.1/thumb/v7e-m+fp/hard/crtbegin.o

.rodata         0x000000000800587c       0x10
                0x000000000800587c                . = ALIGN (0x4)
 *(.rodata)
 *(.rodata*)
 .rodata.AHBPrescTable
                0x000000000800587c       0x10 ./Core/Src/system_stm32f4xx.o
                0x000000000800587c                AHBPrescTable
                0x000000000800588c                . = ALIGN (0x4)

.ARM.extab      0x000000000800588c        0x0
                0x000000000800588c                . = ALIGN (0x4)
 *(.ARM.extab* .gnu.linkonce.armextab.*)
                0x000000000800588c                . = ALIGN (0x4)

.ARM            0x000000000800588c        0x8
                0x000000000800588c                . = ALIGN (0x4)
                0x000000000800588c                __exidx_start = .
 *(.ARM.exidx*)
 .ARM.exidx     0x000000000800588c        0x8 C:/ST/STM32CubeIDE_1.14.1/STM32CubeIDE/plugins/com.st.stm32cube.ide.mcu.externaltools.gnu-tools-for-stm32.11.3.rel1.win32_1.1.100.202309141235/tools/bin/../lib/gcc/arm-none-eabi/11.3.1/thumb/v7e-m+fp/hard\libgcc.a(_udivmoddi4.o)
                0x0000000008005894                __exidx_end = .
                0x0000000008005894                . = ALIGN (0x4)

.rel.dyn        0x0000000008005894        0x0
 .rel.iplt      0x0000000008005894        0x0 C:/ST/STM32CubeIDE_1.14.1/STM32CubeIDE/plugins/com.st.stm32cube.ide.mcu.externaltools.gnu-tools-for-stm32.11.3.rel1.win32_1.1.100.202309141235/tools/bin/../lib/gcc/arm-none-eabi/11.3.1/thumb/v7e-m+fp/hard/crtbegin.o

.preinit_array  0x0000000008005894        0x0
                0x0000000008005894                . = ALIGN (0x4)
                0x0000000008005894                PROVIDE (__preinit_array_start = .)
 *(.preinit_array*)
                0x0000000008005894                PROVIDE (__preinit_array_end = .)
                0x0000000008005894                . = ALIGN (0x4)

.init_array     0x0000000008005894        0x4
                0x0000000008005894                . = ALIGN (0x4)
                0x0000000008005894                PROVIDE (__init_array_start = .)
 *(SORT_BY_NAME(.init_array.*))
 *(.init_array*)
 .init_array    0x0000000008005894        0x4 C:/ST/STM32CubeIDE_1.14.1/STM32CubeIDE/plugins/com.st.stm32cube.ide.mcu.externaltools.gnu-tools-for-stm32.11.3.rel1.win32_1.1.100.202309141235/tools/bin/../lib/gcc/arm-none-eabi/11.3.1/thumb/v7e-m+fp/hard/crtbegin.o
                0x0000000008005898                PROVIDE (__init_array_end = .)
                0x0000000008005898                . = ALIGN (0x4)

.fini_array     0x0000000008005898        0x4
                0x0000000008005898                . = ALIGN (0x4)
                [!provide]                        PROVIDE (__fini_array_start = .)
 *(SORT_BY_NAME(.fini_array.*))
 *(.fini_array*)
 .fini_array    0x0000000008005898        0x4 C:/ST/STM32CubeIDE_1.14.1/STM32CubeIDE/plugins/com.st.stm32cube.ide.mcu.externaltools.gnu-tools-for-stm32.11.3.rel1.win32_1.1.100.202309141235/tools/bin/../lib/gcc/arm-none-eabi/11.3.1/thumb/v7e-m+fp/hard/crtbegin.o
                [!provide]                        PROVIDE (__fini_array_end = .)
                0x000000000800589c                . = ALIGN (0x4)
                0x000000000800589c                _sidata = LOADADDR (.data)

.data           0x0000000020000000       0x1c load address 0x000000000800589c
                0x0000000020000000                . = ALIGN (0x4)
                0x0000000020000000                _sdata = .
 *(.data)
 *(.data*)
 .data.CAN_Slave_no
                0x0000000020000000        0x4 ./Core/Src/main.o
                0x0000000020000000                CAN_Slave_no
 .data.request_to_slave
                0x0000000020000004        0x1 ./Core/Src/main.o
                0x0000000020000004                request_to_slave
 *fill*         0x0000000020000005        0x3 
 .data.canHealthMonitoringThreshold
                0x0000000020000008        0x4 ./Core/Src/main.o
                0x0000000020000008                canHealthMonitoringThreshold
 .data.testVar1
                0x000000002000000c        0x1 ./Core/Src/main.o
                0x000000002000000c                testVar1
 *fill*         0x000000002000000d        0x3 
 .data.SystemCoreClock
                0x0000000020000010        0x4 ./Core/Src/system_stm32f4xx.o
                0x0000000020000010                SystemCoreClock
 .data.uwTickPrio
                0x0000000020000014        0x4 ./Drivers/STM32F4xx_HAL_Driver/Src/stm32f4xx_hal.o
                0x0000000020000014                uwTickPrio
 .data.uwTickFreq
                0x0000000020000018        0x1 ./Drivers/STM32F4xx_HAL_Driver/Src/stm32f4xx_hal.o
                0x0000000020000018                uwTickFreq
 *(.RamFunc)
 *(.RamFunc*)
                0x000000002000001c                . = ALIGN (0x4)
 *fill*         0x0000000020000019        0x3 
                0x000000002000001c                _edata = .
                0x00000000080058b8                _siccmram = LOADADDR (.ccmram)

.igot.plt       0x000000002000001c        0x0 load address 0x00000000080058b8
 .igot.plt      0x000000002000001c        0x0 C:/ST/STM32CubeIDE_1.14.1/STM32CubeIDE/plugins/com.st.stm32cube.ide.mcu.externaltools.gnu-tools-for-stm32.11.3.rel1.win32_1.1.100.202309141235/tools/bin/../lib/gcc/arm-none-eabi/11.3.1/thumb/v7e-m+fp/hard/crtbegin.o

.ccmram         0x0000000010000000        0x0 load address 0x00000000080058b8
                0x0000000010000000                . = ALIGN (0x4)
                0x0000000010000000                _sccmram = .
 *(.ccmram)
 *(.ccmram*)
                0x0000000010000000                . = ALIGN (0x4)
                0x0000000010000000                _eccmram = .
                0x0000000010000000                . = ALIGN (0x4)

.bss            0x000000002000001c      0xb14
                0x000000002000001c                _sbss = .
                0x000000002000001c                __bss_start__ = _sbss
 *(.bss)
 .bss           0x000000002000001c       0x1c C:/ST/STM32CubeIDE_1.14.1/STM32CubeIDE/plugins/com.st.stm32cube.ide.mcu.externaltools.gnu-tools-for-stm32.11.3.rel1.win32_1.1.100.202309141235/tools/bin/../lib/gcc/arm-none-eabi/11.3.1/thumb/v7e-m+fp/hard/crtbegin.o
 *(.bss*)
 .bss.hadc1     0x0000000020000038       0x48 ./Core/Src/main.o
                0x0000000020000038                hadc1
 .bss.hadc3     0x0000000020000080       0x48 ./Core/Src/main.o
                0x0000000020000080                hadc3
 .bss.hcan1     0x00000000200000c8       0x28 ./Core/Src/main.o
                0x00000000200000c8                hcan1
 .bss.hcan2     0x00000000200000f0       0x28 ./Core/Src/main.o
                0x00000000200000f0                hcan2
 .bss.htim2     0x0000000020000118       0x48 ./Core/Src/main.o
                0x0000000020000118                htim2
 .bss.htim3     0x0000000020000160       0x48 ./Core/Src/main.o
                0x0000000020000160                htim3
 .bss.htim4     0x00000000200001a8       0x48 ./Core/Src/main.o
                0x00000000200001a8                htim4
 .bss.htim10    0x00000000200001f0       0x48 ./Core/Src/main.o
                0x00000000200001f0                htim10
 .bss.canMessageQueue
                0x0000000020000238      0x578 ./Core/Src/main.o
                0x0000000020000238                canMessageQueue
 .bss.queueHead
                0x00000000200007b0        0x1 ./Core/Src/main.o
                0x00000000200007b0                queueHead
 .bss.queueTail
                0x00000000200007b1        0x1 ./Core/Src/main.o
                0x00000000200007b1                queueTail
 *fill*         0x00000000200007b2        0x2 
 .bss.CAN_Slave_ID
                0x00000000200007b4        0x4 ./Core/Src/main.o
                0x00000000200007b4                CAN_Slave_ID
 .bss.TxData4   0x00000000200007b8        0x8 ./Core/Src/main.o
                0x00000000200007b8                TxData4
 .bss.Txdata1   0x00000000200007c0        0x8 ./Core/Src/main.o
                0x00000000200007c0                Txdata1
 .bss.Txdata2   0x00000000200007c8        0x8 ./Core/Src/main.o
                0x00000000200007c8                Txdata2
 .bss.crnt      0x00000000200007d0        0x2 ./Core/Src/main.o
                0x00000000200007d0                crnt
 *fill*         0x00000000200007d2        0x2 
 .bss.RxData1   0x00000000200007d4        0x8 ./Core/Src/main.o
                0x00000000200007d4                RxData1
 .bss.Temp_Reg  0x00000000200007dc       0x30 ./Core/Src/main.o
                0x00000000200007dc                Temp_Reg
 .bss.Volt_Reg  0x000000002000080c       0xc0 ./Core/Src/main.o
                0x000000002000080c                Volt_Reg
 .bss.Cell_Voltage
                0x00000000200008cc      0x180 ./Core/Src/main.o
                0x00000000200008cc                Cell_Voltage
 .bss.Cell_Temperature
                0x0000000020000a4c       0x30 ./Core/Src/main.o
                0x0000000020000a4c                Cell_Temperature
 .bss.Volt_Temp
                0x0000000020000a7c        0x8 ./Core/Src/main.o
                0x0000000020000a7c                Volt_Temp
 .bss.v_out     0x0000000020000a84        0x2 ./Core/Src/main.o
                0x0000000020000a84                v_out
 *fill*         0x0000000020000a86        0x2 
 .bss.chg_mode  0x0000000020000a88        0x4 ./Core/Src/main.o
                0x0000000020000a88                chg_mode
 .bss.volt_total
                0x0000000020000a8c        0x4 ./Core/Src/main.o
                0x0000000020000a8c                volt_total
 .bss.Volt_max  0x0000000020000a90        0x2 ./Core/Src/main.o
                0x0000000020000a90                Volt_max
 .bss.Volt_min  0x0000000020000a92        0x2 ./Core/Src/main.o
                0x0000000020000a92                Volt_min
 .bss.Temp_max  0x0000000020000a94        0x1 ./Core/Src/main.o
                0x0000000020000a94                Temp_max
 .bss.Temp_min  0x0000000020000a95        0x1 ./Core/Src/main.o
                0x0000000020000a95                Temp_min
 *fill*         0x0000000020000a96        0x2 
 .bss.TxData    0x0000000020000a98        0x8 ./Core/Src/main.o
                0x0000000020000a98                TxData
 .bss.Ch_fd     0x0000000020000aa0        0x8 ./Core/Src/main.o
                0x0000000020000aa0                Ch_fd
 .bss.voltage_fd
                0x0000000020000aa8        0x2 ./Core/Src/main.o
                0x0000000020000aa8                voltage_fd
 .bss.current_fd
                0x0000000020000aaa        0x2 ./Core/Src/main.o
                0x0000000020000aaa                current_fd
 .bss.temp_flag
                0x0000000020000aac        0x2 ./Core/Src/main.o
                0x0000000020000aac                temp_flag
 .bss.curr_act  0x0000000020000aae        0x2 ./Core/Src/main.o
                0x0000000020000aae                curr_act
 .bss.tsms      0x0000000020000ab0        0x2 ./Core/Src/main.o
                0x0000000020000ab0                tsms
 .bss.err_flag_cntr
                0x0000000020000ab2        0x2 ./Core/Src/main.o
                0x0000000020000ab2                err_flag_cntr
 .bss.x         0x0000000020000ab4        0x4 ./Core/Src/main.o
                0x0000000020000ab4                x
 .bss.x1        0x0000000020000ab8        0x4 ./Core/Src/main.o
                0x0000000020000ab8                x1
 .bss.current   0x0000000020000abc        0x4 ./Core/Src/main.o
                0x0000000020000abc                current
 .bss.prev_current
                0x0000000020000ac0        0x4 ./Core/Src/main.o
                0x0000000020000ac0                prev_current
 .bss.curr_current
                0x0000000020000ac4        0x4 ./Core/Src/main.o
                0x0000000020000ac4                curr_current
 .bss.current_value
                0x0000000020000ac8        0x4 ./Core/Src/main.o
                0x0000000020000ac8                current_value
 .bss.Error_State
                0x0000000020000acc        0x1 ./Core/Src/main.o
                0x0000000020000acc                Error_State
 *fill*         0x0000000020000acd        0x3 
 .bss.rxHeader  0x0000000020000ad0       0x1c ./Core/Src/main.o
                0x0000000020000ad0                rxHeader
 .bss.txHeader  0x0000000020000aec       0x18 ./Core/Src/main.o
                0x0000000020000aec                txHeader
 .bss.canHealthMonitoringArray
                0x0000000020000b04       0x20 ./Core/Src/main.o
                0x0000000020000b04                canHealthMonitoringArray
 .bss.slaveCanErrorFlag
                0x0000000020000b24        0x1 ./Core/Src/main.o
                0x0000000020000b24                slaveCanErrorFlag
 *fill*         0x0000000020000b25        0x3 
 .bss.HAL_RCC_CAN1_CLK_ENABLED
                0x0000000020000b28        0x4 ./Core/Src/stm32f4xx_hal_msp.o
 .bss.uwTick    0x0000000020000b2c        0x4 ./Drivers/STM32F4xx_HAL_Driver/Src/stm32f4xx_hal.o
                0x0000000020000b2c                uwTick
 *(COMMON)
                0x0000000020000b30                . = ALIGN (0x4)
                0x0000000020000b30                _ebss = .
                0x0000000020000b30                __bss_end__ = _ebss

._user_heap_stack
                0x0000000020000b30      0x600
                0x0000000020000b30                . = ALIGN (0x8)
                [!provide]                        PROVIDE (end = .)
                0x0000000020000b30                PROVIDE (_end = .)
                0x0000000020000d30                . = (. + _Min_Heap_Size)
 *fill*         0x0000000020000b30      0x200 
                0x0000000020001130                . = (. + _Min_Stack_Size)
 *fill*         0x0000000020000d30      0x400 
                0x0000000020001130                . = ALIGN (0x8)

/DISCARD/
 libc.a(*)
 libm.a(*)
 libgcc.a(*)

.ARM.attributes
                0x0000000000000000       0x30
 *(.ARM.attributes)
 .ARM.attributes
                0x0000000000000000       0x1e C:/ST/STM32CubeIDE_1.14.1/STM32CubeIDE/plugins/com.st.stm32cube.ide.mcu.externaltools.gnu-tools-for-stm32.11.3.rel1.win32_1.1.100.202309141235/tools/bin/../lib/gcc/arm-none-eabi/11.3.1/thumb/v7e-m+fp/hard/crti.o
 .ARM.attributes
                0x000000000000001e       0x34 C:/ST/STM32CubeIDE_1.14.1/STM32CubeIDE/plugins/com.st.stm32cube.ide.mcu.externaltools.gnu-tools-for-stm32.11.3.rel1.win32_1.1.100.202309141235/tools/bin/../lib/gcc/arm-none-eabi/11.3.1/thumb/v7e-m+fp/hard/crtbegin.o
 .ARM.attributes
                0x0000000000000052       0x34 ./Core/Src/main.o
 .ARM.attributes
                0x0000000000000086       0x34 ./Core/Src/stm32f4xx_hal_msp.o
 .ARM.attributes
                0x00000000000000ba       0x34 ./Core/Src/stm32f4xx_it.o
 .ARM.attributes
                0x00000000000000ee       0x34 ./Core/Src/system_stm32f4xx.o
 .ARM.attributes
                0x0000000000000122       0x21 ./Core/Startup/startup_stm32f429zitx.o
 .ARM.attributes
                0x0000000000000143       0x34 ./Drivers/STM32F4xx_HAL_Driver/Src/stm32f4xx_hal.o
 .ARM.attributes
                0x0000000000000177       0x34 ./Drivers/STM32F4xx_HAL_Driver/Src/stm32f4xx_hal_adc.o
 .ARM.attributes
                0x00000000000001ab       0x34 ./Drivers/STM32F4xx_HAL_Driver/Src/stm32f4xx_hal_can.o
 .ARM.attributes
                0x00000000000001df       0x34 ./Drivers/STM32F4xx_HAL_Driver/Src/stm32f4xx_hal_cortex.o
 .ARM.attributes
                0x0000000000000213       0x34 ./Drivers/STM32F4xx_HAL_Driver/Src/stm32f4xx_hal_gpio.o
 .ARM.attributes
                0x0000000000000247       0x34 ./Drivers/STM32F4xx_HAL_Driver/Src/stm32f4xx_hal_rcc.o
 .ARM.attributes
                0x000000000000027b       0x34 ./Drivers/STM32F4xx_HAL_Driver/Src/stm32f4xx_hal_tim.o
 .ARM.attributes
                0x00000000000002af       0x34 ./Drivers/STM32F4xx_HAL_Driver/Src/stm32f4xx_hal_tim_ex.o
 .ARM.attributes
                0x00000000000002e3       0x34 C:/ST/STM32CubeIDE_1.14.1/STM32CubeIDE/plugins/com.st.stm32cube.ide.mcu.externaltools.gnu-tools-for-stm32.11.3.rel1.win32_1.1.100.202309141235/tools/bin/../lib/gcc/arm-none-eabi/11.3.1/../../../../arm-none-eabi/lib/thumb/v7e-m+fp/hard\libc_nano.a(libc_a-memset.o)
 .ARM.attributes
                0x0000000000000317       0x34 C:/ST/STM32CubeIDE_1.14.1/STM32CubeIDE/plugins/com.st.stm32cube.ide.mcu.externaltools.gnu-tools-for-stm32.11.3.rel1.win32_1.1.100.202309141235/tools/bin/../lib/gcc/arm-none-eabi/11.3.1/../../../../arm-none-eabi/lib/thumb/v7e-m+fp/hard\libc_nano.a(libc_a-init.o)
 .ARM.attributes
                0x000000000000034b       0x1e C:/ST/STM32CubeIDE_1.14.1/STM32CubeIDE/plugins/com.st.stm32cube.ide.mcu.externaltools.gnu-tools-for-stm32.11.3.rel1.win32_1.1.100.202309141235/tools/bin/../lib/gcc/arm-none-eabi/11.3.1/thumb/v7e-m+fp/hard\libgcc.a(_arm_addsubdf3.o)
 .ARM.attributes
                0x0000000000000369       0x1e C:/ST/STM32CubeIDE_1.14.1/STM32CubeIDE/plugins/com.st.stm32cube.ide.mcu.externaltools.gnu-tools-for-stm32.11.3.rel1.win32_1.1.100.202309141235/tools/bin/../lib/gcc/arm-none-eabi/11.3.1/thumb/v7e-m+fp/hard\libgcc.a(_arm_muldivdf3.o)
 .ARM.attributes
                0x0000000000000387       0x1e C:/ST/STM32CubeIDE_1.14.1/STM32CubeIDE/plugins/com.st.stm32cube.ide.mcu.externaltools.gnu-tools-for-stm32.11.3.rel1.win32_1.1.100.202309141235/tools/bin/../lib/gcc/arm-none-eabi/11.3.1/thumb/v7e-m+fp/hard\libgcc.a(_arm_truncdfsf2.o)
 .ARM.attributes
                0x00000000000003a5       0x1e C:/ST/STM32CubeIDE_1.14.1/STM32CubeIDE/plugins/com.st.stm32cube.ide.mcu.externaltools.gnu-tools-for-stm32.11.3.rel1.win32_1.1.100.202309141235/tools/bin/../lib/gcc/arm-none-eabi/11.3.1/thumb/v7e-m+fp/hard\libgcc.a(_aeabi_uldivmod.o)
 .ARM.attributes
                0x00000000000003c3       0x34 C:/ST/STM32CubeIDE_1.14.1/STM32CubeIDE/plugins/com.st.stm32cube.ide.mcu.externaltools.gnu-tools-for-stm32.11.3.rel1.win32_1.1.100.202309141235/tools/bin/../lib/gcc/arm-none-eabi/11.3.1/thumb/v7e-m+fp/hard\libgcc.a(_udivmoddi4.o)
 .ARM.attributes
                0x00000000000003f7       0x1e C:/ST/STM32CubeIDE_1.14.1/STM32CubeIDE/plugins/com.st.stm32cube.ide.mcu.externaltools.gnu-tools-for-stm32.11.3.rel1.win32_1.1.100.202309141235/tools/bin/../lib/gcc/arm-none-eabi/11.3.1/thumb/v7e-m+fp/hard\libgcc.a(_dvmd_tls.o)
 .ARM.attributes
                0x0000000000000415       0x1e C:/ST/STM32CubeIDE_1.14.1/STM32CubeIDE/plugins/com.st.stm32cube.ide.mcu.externaltools.gnu-tools-for-stm32.11.3.rel1.win32_1.1.100.202309141235/tools/bin/../lib/gcc/arm-none-eabi/11.3.1/thumb/v7e-m+fp/hard/crtn.o
OUTPUT(Mastertest23.0.elf elf32-littlearm)
LOAD linker stubs
LOAD C:/ST/STM32CubeIDE_1.14.1/STM32CubeIDE/plugins/com.st.stm32cube.ide.mcu.externaltools.gnu-tools-for-stm32.11.3.rel1.win32_1.1.100.202309141235/tools/bin/../lib/gcc/arm-none-eabi/11.3.1/../../../../arm-none-eabi/lib/thumb/v7e-m+fp/hard\libc.a
LOAD C:/ST/STM32CubeIDE_1.14.1/STM32CubeIDE/plugins/com.st.stm32cube.ide.mcu.externaltools.gnu-tools-for-stm32.11.3.rel1.win32_1.1.100.202309141235/tools/bin/../lib/gcc/arm-none-eabi/11.3.1/../../../../arm-none-eabi/lib/thumb/v7e-m+fp/hard\libm.a
LOAD C:/ST/STM32CubeIDE_1.14.1/STM32CubeIDE/plugins/com.st.stm32cube.ide.mcu.externaltools.gnu-tools-for-stm32.11.3.rel1.win32_1.1.100.202309141235/tools/bin/../lib/gcc/arm-none-eabi/11.3.1/thumb/v7e-m+fp/hard\libgcc.a

.comment        0x0000000000000000       0x43
 .comment       0x0000000000000000       0x43 C:/ST/STM32CubeIDE_1.14.1/STM32CubeIDE/plugins/com.st.stm32cube.ide.mcu.externaltools.gnu-tools-for-stm32.11.3.rel1.win32_1.1.100.202309141235/tools/bin/../lib/gcc/arm-none-eabi/11.3.1/thumb/v7e-m+fp/hard/crtbegin.o
                                         0x44 (size before relaxing)
 .comment       0x0000000000000043       0x44 ./Core/Src/main.o
 .comment       0x0000000000000043       0x44 ./Core/Src/stm32f4xx_hal_msp.o
 .comment       0x0000000000000043       0x44 ./Core/Src/stm32f4xx_it.o
 .comment       0x0000000000000043       0x44 ./Core/Src/system_stm32f4xx.o
 .comment       0x0000000000000043       0x44 ./Drivers/STM32F4xx_HAL_Driver/Src/stm32f4xx_hal.o
 .comment       0x0000000000000043       0x44 ./Drivers/STM32F4xx_HAL_Driver/Src/stm32f4xx_hal_adc.o
 .comment       0x0000000000000043       0x44 ./Drivers/STM32F4xx_HAL_Driver/Src/stm32f4xx_hal_can.o
 .comment       0x0000000000000043       0x44 ./Drivers/STM32F4xx_HAL_Driver/Src/stm32f4xx_hal_cortex.o
 .comment       0x0000000000000043       0x44 ./Drivers/STM32F4xx_HAL_Driver/Src/stm32f4xx_hal_gpio.o
 .comment       0x0000000000000043       0x44 ./Drivers/STM32F4xx_HAL_Driver/Src/stm32f4xx_hal_rcc.o
 .comment       0x0000000000000043       0x44 ./Drivers/STM32F4xx_HAL_Driver/Src/stm32f4xx_hal_tim.o
 .comment       0x0000000000000043       0x44 ./Drivers/STM32F4xx_HAL_Driver/Src/stm32f4xx_hal_tim_ex.o

.debug_info     0x0000000000000000     0xc9be
 .debug_info    0x0000000000000000     0x2375 ./Core/Src/main.o
 .debug_info    0x0000000000002375     0x14d4 ./Core/Src/stm32f4xx_hal_msp.o
 .debug_info    0x0000000000003849      0xb7f ./Core/Src/stm32f4xx_it.o
 .debug_info    0x00000000000043c8      0x52e ./Core/Src/system_stm32f4xx.o
 .debug_info    0x00000000000048f6       0x23 ./Core/Startup/startup_stm32f429zitx.o
 .debug_info    0x0000000000004919      0x9be ./Drivers/STM32F4xx_HAL_Driver/Src/stm32f4xx_hal.o
 .debug_info    0x00000000000052d7      0xcd4 ./Drivers/STM32F4xx_HAL_Driver/Src/stm32f4xx_hal_adc.o
 .debug_info    0x0000000000005fab      0xefd ./Drivers/STM32F4xx_HAL_Driver/Src/stm32f4xx_hal_can.o
 .debug_info    0x0000000000006ea8      0xd7c ./Drivers/STM32F4xx_HAL_Driver/Src/stm32f4xx_hal_cortex.o
 .debug_info    0x0000000000007c24      0x6db ./Drivers/STM32F4xx_HAL_Driver/Src/stm32f4xx_hal_gpio.o
 .debug_info    0x00000000000082ff      0x8c9 ./Drivers/STM32F4xx_HAL_Driver/Src/stm32f4xx_hal_rcc.o
 .debug_info    0x0000000000008bc8     0x2948 ./Drivers/STM32F4xx_HAL_Driver/Src/stm32f4xx_hal_tim.o
 .debug_info    0x000000000000b510     0x14ae ./Drivers/STM32F4xx_HAL_Driver/Src/stm32f4xx_hal_tim_ex.o

.debug_abbrev   0x0000000000000000     0x1bf1
 .debug_abbrev  0x0000000000000000      0x346 ./Core/Src/main.o
 .debug_abbrev  0x0000000000000346      0x24b ./Core/Src/stm32f4xx_hal_msp.o
 .debug_abbrev  0x0000000000000591      0x1f6 ./Core/Src/stm32f4xx_it.o
 .debug_abbrev  0x0000000000000787      0x11a ./Core/Src/system_stm32f4xx.o
 .debug_abbrev  0x00000000000008a1       0x12 ./Core/Startup/startup_stm32f429zitx.o
 .debug_abbrev  0x00000000000008b3      0x213 ./Drivers/STM32F4xx_HAL_Driver/Src/stm32f4xx_hal.o
 .debug_abbrev  0x0000000000000ac6      0x252 ./Drivers/STM32F4xx_HAL_Driver/Src/stm32f4xx_hal_adc.o
 .debug_abbrev  0x0000000000000d18      0x23b ./Drivers/STM32F4xx_HAL_Driver/Src/stm32f4xx_hal_can.o
 .debug_abbrev  0x0000000000000f53      0x327 ./Drivers/STM32F4xx_HAL_Driver/Src/stm32f4xx_hal_cortex.o
 .debug_abbrev  0x000000000000127a      0x1d4 ./Drivers/STM32F4xx_HAL_Driver/Src/stm32f4xx_hal_gpio.o
 .debug_abbrev  0x000000000000144e      0x2b6 ./Drivers/STM32F4xx_HAL_Driver/Src/stm32f4xx_hal_rcc.o
 .debug_abbrev  0x0000000000001704      0x271 ./Drivers/STM32F4xx_HAL_Driver/Src/stm32f4xx_hal_tim.o
 .debug_abbrev  0x0000000000001975      0x27c ./Drivers/STM32F4xx_HAL_Driver/Src/stm32f4xx_hal_tim_ex.o

.debug_aranges  0x0000000000000000      0xc80
 .debug_aranges
                0x0000000000000000       0xd8 ./Core/Src/main.o
 .debug_aranges
                0x00000000000000d8       0x50 ./Core/Src/stm32f4xx_hal_msp.o
 .debug_aranges
                0x0000000000000128       0xb8 ./Core/Src/stm32f4xx_it.o
 .debug_aranges
                0x00000000000001e0       0x28 ./Core/Src/system_stm32f4xx.o
 .debug_aranges
                0x0000000000000208       0x28 ./Core/Startup/startup_stm32f429zitx.o
 .debug_aranges
                0x0000000000000230      0x100 ./Drivers/STM32F4xx_HAL_Driver/Src/stm32f4xx_hal.o
 .debug_aranges
                0x0000000000000330       0xe8 ./Drivers/STM32F4xx_HAL_Driver/Src/stm32f4xx_hal_adc.o
 .debug_aranges
                0x0000000000000418      0x138 ./Drivers/STM32F4xx_HAL_Driver/Src/stm32f4xx_hal_can.o
 .debug_aranges
                0x0000000000000550      0x118 ./Drivers/STM32F4xx_HAL_Driver/Src/stm32f4xx_hal_cortex.o
 .debug_aranges
                0x0000000000000668       0x58 ./Drivers/STM32F4xx_HAL_Driver/Src/stm32f4xx_hal_gpio.o
 .debug_aranges
                0x00000000000006c0       0x88 ./Drivers/STM32F4xx_HAL_Driver/Src/stm32f4xx_hal_rcc.o
 .debug_aranges
                0x0000000000000748      0x3d0 ./Drivers/STM32F4xx_HAL_Driver/Src/stm32f4xx_hal_tim.o
 .debug_aranges
                0x0000000000000b18      0x168 ./Drivers/STM32F4xx_HAL_Driver/Src/stm32f4xx_hal_tim_ex.o

.debug_rnglists
                0x0000000000000000      0x9af
 .debug_rnglists
                0x0000000000000000       0xab ./Core/Src/main.o
 .debug_rnglists
                0x00000000000000ab       0x3c ./Core/Src/stm32f4xx_hal_msp.o
 .debug_rnglists
                0x00000000000000e7       0x85 ./Core/Src/stm32f4xx_it.o
 .debug_rnglists
                0x000000000000016c       0x1a ./Core/Src/system_stm32f4xx.o
 .debug_rnglists
                0x0000000000000186       0x19 ./Core/Startup/startup_stm32f429zitx.o
 .debug_rnglists
                0x000000000000019f       0xbb ./Drivers/STM32F4xx_HAL_Driver/Src/stm32f4xx_hal.o
 .debug_rnglists
                0x000000000000025a       0xb5 ./Drivers/STM32F4xx_HAL_Driver/Src/stm32f4xx_hal_adc.o
 .debug_rnglists
                0x000000000000030f       0xee ./Drivers/STM32F4xx_HAL_Driver/Src/stm32f4xx_hal_can.o
 .debug_rnglists
                0x00000000000003fd       0xce ./Drivers/STM32F4xx_HAL_Driver/Src/stm32f4xx_hal_cortex.o
 .debug_rnglists
                0x00000000000004cb       0x3f ./Drivers/STM32F4xx_HAL_Driver/Src/stm32f4xx_hal_gpio.o
 .debug_rnglists
                0x000000000000050a       0x66 ./Drivers/STM32F4xx_HAL_Driver/Src/stm32f4xx_hal_rcc.o
 .debug_rnglists
                0x0000000000000570      0x31a ./Drivers/STM32F4xx_HAL_Driver/Src/stm32f4xx_hal_tim.o
 .debug_rnglists
                0x000000000000088a      0x125 ./Drivers/STM32F4xx_HAL_Driver/Src/stm32f4xx_hal_tim_ex.o

.debug_macro    0x0000000000000000    0x2481e
 .debug_macro   0x0000000000000000      0x2f9 ./Core/Src/main.o
 .debug_macro   0x00000000000002f9      0xaa8 ./Core/Src/main.o
 .debug_macro   0x0000000000000da1      0x2a1 ./Core/Src/main.o
 .debug_macro   0x0000000000001042       0x2e ./Core/Src/main.o
 .debug_macro   0x0000000000001070       0x28 ./Core/Src/main.o
 .debug_macro   0x0000000000001098       0x22 ./Core/Src/main.o
 .debug_macro   0x00000000000010ba       0x8e ./Core/Src/main.o
 .debug_macro   0x0000000000001148       0x51 ./Core/Src/main.o
 .debug_macro   0x0000000000001199      0x103 ./Core/Src/main.o
 .debug_macro   0x000000000000129c       0x6a ./Core/Src/main.o
 .debug_macro   0x0000000000001306      0x1df ./Core/Src/main.o
 .debug_macro   0x00000000000014e5       0x1c ./Core/Src/main.o
 .debug_macro   0x0000000000001501       0x22 ./Core/Src/main.o
 .debug_macro   0x0000000000001523       0xd9 ./Core/Src/main.o
 .debug_macro   0x00000000000015fc     0x102d ./Core/Src/main.o
 .debug_macro   0x0000000000002629      0x11f ./Core/Src/main.o
 .debug_macro   0x0000000000002748    0x17fc0 ./Core/Src/main.o
 .debug_macro   0x000000000001a708       0x6d ./Core/Src/main.o
 .debug_macro   0x000000000001a775     0x36f5 ./Core/Src/main.o
 .debug_macro   0x000000000001de6a      0x174 ./Core/Src/main.o
 .debug_macro   0x000000000001dfde       0x5c ./Core/Src/main.o
 .debug_macro   0x000000000001e03a      0xca5 ./Core/Src/main.o
 .debug_macro   0x000000000001ecdf      0x9fe ./Core/Src/main.o
 .debug_macro   0x000000000001f6dd      0x115 ./Core/Src/main.o
 .debug_macro   0x000000000001f7f2      0x156 ./Core/Src/main.o
 .debug_macro   0x000000000001f948       0xa5 ./Core/Src/main.o
 .debug_macro   0x000000000001f9ed      0x182 ./Core/Src/main.o
 .debug_macro   0x000000000001fb6f      0x287 ./Core/Src/main.o
 .debug_macro   0x000000000001fdf6       0x5f ./Core/Src/main.o
 .debug_macro   0x000000000001fe55      0x236 ./Core/Src/main.o
 .debug_macro   0x000000000002008b      0xb54 ./Core/Src/main.o
 .debug_macro   0x0000000000020bdf      0x38b ./Core/Src/main.o
 .debug_macro   0x0000000000020f6a      0x184 ./Core/Src/main.o
 .debug_macro   0x00000000000210ee       0xf9 ./Core/Src/main.o
 .debug_macro   0x00000000000211e7      0x40f ./Core/Src/main.o
 .debug_macro   0x00000000000215f6      0x132 ./Core/Src/main.o
 .debug_macro   0x0000000000021728      0x41d ./Core/Src/main.o
 .debug_macro   0x0000000000021b45       0x2e ./Core/Src/main.o
 .debug_macro   0x0000000000021b73      0x11a ./Core/Src/main.o
 .debug_macro   0x0000000000021c8d       0xe2 ./Core/Src/main.o
 .debug_macro   0x0000000000021d6f       0x89 ./Core/Src/main.o
 .debug_macro   0x0000000000021df8      0x8e6 ./Core/Src/main.o
 .debug_macro   0x00000000000226de       0x47 ./Core/Src/main.o
 .debug_macro   0x0000000000022725      0x134 ./Core/Src/main.o
 .debug_macro   0x0000000000022859       0x28 ./Core/Src/main.o
 .debug_macro   0x0000000000022881       0x61 ./Core/Src/main.o
 .debug_macro   0x00000000000228e2       0x2a ./Core/Src/main.o
 .debug_macro   0x000000000002290c       0x43 ./Core/Src/main.o
 .debug_macro   0x000000000002294f       0x34 ./Core/Src/main.o
 .debug_macro   0x0000000000022983       0x16 ./Core/Src/main.o
 .debug_macro   0x0000000000022999       0x35 ./Core/Src/main.o
 .debug_macro   0x00000000000229ce      0x369 ./Core/Src/main.o
 .debug_macro   0x0000000000022d37       0x10 ./Core/Src/main.o
 .debug_macro   0x0000000000022d47       0x16 ./Core/Src/main.o
 .debug_macro   0x0000000000022d5d       0x43 ./Core/Src/main.o
 .debug_macro   0x0000000000022da0       0x34 ./Core/Src/main.o
 .debug_macro   0x0000000000022dd4       0x10 ./Core/Src/main.o
 .debug_macro   0x0000000000022de4       0x58 ./Core/Src/main.o
 .debug_macro   0x0000000000022e3c       0x8e ./Core/Src/main.o
 .debug_macro   0x0000000000022eca       0x1c ./Core/Src/main.o
 .debug_macro   0x0000000000022ee6      0x177 ./Core/Src/main.o
 .debug_macro   0x000000000002305d       0x16 ./Core/Src/main.o
 .debug_macro   0x0000000000023073       0x16 ./Core/Src/main.o
 .debug_macro   0x0000000000023089      0x147 ./Core/Src/main.o
 .debug_macro   0x00000000000231d0      0x205 ./Core/Src/stm32f4xx_hal_msp.o
 .debug_macro   0x00000000000233d5      0x20f ./Core/Src/stm32f4xx_it.o
 .debug_macro   0x00000000000235e4      0x1f6 ./Core/Src/system_stm32f4xx.o
 .debug_macro   0x00000000000237da      0x256 ./Drivers/STM32F4xx_HAL_Driver/Src/stm32f4xx_hal.o
 .debug_macro   0x0000000000023a30      0x1f7 ./Drivers/STM32F4xx_HAL_Driver/Src/stm32f4xx_hal_adc.o
 .debug_macro   0x0000000000023c27      0x1fe ./Drivers/STM32F4xx_HAL_Driver/Src/stm32f4xx_hal_can.o
 .debug_macro   0x0000000000023e25      0x1f6 ./Drivers/STM32F4xx_HAL_Driver/Src/stm32f4xx_hal_cortex.o
 .debug_macro   0x000000000002401b      0x1fc ./Drivers/STM32F4xx_HAL_Driver/Src/stm32f4xx_hal_gpio.o
 .debug_macro   0x0000000000024217      0x21a ./Drivers/STM32F4xx_HAL_Driver/Src/stm32f4xx_hal_rcc.o
 .debug_macro   0x0000000000024431      0x1f7 ./Drivers/STM32F4xx_HAL_Driver/Src/stm32f4xx_hal_tim.o
 .debug_macro   0x0000000000024628      0x1f6 ./Drivers/STM32F4xx_HAL_Driver/Src/stm32f4xx_hal_tim_ex.o

.debug_line     0x0000000000000000     0xd97d
 .debug_line    0x0000000000000000     0x1579 ./Core/Src/main.o
 .debug_line    0x0000000000001579      0x978 ./Core/Src/stm32f4xx_hal_msp.o
 .debug_line    0x0000000000001ef1      0x95f ./Core/Src/stm32f4xx_it.o
 .debug_line    0x0000000000002850      0x816 ./Core/Src/system_stm32f4xx.o
 .debug_line    0x0000000000003066       0x7a ./Core/Startup/startup_stm32f429zitx.o
 .debug_line    0x00000000000030e0      0xab2 ./Drivers/STM32F4xx_HAL_Driver/Src/stm32f4xx_hal.o
 .debug_line    0x0000000000003b92     0x12ec ./Drivers/STM32F4xx_HAL_Driver/Src/stm32f4xx_hal_adc.o
 .debug_line    0x0000000000004e7e     0x11e8 ./Drivers/STM32F4xx_HAL_Driver/Src/stm32f4xx_hal_can.o
 .debug_line    0x0000000000006066      0xd2b ./Drivers/STM32F4xx_HAL_Driver/Src/stm32f4xx_hal_cortex.o
 .debug_line    0x0000000000006d91      0xc18 ./Drivers/STM32F4xx_HAL_Driver/Src/stm32f4xx_hal_gpio.o
 .debug_line    0x00000000000079a9      0xdf3 ./Drivers/STM32F4xx_HAL_Driver/Src/stm32f4xx_hal_rcc.o
 .debug_line    0x000000000000879c     0x3768 ./Drivers/STM32F4xx_HAL_Driver/Src/stm32f4xx_hal_tim.o
 .debug_line    0x000000000000bf04     0x1a79 ./Drivers/STM32F4xx_HAL_Driver/Src/stm32f4xx_hal_tim_ex.o

.debug_str      0x0000000000000000    0xe6559
 .debug_str     0x0000000000000000    0xe3702 ./Core/Src/main.o
                                      0xe3ada (size before relaxing)
 .debug_str     0x00000000000e3702      0x659 ./Core/Src/stm32f4xx_hal_msp.o
                                      0xdffd7 (size before relaxing)
 .debug_str     0x00000000000e3d5b      0x1bd ./Core/Src/stm32f4xx_it.o
                                      0xdf864 (size before relaxing)
 .debug_str     0x00000000000e3f18       0xdb ./Core/Src/system_stm32f4xx.o
                                      0xdf060 (size before relaxing)
 .debug_str     0x00000000000e3ff3       0x34 ./Core/Startup/startup_stm32f429zitx.o
                                         0x77 (size before relaxing)
 .debug_str     0x00000000000e4027      0x652 ./Drivers/STM32F4xx_HAL_Driver/Src/stm32f4xx_hal.o
                                      0xdfc83 (size before relaxing)
 .debug_str     0x00000000000e4679      0x28d ./Drivers/STM32F4xx_HAL_Driver/Src/stm32f4xx_hal_adc.o
                                      0xdf63a (size before relaxing)
 .debug_str     0x00000000000e4906      0x3b9 ./Drivers/STM32F4xx_HAL_Driver/Src/stm32f4xx_hal_can.o
                                      0xdf739 (size before relaxing)
 .debug_str     0x00000000000e4cbf      0x32b ./Drivers/STM32F4xx_HAL_Driver/Src/stm32f4xx_hal_cortex.o
                                      0xdf968 (size before relaxing)
 .debug_str     0x00000000000e4fea       0xf8 ./Drivers/STM32F4xx_HAL_Driver/Src/stm32f4xx_hal_gpio.o
                                      0xdf1db (size before relaxing)
 .debug_str     0x00000000000e50e2      0x233 ./Drivers/STM32F4xx_HAL_Driver/Src/stm32f4xx_hal_rcc.o
                                      0xdf494 (size before relaxing)
 .debug_str     0x00000000000e5315      0xdb1 ./Drivers/STM32F4xx_HAL_Driver/Src/stm32f4xx_hal_tim.o
                                      0xe03c7 (size before relaxing)
 .debug_str     0x00000000000e60c6      0x493 ./Drivers/STM32F4xx_HAL_Driver/Src/stm32f4xx_hal_tim_ex.o
                                      0xdfbe3 (size before relaxing)

.debug_frame    0x0000000000000000     0x35ec
 .debug_frame   0x0000000000000000      0x35c ./Core/Src/main.o
 .debug_frame   0x000000000000035c      0x110 ./Core/Src/stm32f4xx_hal_msp.o
 .debug_frame   0x000000000000046c      0x238 ./Core/Src/stm32f4xx_it.o
 .debug_frame   0x00000000000006a4       0x58 ./Core/Src/system_stm32f4xx.o
 .debug_frame   0x00000000000006fc      0x3b4 ./Drivers/STM32F4xx_HAL_Driver/Src/stm32f4xx_hal.o
 .debug_frame   0x0000000000000ab0      0x3fc ./Drivers/STM32F4xx_HAL_Driver/Src/stm32f4xx_hal_adc.o
 .debug_frame   0x0000000000000eac      0x5a0 ./Drivers/STM32F4xx_HAL_Driver/Src/stm32f4xx_hal_can.o
 .debug_frame   0x000000000000144c      0x498 ./Drivers/STM32F4xx_HAL_Driver/Src/stm32f4xx_hal_cortex.o
 .debug_frame   0x00000000000018e4      0x14c ./Drivers/STM32F4xx_HAL_Driver/Src/stm32f4xx_hal_gpio.o
 .debug_frame   0x0000000000001a30      0x1f4 ./Drivers/STM32F4xx_HAL_Driver/Src/stm32f4xx_hal_rcc.o
 .debug_frame   0x0000000000001c24     0x11c4 ./Drivers/STM32F4xx_HAL_Driver/Src/stm32f4xx_hal_tim.o
 .debug_frame   0x0000000000002de8      0x638 ./Drivers/STM32F4xx_HAL_Driver/Src/stm32f4xx_hal_tim_ex.o
 .debug_frame   0x0000000000003420       0x20 C:/ST/STM32CubeIDE_1.14.1/STM32CubeIDE/plugins/com.st.stm32cube.ide.mcu.externaltools.gnu-tools-for-stm32.11.3.rel1.win32_1.1.100.202309141235/tools/bin/../lib/gcc/arm-none-eabi/11.3.1/../../../../arm-none-eabi/lib/thumb/v7e-m+fp/hard\libc_nano.a(libc_a-memset.o)
 .debug_frame   0x0000000000003440       0x2c C:/ST/STM32CubeIDE_1.14.1/STM32CubeIDE/plugins/com.st.stm32cube.ide.mcu.externaltools.gnu-tools-for-stm32.11.3.rel1.win32_1.1.100.202309141235/tools/bin/../lib/gcc/arm-none-eabi/11.3.1/../../../../arm-none-eabi/lib/thumb/v7e-m+fp/hard\libc_nano.a(libc_a-init.o)
 .debug_frame   0x000000000000346c       0xac C:/ST/STM32CubeIDE_1.14.1/STM32CubeIDE/plugins/com.st.stm32cube.ide.mcu.externaltools.gnu-tools-for-stm32.11.3.rel1.win32_1.1.100.202309141235/tools/bin/../lib/gcc/arm-none-eabi/11.3.1/thumb/v7e-m+fp/hard\libgcc.a(_arm_addsubdf3.o)
 .debug_frame   0x0000000000003518       0x50 C:/ST/STM32CubeIDE_1.14.1/STM32CubeIDE/plugins/com.st.stm32cube.ide.mcu.externaltools.gnu-tools-for-stm32.11.3.rel1.win32_1.1.100.202309141235/tools/bin/../lib/gcc/arm-none-eabi/11.3.1/thumb/v7e-m+fp/hard\libgcc.a(_arm_muldivdf3.o)
 .debug_frame   0x0000000000003568       0x24 C:/ST/STM32CubeIDE_1.14.1/STM32CubeIDE/plugins/com.st.stm32cube.ide.mcu.externaltools.gnu-tools-for-stm32.11.3.rel1.win32_1.1.100.202309141235/tools/bin/../lib/gcc/arm-none-eabi/11.3.1/thumb/v7e-m+fp/hard\libgcc.a(_arm_truncdfsf2.o)
 .debug_frame   0x000000000000358c       0x2c C:/ST/STM32CubeIDE_1.14.1/STM32CubeIDE/plugins/com.st.stm32cube.ide.mcu.externaltools.gnu-tools-for-stm32.11.3.rel1.win32_1.1.100.202309141235/tools/bin/../lib/gcc/arm-none-eabi/11.3.1/thumb/v7e-m+fp/hard\libgcc.a(_aeabi_uldivmod.o)
 .debug_frame   0x00000000000035b8       0x34 C:/ST/STM32CubeIDE_1.14.1/STM32CubeIDE/plugins/com.st.stm32cube.ide.mcu.externaltools.gnu-tools-for-stm32.11.3.rel1.win32_1.1.100.202309141235/tools/bin/../lib/gcc/arm-none-eabi/11.3.1/thumb/v7e-m+fp/hard\libgcc.a(_udivmoddi4.o)

.debug_line_str
                0x0000000000000000       0x6b
 .debug_line_str
                0x0000000000000000       0x6b ./Core/Startup/startup_stm32f429zitx.o
                                         0x83 (size before relaxing)
