../Core/Src/main.c:95:5:main	8	static
../Core/Src/main.c:177:6:SystemClock_Config	88	static
../Core/Src/main.c:219:13:MX_CAN1_Init	8	static
../Core/Src/main.c:256:13:MX_CAN2_Init	8	static
../Core/Src/main.c:293:13:MX_DAC_Init	16	static
../Core/Src/main.c:340:13:MX_GPIO_Init	56	static
../Core/Src/main.c:421:6:CAN_Start	88	static
../Core/Src/main.c:483:6:CAN_Tx	56	static
../Core/Src/main.c:496:6:HAL_CAN_RxFifo0MsgPendingCallback	48	static
../Core/Src/main.c:589:7:map	16	static
../Core/Src/main.c:607:6:Error_Handler	4	static,ignoring_inline_asm
